Microchip MPLAB XC8 Compiler V1.44 ()

Linker command line:

--edf=C:\Program Files (x86)\Microchip\xc8\v1.44\dat\en_msgs.txt -cs \
  -h+dist/default/production\UT.X_-_Funcionando.production.sym \
  --cmf=dist/default/production\UT.X_-_Funcionando.production.cmf -z \
  -Q18F4550 -oC:\Users\1622812\AppData\Local\Temp\s474.2 \
  -Mdist/default/production/UT.X_-_Funcionando.production.map -E1 -ver=XC8 \
  -ASTACK=039Dh-03ffh -pstack=STACK -ACODE=00h-07FFFh -ACONST=00h-07FFFh \
  -ASMALLCONST=0800h-08FFhx120 -AMEDIUMCONST=0800h-07FFFh -ACOMRAM=01h-05Fh \
  -AABS1=00h-07FFh -ABIGRAM=01h-07FFh -ARAM=060h-0FFh,0100h-01FFhx7 \
  -ABANK0=060h-0FFh -ABANK1=0100h-01FFh -ABANK2=0200h-02FFh \
  -ABANK3=0300h-03FFh -ABANK4=0400h-04FFh -ABANK5=0500h-05FFh \
  -ABANK6=0600h-06FFh -ABANK7=0700h-07FFh -ASFR=0F60h-0FFFh \
  -preset_vec=00h,intcode=08h,intcodelo,powerup,init -pramtop=0800h \
  -psmallconst=SMALLCONST -pmediumconst=MEDIUMCONST -pconst=CONST \
  -AFARRAM=00h-00h -ACONFIG=0300000h-030000Dh -pconfig=CONFIG \
  -AIDLOC=0200000h-0200007h -pidloc=IDLOC -AEEDATA=0F00000h-0F000FFh \
  -peeprom_data=EEDATA \
  -prdata=COMRAM,nvrram=COMRAM,nvbit=COMRAM,rbss=COMRAM,rbit=COMRAM \
  -pfarbss=FARRAM,fardata=FARRAM,nvFARRAM=FARRAM \
  -pintsave_regs=BIGRAM,bigbss=BIGRAM,bigdata=BIGRAM -pbss=RAM \
  -pidata=CODE,irdata=CODE,ibigdata=CODE,ifardata=CODE -prparam=COMRAM \
  C:\Users\1622812\AppData\Local\Temp\s474.obj \
  dist/default/production\UT.X_-_Funcionando.production.obj 

Object code version is 3.11

Machine type is 18F4550

Call graph: (short form)




                Name                               Link     Load   Length Selector   Space Scale
C:\Users\1622812\AppData\Local\Temp\s474.obj
                init                                  E        E        4        4       0
                reset_vec                             0        0        4        0       0
                idloc                            200000   200000        8   200000       0
                config                           300000   300000        E   300000       0
dist/default/production\UT.X_-_Funcionando.production.obj
                intcode                               8        8        6        4       0
                temp                                 5F       5F        1        1       1
                mediumconst                        7BD2     7BD2      42E     3DE9       0
                text98                             3836     3836       D4        4       0
                text97                             3B6E     3B6E       BC        4       0
                text96                             3AAA     3AAA       C4        4       0
                text95                             2CE4     2CE4      10C        4       0
                text94                             4818     4818       5E        4       0
                text93                             40B0     40B0       94        4       0
                text92                             4E8A     4E8A       3C        4       0
                text91                             2EF6     2EF6      102        4       0
                text90                             4754     4754       66        4       0
                text89                             3CDA     3CDA       AE        4       0
                text88                             48D2     48D2       5C        4       0
                text87                             18D2     18D2      284        4       0
                text86                             283C     283C      12E        4       0
                text85                             3E32     3E32       AA        4       0
                text84                             5086     5086       2C     2815       0
                text83                             3758     3758       DE        4       0
                text82                             3596     3596       E2        4       0
                text81                             3F7C     3F7C       9E        4       0
                text80                             2FF8     2FF8       FC        4       0
                text79                             41D6     41D6       92        4       0
                text78                             4C46     4C46       44        4       0
                text77                             401A     401A       96        4       0
                text76                             516E     516E       20     2815       0
                text75                             4D0E     4D0E       42        4       0
                text74                             5058     5058       2E     2815       0
                text73                             4F00     4F00       36        4       0
                text72                             249C     249C      13E        4       0
                text71                             270E     270E      12E        4       0
                text70                             5126     5126       26     2815       0
                text69                             4B74     4B74       48        4       0
                text68                             502A     502A       2E     2815       0
                text67                             4512     4512       82        4       0
                text66                             51BA     51BA       14     2815       0
                text65                             4408     4408       86        4       0
                text64                             4A8A     4A8A       52        4       0
                text63                             163C     163C      296        4       0
                intcode_body                       1FF6     1FF6      1B6        4       0
                text61                             4FCA     4FCA       30        4       0
                text60                             235A     235A      142        4       0
                text59                             467A     467A       72        4       0
                text58                             4E10     4E10       3E        4       0
                text57                             42F6     42F6       8C        4       0
                text56                             4144     4144       92        4       0
                text55                             5100     5100       26     2815       0
                text54                             3C2A     3C2A       B0        4       0
                text53                             21AC     21AC      1AE        4       0
                text52                             4CCC     4CCC       42        4       0
                text51                             30F4     30F4       F8        4       0
                text50                             448E     448E       84        4       0
                text49                             46EC     46EC       68        4       0
                text48                             47BA     47BA       5E        4       0
                text47                             2A96     2A96      12A        4       0
                text46                             25DA     25DA      134        4       0
                text45                             4382     4382       86        4       0
                text44                             31EC     31EC       F6        4       0
                text43                             50B2     50B2       28     2815       0
                text42                             1B56     1B56      270        4       0
                text41                             514C     514C       22     2815       0
                text40                              E3A      E3A      438        4       0
                text39                               12       12      E28        4       0
                text38                             4BBC     4BBC       46        4       0
                text37                             4A34     4A34       56        4       0
                text36                             4E4E     4E4E       3C        4       0
                text35                             50DA     50DA       26     2815       0
                text34                             2DF0     2DF0      106        4       0
                text33                             2BC0     2BC0      124        4       0
                text32                             4F36     4F36       34        4       0
                text31                             51EC     51EC        E     2815       0
                text30                             4F9A     4F9A       30        4       0
                text29                             4608     4608       72        4       0
                text28                             4DD0     4DD0       40        4       0
                text27                             51A6     51A6       14     2815       0
                text26                             4EC6     4EC6       3A        4       0
                text25                             33CC     33CC       E8        4       0
                text24                             296A     296A      12C        4       0
                text23                             3678     3678       E0        4       0
                text22                             4ADC     4ADC       50        4       0
                text21                             4594     4594       74        4       0
                text20                             518E     518E       18     2815       0
                text19                             4268     4268       8E        4       0
                text18                             4986     4986       58        4       0
                text17                             4876     4876       5C        4       0
                text16                             51DE     51DE        E     2815       0
                text15                             39DA     39DA       D0        4       0
                text14                             4C8A     4C8A       42        4       0
                text13                             1DC6     1DC6      230        4       0
                text12                             32E2     32E2       EA        4       0
                text11                             4D90     4D90       40        4       0
                text10                             390A     390A       D0        4       0
                text9                              4B2C     4B2C       48        4       0
                text8                              4F6A     4F6A       30        4       0
                text7                              492E     492E       58        4       0
                text6                              4C02     4C02       44        4       0
                text5                              51CE     51CE       10     2815       0
                text4                              4D50     4D50       40        4       0
                text3                              3D88     3D88       AA        4       0
                text2                              3EDC     3EDC       A0        4       0
                text1                              49DE     49DE       56        4       0
                text0                              1272     1272      3CA        4       0
                cstackCOMRAM                          1        1       37        1       1
                cstackBANK0                          60       60       99       60       1
                cstackBANK1                         100      100       84      100       1
                cstackBANK2                         200      200       BF      200       1
                bssBIGRAMl                          6C8      6C8      12C      6C8       1
                bssBANK6                            600      600       C8      600       1
                bssBANK5                            580      580       64      580       1
                bssBANK4                            440      440       64      440       1
                dataBANK3                           36E      36E       2F      300       1
                bssBANK3                            300      300       6E      300       1
                dataBANK2                           2EE      2EE        B      200       1
                bssBANK2                            2BF      2BF       2F      200       1
                dataBANK1                           1FA      1FA        5      100       1
                bssBANK1                            184      184       76      100       1
                bssBANK0                             F9       F9        7       60       1
                bssCOMRAM                            38       38       27        1       1
                cinit                              34B4     34B4       E2        4       0
                idataBANK3                         4FFA     4FFA       2F        4       0
                idataBANK2                         51FA     51FA        B     2815       0
                idataBANK1                         5205     5205        5     2815       0

TOTAL           Name                               Link     Load   Length     Space
        CLASS   STACK          

        CLASS   CODE           
                intcode                               8        8        6         0
                init                                  E        E        4         0
                reset_vec                             0        0        4         0
                text98                             3836     3836       D4         0
                text97                             3B6E     3B6E       BC         0
                text96                             3AAA     3AAA       C4         0
                text95                             2CE4     2CE4      10C         0
                text94                             4818     4818       5E         0
                text93                             40B0     40B0       94         0
                text92                             4E8A     4E8A       3C         0
                text91                             2EF6     2EF6      102         0
                text90                             4754     4754       66         0
                text89                             3CDA     3CDA       AE         0
                text88                             48D2     48D2       5C         0
                text87                             18D2     18D2      284         0
                text86                             283C     283C      12E         0
                text85                             3E32     3E32       AA         0
                text84                             5086     5086       2C         0
                text83                             3758     3758       DE         0
                text82                             3596     3596       E2         0
                text81                             3F7C     3F7C       9E         0
                text80                             2FF8     2FF8       FC         0
                text79                             41D6     41D6       92         0
                text78                             4C46     4C46       44         0
                text77                             401A     401A       96         0
                text76                             516E     516E       20         0
                text75                             4D0E     4D0E       42         0
                text74                             5058     5058       2E         0
                text73                             4F00     4F00       36         0
                text72                             249C     249C      13E         0
                text71                             270E     270E      12E         0
                text70                             5126     5126       26         0
                text69                             4B74     4B74       48         0
                text68                             502A     502A       2E         0
                text67                             4512     4512       82         0
                text66                             51BA     51BA       14         0
                text65                             4408     4408       86         0
                text64                             4A8A     4A8A       52         0
                text63                             163C     163C      296         0
                intcode_body                       1FF6     1FF6      1B6         0
                text61                             4FCA     4FCA       30         0
                text60                             235A     235A      142         0
                text59                             467A     467A       72         0
                text58                             4E10     4E10       3E         0
                text57                             42F6     42F6       8C         0
                text56                             4144     4144       92         0
                text55                             5100     5100       26         0
                text54                             3C2A     3C2A       B0         0
                text53                             21AC     21AC      1AE         0
                text52                             4CCC     4CCC       42         0
                text51                             30F4     30F4       F8         0
                text50                             448E     448E       84         0
                text49                             46EC     46EC       68         0
                text48                             47BA     47BA       5E         0
                text47                             2A96     2A96      12A         0
                text46                             25DA     25DA      134         0
                text45                             4382     4382       86         0
                text44                             31EC     31EC       F6         0
                text43                             50B2     50B2       28         0
                text42                             1B56     1B56      270         0
                text41                             514C     514C       22         0
                text40                              E3A      E3A      438         0
                text39                               12       12      E28         0
                text38                             4BBC     4BBC       46         0
                text37                             4A34     4A34       56         0
                text36                             4E4E     4E4E       3C         0
                text35                             50DA     50DA       26         0
                text34                             2DF0     2DF0      106         0
                text33                             2BC0     2BC0      124         0
                text32                             4F36     4F36       34         0
                text31                             51EC     51EC        E         0
                text30                             4F9A     4F9A       30         0
                text29                             4608     4608       72         0
                text28                             4DD0     4DD0       40         0
                text27                             51A6     51A6       14         0
                text26                             4EC6     4EC6       3A         0
                text25                             33CC     33CC       E8         0
                text24                             296A     296A      12C         0
                text23                             3678     3678       E0         0
                text22                             4ADC     4ADC       50         0
                text21                             4594     4594       74         0
                text20                             518E     518E       18         0
                text19                             4268     4268       8E         0
                text18                             4986     4986       58         0
                text17                             4876     4876       5C         0
                text16                             51DE     51DE        E         0
                text15                             39DA     39DA       D0         0
                text14                             4C8A     4C8A       42         0
                text13                             1DC6     1DC6      230         0
                text12                             32E2     32E2       EA         0
                text11                             4D90     4D90       40         0
                text10                             390A     390A       D0         0
                text9                              4B2C     4B2C       48         0
                text8                              4F6A     4F6A       30         0
                text7                              492E     492E       58         0
                text6                              4C02     4C02       44         0
                text5                              51CE     51CE       10         0
                text4                              4D50     4D50       40         0
                text3                              3D88     3D88       AA         0
                text2                              3EDC     3EDC       A0         0
                text1                              49DE     49DE       56         0
                text0                              1272     1272      3CA         0
                cinit                              34B4     34B4       E2         0
                idataBANK3                         4FFA     4FFA       2F         0
                idataBANK2                         51FA     51FA        B         0
                idataBANK1                         5205     5205        5         0

        CLASS   CONST          

        CLASS   SMALLCONST     

        CLASS   MEDIUMCONST    
                mediumconst                        7BD2     7BD2      42E         0

        CLASS   COMRAM         
                temp                                 5F       5F        1         1
                cstackCOMRAM                          1        1       37         1
                bssCOMRAM                            38       38       27         1

        CLASS   ABS1           
                abs_s1                              400      400       40         1
                abs_s1                              500      500       80         1

        CLASS   BIGRAM         
                bssBIGRAMl                          6C8      6C8      12C         1

        CLASS   RAM            

        CLASS   BANK0          
                cstackBANK0                          60       60       99         1
                bssBANK0                             F9       F9        7         1

        CLASS   BANK1          
                cstackBANK1                         100      100       84         1
                dataBANK1                           1FA      1FA        5         1
                bssBANK1                            184      184       76         1

        CLASS   BANK2          
                cstackBANK2                         200      200       BF         1
                dataBANK2                           2EE      2EE        B         1
                bssBANK2                            2BF      2BF       2F         1

        CLASS   BANK3          
                dataBANK3                           36E      36E       2F         1
                bssBANK3                            300      300       6E         1

        CLASS   BANK4          
                bssBANK4                            440      440       64         1

        CLASS   BANK5          
                bssBANK5                            580      580       64         1

        CLASS   BANK6          
                bssBANK6                            600      600       C8         1

        CLASS   BANK7          

        CLASS   SFR            

        CLASS   FARRAM         

        CLASS   CONFIG         
                config                           300000   300000        E         0

        CLASS   IDLOC          
                idloc                            200000   200000        8         0

        CLASS   EEDATA         



SEGMENTS        Name                           Load    Length   Top    Selector   Space  Class

                reset_vec                      000000  000004  000004         0       0  CODE    
                cstackCOMRAM                   000001  00005F  000060         1       1  COMRAM  
                intcode                        000008  005021  005029         4       0  CODE    
                cstackBANK0                    000060  0000A0  000100        60       1  BANK0   
                cstackBANK1                    000100  0000FF  0001FF       100       1  BANK1   
                cstackBANK2                    000200  0000F9  0002F9       200       1  BANK2   
                bssBANK3                       000300  00009D  00039D       300       1  BANK3   
                bssBANK4                       000440  000064  0004A4       440       1  BANK4   
                bssBANK5                       000580  000064  0005E4       580       1  BANK5   
                bssBANK6                       000600  0000C8  0006C8       600       1  BANK6   
                bssBIGRAMl                     0006C8  00012C  0007F4       6C8       1  BIGRAM  
                text68                         00502A  0001E0  00520A      2815       0  CODE    
                mediumconst                    007BD2  00042E  008000      3DE9       0  MEDIUMCO
                idloc                          200000  000008  200008    200000       0  IDLOC   
                config                         300000  00000E  30000E    300000       0  CONFIG  


UNUSED ADDRESS RANGES

        Name                Unused          Largest block    Delta
        BANK1            0001FF-0001FF                1
        BANK2            0002F9-0002FF                7
        BANK3            00039D-0003FF               63
        BANK4            0004A4-0004FF               5C
        BANK5            0005E4-0005FF               1C
        BANK7            0007F4-0007FF                C
        BIGRAM           0001FF-0001FF                1
                         0002F9-0002FF                7
                         00039D-0003FF               63
                         0004A4-0004FF               5C
                         0005E4-0005FF               1C
                         0007F4-0007FF                C
        CODE             000004-000007                4
                         005029-005029                1
                         00520A-007BD1             29C8
        CONST            000004-000007                4
                         005029-005029                1
                         00520A-007BD1             29C8
        EEDATA           F00000-F000FF              100
        MEDIUMCONST      005029-005029                1
                         00520A-007BD1             29C8
        RAM              0001FF-0001FF                1
                         0002F9-0002FF                7
                         00039D-0003FF               63
                         0004A4-0004FF               5C
                         0005E4-0005FF               1C
                         0007F4-0007FF                C
        SFR              000F60-000FFF               A0
        SMALLCONST       005029-005029                1
                         00520A-007BD1              100
        STACK            00039D-0003FF               63

                                  Symbol Table

?_USBTransferOnePacket                    cstackBANK0  000060
?___awdiv                                 cstackBANK0  000066
?___awmod                                 cstackBANK0  000060
?___awtoft                                cstackBANK0  000068
?___ftadd                                 cstackBANK0  000074
?___ftdiv                                 cstackBANK0  00008F
?___ftmul                                 cstackBANK0  000080
?___ftneg                                 cstackBANK0  000060
?___ftpack                                cstackBANK0  000060
?___ftsub                                 cstackBANK0  000080
?___fttol                                 cstackBANK0  0000B0
?___lldiv                                 cstackBANK0  000060
?___llmod                                 cstackBANK0  00006E
?___lltoft                                cstackBANK0  000068
?___lmul                                  cstackBANK0  000060
?___wmul                                  cstackBANK0  00006E
?__div_to_l_                              cstackBANK0  000060
?__tdiv_to_l_                             cstackBANK0  000060
?_fround                                  cstackBANK0  00008F
?_itoaVitor                               cstackBANK0  000066
?_le_AD                                   cstackBANK0  00009E
?_le_pulsos                               cstackBANK0  000060
?_millis                                  cstackBANK0  000060
?_rand                                    cstackBANK0  00006C
?_scale                                   cstackBANK0  00008F
?_sprintf                                 cstackBANK0  0000BF
?_strcmp                                  cstackCOMRAM 000001
?_strlen                                  cstackBANK0  000060
?_strncmp                                 cstackCOMRAM 000001
?i2_USBTransferOnePacket                  cstackCOMRAM 000001
?i2_strlen                                cstackCOMRAM 000001
CDCTxService@byte_to_send                 cstackBANK0  00006C
CDCTxService@i                            cstackBANK0  00006B
SYS_InterruptHigh@dig1                    cstackCOMRAM 000030
SYS_InterruptHigh@dig2                    cstackCOMRAM 000032
SYS_InterruptHigh@dig3                    cstackCOMRAM 000034
SYS_InterruptHigh@dig4                    cstackCOMRAM 000036
USBConfigureEndpoint@EPNum                cstackCOMRAM 000006
USBConfigureEndpoint@direction            cstackCOMRAM 000001
USBConfigureEndpoint@handle               cstackCOMRAM 000007
USBCtrlTrfInHandler@lastDTS               cstackCOMRAM 000002
USBCtrlTrfRxService@byteToRead            cstackCOMRAM 000002
USBCtrlTrfRxService@i                     cstackCOMRAM 000001
USBCtrlTrfTxService@byteToSend            cstackCOMRAM 000001
USBDeviceInit@i                           cstackBANK0  000068
USBDeviceTasks@i                          cstackCOMRAM 00001C
USBEnableEndpoint@ep                      cstackCOMRAM 00000C
USBEnableEndpoint@options                 cstackCOMRAM 000009
USBEnableEndpoint@p                       cstackCOMRAM 00000A
USBStdFeatureReqHandler@current_ep_data   cstackCOMRAM 000018
USBStdFeatureReqHandler@p                 cstackCOMRAM 000019
USBStdFeatureReqHandler@pUEP              cstackCOMRAM 000016
USBStdGetStatusHandler@p                  cstackCOMRAM 000002
USBStdSetCfgHandler@i                     cstackCOMRAM 000015
USBTransferOnePacket@data                 cstackBANK0  000061
USBTransferOnePacket@dir                  cstackBANK0  000060
USBTransferOnePacket@ep                   cstackBANK0  000068
USBTransferOnePacket@handle               cstackBANK0  000069
USBTransferOnePacket@len                  cstackBANK0  000063
USER_USB_CALLBACK_EVENT_HANDLER@event     cstackCOMRAM 00000D
USER_USB_CALLBACK_EVENT_HANDLER@pdata     cstackCOMRAM 00000F
USER_USB_CALLBACK_EVENT_HANDLER@size      cstackCOMRAM 000011
_ADCON0                                   (abs)        000FC2
_ADCON1                                   (abs)        000FC1
_ADCON2                                   (abs)        000FC0
_ADIE                                     (abs)        007CEE
_ADIF                                     (abs)        007CF6
_ADON                                     (abs)        007E10
_ADRESH                                   (abs)        000FC4
_ADRESL                                   (abs)        000FC3
_BAUDCONbits                              (abs)        000FB8
_BDT                                      (abs)        000400
_BaudRateGen                              bssBANK2     0002D3
_BothEP0OutUOWNsSet                       bssBANK1     0001D8
_CCP1CON                                  (abs)        000FBD
_CCP1IE                                   (abs)        007CEA
_CCP1IF                                   (abs)        007CF2
_CCPR1H                                   (abs)        000FBF
_CCPR1L                                   (abs)        000FBE
_CDCDataInHandle                          bssBANK1     0001C0
_CDCDataOutHandle                         bssCOMRAM    00004A
_CDCInitEP                                text90       004754
_CDCTxService                             text33       002BC0
_CtrlTrfData                              (abs)        000438
_EEADR                                    (abs)        000FA9
_EECON1bits                               (abs)        000FA6
_EECON2                                   (abs)        000FA7
_EEDATA                                   (abs)        000FA8
_GIEH                                     (abs)        007F97
_GO_DONE                                  (abs)        007E11
_INTCONbits                               (abs)        000FF2
_IPR1bits                                 (abs)        000F9F
_IPR2bits                                 (abs)        000FA2
_MAC                                      mediumconst  007DDD
_MAC_GET_ADR                              mediumconst  007DAF
_MAC_GET_DNCTR                            mediumconst  007D92
_MAC_JOIN_OTAA                            mediumconst  007D9C
_MAC_SAVE                                 mediumconst  007DD8
_MAC_SET_ADR                              mediumconst  007DB7
_MAC_SET_APPEUI                           mediumconst  007D7C
_MAC_SET_APPKEY                           mediumconst  007D71
_MAC_SET_BW                               mediumconst  007D64
_MAC_SET_CH_STATUS                        mediumconst  007D56
_MAC_SET_DEVEUI                           mediumconst  007D87
_MAC_SET_DR                               mediumconst  007DBF
_MAC_SET_SF                               mediumconst  007D46
_MAC_TX_CNF                               mediumconst  007DC6
_MAC_TX_UNCNF                             mediumconst  007DA6
_MSG_LORAWAN                              dataBANK3    00036E
_Mask                                     dataBANK2    0002EF
_NumOfFields                              dataBANK1    0001FE
_PAN_ID                                   bssBANK1     0001CC
_PIE2bits                                 (abs)        000FA0
_PIR2bits                                 (abs)        000FA1
_PORTCbits                                (abs)        000F82
_PORTDbits                                (abs)        000F83
_PORTEbits                                (abs)        000F84
_RCIE                                     (abs)        007CED
_RCIF                                     (abs)        007CF5
_RCONbits                                 (abs)        000FD0
_RCREG                                    (abs)        000FAE
_RCSTA                                    (abs)        000FAB
_RCSTAbits                                (abs)        000FAB
_RX_ADDRESS                               dataBANK3    00038C
_RemoteWakeup                             bssBANK1     0001DA
_SPBRG                                    (abs)        000FAF
_SPBRGH                                   (abs)        000FB0
_STATE_OFF                                mediumconst  007C6F
_STATE_ON                                 mediumconst  007C73
_SYS                                      mediumconst  007DD3
_SYS_InterruptHigh                        intcode      000008
_SYS_RESET                                mediumconst  007DCD
_Sequence                                 bssBANK2     0002D7
_SetupPkt                                 (abs)        000430
_T0CON                                    (abs)        000FD5
_T1CON                                    (abs)        000FCD
_T3CON                                    (abs)        000FB1
_TMR0IE                                   (abs)        007F95
_TMR1H                                    (abs)        000FCF
_TMR1IE                                   (abs)        007CE8
_TMR1L                                    (abs)        000FCE
_TRISCbits                                (abs)        000F94
_TRISDbits                                (abs)        000F95
_TRISEbits                                (abs)        000F96
_TXIF                                     (abs)        007CF4
_TXREG                                    (abs)        000FAD
_TXSTAbits                                (abs)        000FAC
_UADDR                                    (abs)        000F6E
_UCFG                                     (abs)        000F6F
_UCON                                     (abs)        000F6D
_UCONbits                                 (abs)        000F6D
_UEIE                                     (abs)        000F6B
_UEIR                                     (abs)        000F6A
_UEP0                                     (abs)        000F70
_UEP0bits                                 (abs)        000F70
_UEP1                                     (abs)        000F71
_UIE                                      (abs)        000F69
_UIEbits                                  (abs)        000F69
_UIR                                      (abs)        000F68
_UIRbits                                  (abs)        000F68
_USB1msTickCount                          bssBANK1     000192
_USBActiveConfiguration                   bssCOMRAM    00005E
_USBAlternateInterface                    bssBANK1     0001F8
_USBBusIsSuspended                        bssBANK1     0001D9
_USBCheckCDCRequest                       text89       003CDA
_USBCheckStdRequest                       text82       003596
_USBConfigureEndpoint                     text93       0040B0
_USBCtrlEPAllowDataStage                  text81       003F7C
_USBCtrlEPAllowStatusStage                text96       003AAA
_USBCtrlEPService                         text77       00401A
_USBCtrlEPServiceComplete                 text80       002FF8
_USBCtrlTrfInHandler                      text97       003B6E
_USBCtrlTrfOutHandler                     text94       004818
_USBCtrlTrfRxService                      text95       002CE4
_USBCtrlTrfSetupHandler                   text79       0041D6
_USBCtrlTrfTxService                      text98       003836
_USBDeferINDataStagePackets               bssBANK1     0001D5
_USBDeferOUTDataStagePackets              bssBANK1     0001D4
_USBDeferStatusStagePacket                bssCOMRAM    000053
_USBDeviceAttach                          text32       004F36
_USBDeviceDetach                          text31       0051EC
_USBDeviceInit                            text60       00235A
_USBDeviceState                           bssCOMRAM    000058
_USBDeviceTasks                           text71       00270E
_USBEnableEndpoint                        text92       004E8A
_USBIE                                    (abs)        007D05
_USBIncrement1msInternalTimers            text76       00516E
_USBStallHandler                          text75       004D0E
_USBStatusStageEnabledFlag1               bssBANK1     0001D7
_USBStatusStageEnabledFlag2               bssBANK1     0001D6
_USBStatusStageTimeoutCounter             bssCOMRAM    000054
_USBStdFeatureReqHandler                  text87       0018D2
_USBStdGetDscHandler                      text86       00283C
_USBStdGetStatusHandler                   text85       003E32
_USBStdSetCfgHandler                      text83       003758
_USBSuspend                               text74       005058
_USBTicksSinceSuspendEnd                  bssBANK1     0001D3
_USBTransferOnePacket                     text34       002DF0
_USBWakeFromSuspend                       text73       004F00
_USB_CD_Ptr                               mediumconst  007C76
_USB_SD_Ptr                               mediumconst  007C69
_USER_USB_CALLBACK_EVENT_HANDLER          text88       0048D2
_USTAT                                    (abs)        000F6C
_USTATcopy                                bssCOMRAM    00005D
__CFG_BOR$ON                              (abs)        000000
__CFG_BORV$0                              (abs)        000000
__CFG_CP0$OFF                             (abs)        000000
__CFG_CP1$OFF                             (abs)        000000
__CFG_CP2$OFF                             (abs)        000000
__CFG_CP3$OFF                             (abs)        000000
__CFG_CPB$OFF                             (abs)        000000
__CFG_CPD$OFF                             (abs)        000000
__CFG_CPUDIV$OSC1_PLL2                    (abs)        000000
__CFG_DEBUG$OFF                           (abs)        000000
__CFG_FCMEN$OFF                           (abs)        000000
__CFG_FOSC$HSPLL_HS                       (abs)        000000
__CFG_IESO$OFF                            (abs)        000000
__CFG_LPT1OSC$OFF                         (abs)        000000
__CFG_LVP$OFF                             (abs)        000000
__CFG_MCLRE$ON                            (abs)        000000
__CFG_PBADEN$OFF                          (abs)        000000
__CFG_PLLDIV$5                            (abs)        000000
__CFG_PWRT$ON                             (abs)        000000
__CFG_STVREN$ON                           (abs)        000000
__CFG_USBDIV$2                            (abs)        000000
__CFG_VREGEN$ON                           (abs)        000000
__CFG_WDT$OFF                             (abs)        000000
__CFG_WDTPS$32768                         (abs)        000000
__CFG_XINST$OFF                           (abs)        000000
__HRAM                                    (abs)        000000
__Habs1                                   abs1         000000
__Hbank0                                  bank0        000000
__Hbank1                                  bank1        000000
__Hbank2                                  bank2        000000
__Hbank3                                  bank3        000000
__Hbank4                                  bank4        000000
__Hbank5                                  bank5        000000
__Hbank6                                  bank6        000000
__Hbank7                                  bank7        000000
__Hbigbss                                 bigbss       000000
__Hbigdata                                bigdata      000000
__Hbigram                                 bigram       000000
__Hbss                                    bss          000000
__HbssBANK0                               bssBANK0     000000
__HbssBANK1                               bssBANK1     000000
__HbssBANK2                               bssBANK2     000000
__HbssBANK3                               bssBANK3     000000
__HbssBANK4                               bssBANK4     000000
__HbssBANK5                               bssBANK5     000000
__HbssBANK6                               bssBANK6     000000
__HbssBIGRAMl                             bssBIGRAMl   000000
__HbssCOMRAM                              bssCOMRAM    000000
__Hcinit                                  cinit        000000
__Hclrtext                                clrtext      000000
__Hcomram                                 comram       000000
__Hconfig                                 config       30000E
__Hconst                                  const        000000
__HcstackBANK0                            cstackBANK0  000000
__HcstackBANK1                            cstackBANK1  000000
__HcstackBANK2                            cstackBANK2  000000
__HcstackCOMRAM                           cstackCOMRAM 000000
__Hdata                                   data         000000
__HdataBANK1                              dataBANK1    000000
__HdataBANK2                              dataBANK2    000000
__HdataBANK3                              dataBANK3    000000
__Heeprom_data                            eeprom_data  000000
__Hfarbss                                 farbss       000000
__Hfardata                                fardata      000000
__Hibigdata                               ibigdata     000000
__Hidata                                  idata        000000
__HidataBANK1                             idataBANK1   000000
__HidataBANK2                             idataBANK2   000000
__HidataBANK3                             idataBANK3   000000
__Hidloc                                  idloc        200008
__Hifardata                               ifardata     000000
__Hinit                                   init         000012
__Hintcode                                intcode      00000E
__Hintcode_body                           intcode_body 000000
__Hintcodelo                              intcodelo    00000E
__Hintentry                               intentry     000000
__Hintret                                 intret       000000
__Hintsave_regs                           intsave_regs 000000
__Hirdata                                 irdata       000000
__Hmediumconst                            mediumconst  008000
__HnvFARRAM                               nvFARRAM     000000
__Hnvbit                                  nvbit        000000
__Hnvrram                                 nvrram       000000
__Hparam                                  rparam       000000
__Hpowerup                                powerup      00000E
__Hram                                    ram          000000
__Hramtop                                 ramtop       000800
__Hrbit                                   rbit         000000
__Hrbss                                   rbss         000000
__Hrdata                                  rdata        000000
__Hreset_vec                              reset_vec    000004
__Hrparam                                 rparam       000000
__Hsfr                                    sfr          000000
__Hsmallconst                             smallconst   000000
__Hspace_0                                (abs)        30000E
__Hspace_1                                (abs)        0007F4
__Hspace_2                                (abs)        000000
__Hstack                                  stack        000000
__Hstruct                                 struct       000000
__Htemp                                   temp         000060
__Htext                                   text         000000
__Htext0                                  text0        000000
__Htext1                                  text1        000000
__Htext10                                 text10       000000
__Htext11                                 text11       000000
__Htext12                                 text12       000000
__Htext13                                 text13       000000
__Htext14                                 text14       000000
__Htext15                                 text15       000000
__Htext16                                 text16       000000
__Htext17                                 text17       000000
__Htext18                                 text18       000000
__Htext19                                 text19       000000
__Htext2                                  text2        000000
__Htext20                                 text20       000000
__Htext21                                 text21       000000
__Htext22                                 text22       000000
__Htext23                                 text23       000000
__Htext24                                 text24       000000
__Htext25                                 text25       000000
__Htext26                                 text26       000000
__Htext27                                 text27       000000
__Htext28                                 text28       000000
__Htext29                                 text29       000000
__Htext3                                  text3        000000
__Htext30                                 text30       000000
__Htext31                                 text31       000000
__Htext32                                 text32       000000
__Htext33                                 text33       000000
__Htext34                                 text34       000000
__Htext35                                 text35       000000
__Htext36                                 text36       000000
__Htext37                                 text37       000000
__Htext38                                 text38       000000
__Htext39                                 text39       000000
__Htext4                                  text4        000000
__Htext40                                 text40       000000
__Htext41                                 text41       000000
__Htext42                                 text42       000000
__Htext43                                 text43       000000
__Htext44                                 text44       000000
__Htext45                                 text45       000000
__Htext46                                 text46       000000
__Htext47                                 text47       000000
__Htext48                                 text48       000000
__Htext49                                 text49       000000
__Htext5                                  text5        000000
__Htext50                                 text50       000000
__Htext51                                 text51       000000
__Htext52                                 text52       000000
__Htext53                                 text53       000000
__Htext54                                 text54       000000
__Htext55                                 text55       000000
__Htext56                                 text56       000000
__Htext57                                 text57       000000
__Htext58                                 text58       000000
__Htext59                                 text59       000000
__Htext6                                  text6        000000
__Htext60                                 text60       000000
__Htext61                                 text61       000000
__Htext63                                 text63       000000
__Htext64                                 text64       000000
__Htext65                                 text65       000000
__Htext66                                 text66       000000
__Htext67                                 text67       000000
__Htext68                                 text68       000000
__Htext69                                 text69       000000
__Htext7                                  text7        000000
__Htext70                                 text70       000000
__Htext71                                 text71       000000
__Htext72                                 text72       000000
__Htext73                                 text73       000000
__Htext74                                 text74       000000
__Htext75                                 text75       000000
__Htext76                                 text76       000000
__Htext77                                 text77       000000
__Htext78                                 text78       000000
__Htext79                                 text79       000000
__Htext8                                  text8        000000
__Htext80                                 text80       000000
__Htext81                                 text81       000000
__Htext82                                 text82       000000
__Htext83                                 text83       000000
__Htext84                                 text84       000000
__Htext85                                 text85       000000
__Htext86                                 text86       000000
__Htext87                                 text87       000000
__Htext88                                 text88       000000
__Htext89                                 text89       000000
__Htext9                                  text9        000000
__Htext90                                 text90       000000
__Htext91                                 text91       000000
__Htext92                                 text92       000000
__Htext93                                 text93       000000
__Htext94                                 text94       000000
__Htext95                                 text95       000000
__Htext96                                 text96       000000
__Htext97                                 text97       000000
__Htext98                                 text98       000000
__LRAM                                    (abs)        000001
__Labs1                                   abs1         000000
__Lbank0                                  bank0        000000
__Lbank1                                  bank1        000000
__Lbank2                                  bank2        000000
__Lbank3                                  bank3        000000
__Lbank4                                  bank4        000000
__Lbank5                                  bank5        000000
__Lbank6                                  bank6        000000
__Lbank7                                  bank7        000000
__Lbigbss                                 bigbss       000000
__Lbigdata                                bigdata      000000
__Lbigram                                 bigram       000000
__Lbss                                    bss          000000
__LbssBANK0                               bssBANK0     000000
__LbssBANK1                               bssBANK1     000000
__LbssBANK2                               bssBANK2     000000
__LbssBANK3                               bssBANK3     000000
__LbssBANK4                               bssBANK4     000000
__LbssBANK5                               bssBANK5     000000
__LbssBANK6                               bssBANK6     000000
__LbssBIGRAMl                             bssBIGRAMl   000000
__LbssCOMRAM                              bssCOMRAM    000000
__Lcinit                                  cinit        000000
__Lclrtext                                clrtext      000000
__Lcomram                                 comram       000000
__Lconfig                                 config       300000
__Lconst                                  const        000000
__LcstackBANK0                            cstackBANK0  000000
__LcstackBANK1                            cstackBANK1  000000
__LcstackBANK2                            cstackBANK2  000000
__LcstackCOMRAM                           cstackCOMRAM 000000
__Ldata                                   data         000000
__LdataBANK1                              dataBANK1    000000
__LdataBANK2                              dataBANK2    000000
__LdataBANK3                              dataBANK3    000000
__Leeprom_data                            eeprom_data  000000
__Lfarbss                                 farbss       000000
__Lfardata                                fardata      000000
__Libigdata                               ibigdata     000000
__Lidata                                  idata        000000
__LidataBANK1                             idataBANK1   000000
__LidataBANK2                             idataBANK2   000000
__LidataBANK3                             idataBANK3   000000
__Lidloc                                  idloc        200000
__Lifardata                               ifardata     000000
__Linit                                   init         00000E
__Lintcode                                intcode      000008
__Lintcode_body                           intcode_body 000000
__Lintcodelo                              intcodelo    00000E
__Lintentry                               intentry     000000
__Lintret                                 intret       000000
__Lintsave_regs                           intsave_regs 000000
__Lirdata                                 irdata       000000
__Lmediumconst                            mediumconst  007BD2
__LnvFARRAM                               nvFARRAM     000000
__Lnvbit                                  nvbit        000000
__Lnvrram                                 nvrram       000000
__Lparam                                  rparam       000000
__Lpowerup                                powerup      00000E
__Lram                                    ram          000000
__Lramtop                                 ramtop       000800
__Lrbit                                   rbit         000000
__Lrbss                                   rbss         000000
__Lrdata                                  rdata        000000
__Lreset_vec                              reset_vec    000000
__Lrparam                                 rparam       000000
__Lsfr                                    sfr          000000
__Lsmallconst                             smallconst   000000
__Lspace_0                                (abs)        000000
__Lspace_1                                (abs)        000000
__Lspace_2                                (abs)        000000
__Lstack                                  stack        000000
__Lstruct                                 struct       000000
__Ltemp                                   temp         00005F
__Ltext                                   text         000000
__Ltext0                                  text0        000000
__Ltext1                                  text1        000000
__Ltext10                                 text10       000000
__Ltext11                                 text11       000000
__Ltext12                                 text12       000000
__Ltext13                                 text13       000000
__Ltext14                                 text14       000000
__Ltext15                                 text15       000000
__Ltext16                                 text16       000000
__Ltext17                                 text17       000000
__Ltext18                                 text18       000000
__Ltext19                                 text19       000000
__Ltext2                                  text2        000000
__Ltext20                                 text20       000000
__Ltext21                                 text21       000000
__Ltext22                                 text22       000000
__Ltext23                                 text23       000000
__Ltext24                                 text24       000000
__Ltext25                                 text25       000000
__Ltext26                                 text26       000000
__Ltext27                                 text27       000000
__Ltext28                                 text28       000000
__Ltext29                                 text29       000000
__Ltext3                                  text3        000000
__Ltext30                                 text30       000000
__Ltext31                                 text31       000000
__Ltext32                                 text32       000000
__Ltext33                                 text33       000000
__Ltext34                                 text34       000000
__Ltext35                                 text35       000000
__Ltext36                                 text36       000000
__Ltext37                                 text37       000000
__Ltext38                                 text38       000000
__Ltext39                                 text39       000000
__Ltext4                                  text4        000000
__Ltext40                                 text40       000000
__Ltext41                                 text41       000000
__Ltext42                                 text42       000000
__Ltext43                                 text43       000000
__Ltext44                                 text44       000000
__Ltext45                                 text45       000000
__Ltext46                                 text46       000000
__Ltext47                                 text47       000000
__Ltext48                                 text48       000000
__Ltext49                                 text49       000000
__Ltext5                                  text5        000000
__Ltext50                                 text50       000000
__Ltext51                                 text51       000000
__Ltext52                                 text52       000000
__Ltext53                                 text53       000000
__Ltext54                                 text54       000000
__Ltext55                                 text55       000000
__Ltext56                                 text56       000000
__Ltext57                                 text57       000000
__Ltext58                                 text58       000000
__Ltext59                                 text59       000000
__Ltext6                                  text6        000000
__Ltext60                                 text60       000000
__Ltext61                                 text61       000000
__Ltext63                                 text63       000000
__Ltext64                                 text64       000000
__Ltext65                                 text65       000000
__Ltext66                                 text66       000000
__Ltext67                                 text67       000000
__Ltext68                                 text68       000000
__Ltext69                                 text69       000000
__Ltext7                                  text7        000000
__Ltext70                                 text70       000000
__Ltext71                                 text71       000000
__Ltext72                                 text72       000000
__Ltext73                                 text73       000000
__Ltext74                                 text74       000000
__Ltext75                                 text75       000000
__Ltext76                                 text76       000000
__Ltext77                                 text77       000000
__Ltext78                                 text78       000000
__Ltext79                                 text79       000000
__Ltext8                                  text8        000000
__Ltext80                                 text80       000000
__Ltext81                                 text81       000000
__Ltext82                                 text82       000000
__Ltext83                                 text83       000000
__Ltext84                                 text84       000000
__Ltext85                                 text85       000000
__Ltext86                                 text86       000000
__Ltext87                                 text87       000000
__Ltext88                                 text88       000000
__Ltext89                                 text89       000000
__Ltext9                                  text9        000000
__Ltext90                                 text90       000000
__Ltext91                                 text91       000000
__Ltext92                                 text92       000000
__Ltext93                                 text93       000000
__Ltext94                                 text94       000000
__Ltext95                                 text95       000000
__Ltext96                                 text96       000000
__Ltext97                                 text97       000000
__Ltext98                                 text98       000000
__S0                                      (abs)        30000E
__S1                                      (abs)        0007F4
__S2                                      (abs)        000000
___awdiv                                  text45       004382
___awdiv@counter                          cstackBANK0  00006A
___awdiv@dividend                         cstackBANK0  000066
___awdiv@divisor                          cstackBANK0  000068
___awdiv@quotient                         cstackBANK0  00006C
___awdiv@sign                             cstackBANK0  00006B
___awmod                                  text59       00467A
___awmod@counter                          cstackBANK0  000064
___awmod@dividend                         cstackBANK0  000060
___awmod@divisor                          cstackBANK0  000062
___awmod@sign                             cstackBANK0  000065
___awtoft                                 text26       004EC6
___awtoft@c                               cstackBANK0  000068
___awtoft@sign                            cstackBANK0  00006B
___ftadd                                  text53       0021AC
___ftadd@exp1                             cstackBANK0  00007F
___ftadd@exp2                             cstackBANK0  00007E
___ftadd@f1                               cstackBANK0  000074
___ftadd@f2                               cstackBANK0  000077
___ftadd@sign                             cstackBANK0  00007D
___ftdiv                                  text25       0033CC
___ftdiv@cntr                             cstackBANK0  000098
___ftdiv@exp                              cstackBANK0  00009C
___ftdiv@f1                               cstackBANK0  00008F
___ftdiv@f2                               cstackBANK0  000092
___ftdiv@f3                               cstackBANK0  000099
___ftdiv@sign                             cstackBANK0  00009D
___ftge                                   text56       004144
___ftge@ff1                               cstackBANK0  000060
___ftge@ff2                               cstackBANK0  000063
___ftmul                                  text44       0031EC
___ftmul@cntr                             cstackBANK0  00008D
___ftmul@exp                              cstackBANK0  000089
___ftmul@f1                               cstackBANK0  000080
___ftmul@f2                               cstackBANK0  000083
___ftmul@f3_as_product                    cstackBANK0  00008A
___ftmul@sign                             cstackBANK0  00008E
___ftneg                                  text55       005100
___ftneg@f1                               cstackBANK0  000060
___ftpack                                 text54       003C2A
___ftpack@arg                             cstackBANK0  000060
___ftpack@exp                             cstackBANK0  000063
___ftpack@sign                            cstackBANK0  000064
___ftsub                                  text52       004CCC
___ftsub@f1                               cstackBANK0  000080
___ftsub@f2                               cstackBANK0  000083
___fttol                                  text51       0030F4
___fttol@exp1                             cstackBANK0  0000BE
___fttol@f1                               cstackBANK0  0000B0
___fttol@lval                             cstackBANK0  0000BA
___fttol@sign1                            cstackBANK0  0000B9
___inthi_sp                               stack        000000
___intlo_sp                               stack        000000
___lbdiv                                  text58       004E10
___lbdiv@counter                          cstackBANK0  000062
___lbdiv@dividend                         cstackBANK0  000061
___lbdiv@divisor                          cstackBANK0  000060
___lbdiv@quotient                         cstackBANK0  000063
___lldiv                                  text50       00448E
___lldiv@counter                          cstackBANK0  00006C
___lldiv@dividend                         cstackBANK0  000060
___lldiv@divisor                          cstackBANK0  000064
___lldiv@quotient                         cstackBANK0  000068
___llmod                                  text49       0046EC
___llmod@counter                          cstackBANK0  000076
___llmod@dividend                         cstackBANK0  00006E
___llmod@divisor                          cstackBANK0  000072
___lltoft                                 text48       0047BA
___lltoft@c                               cstackBANK0  000068
___lltoft@exp                             cstackBANK0  000070
___lmul                                   text18       004986
___lmul@multiplicand                      cstackBANK0  000064
___lmul@multiplier                        cstackBANK0  000060
___lmul@product                           cstackBANK0  000068
___param_bank                             (abs)        000000
___rparam_used                            (abs)        000001
___sp                                     stack        000000
___wmul                                   text43       0050B2
___wmul@multiplicand                      cstackBANK0  000070
___wmul@multiplier                        cstackBANK0  00006E
___wmul@product                           cstackBANK0  000072
__accesstop                               (abs)        000060
__activetblptr                            (abs)        000002
__channelMask                             bssBANK1     000184
__div_to_l_                               text47       002A96
__div_to_l_@cntr                          cstackBANK0  00006A
__div_to_l_@exp1                          cstackBANK0  00006B
__div_to_l_@f1                            cstackBANK0  000060
__div_to_l_@f2                            cstackBANK0  000063
__div_to_l_@quot                          cstackBANK0  000066
__end_of_CDCInitEP                        text90       0047BA
__end_of_CDCTxService                     text33       002CE4
__end_of_MAC                              mediumconst  007DE2
__end_of_MAC_GET_ADR                      mediumconst  007DB7
__end_of_MAC_GET_DNCTR                    mediumconst  007D9C
__end_of_MAC_JOIN_OTAA                    mediumconst  007DA6
__end_of_MAC_SAVE                         mediumconst  007DDD
__end_of_MAC_SET_ADR                      mediumconst  007DBF
__end_of_MAC_SET_APPEUI                   mediumconst  007D87
__end_of_MAC_SET_APPKEY                   mediumconst  007D7C
__end_of_MAC_SET_BW                       mediumconst  007D71
__end_of_MAC_SET_CH_STATUS                mediumconst  007D64
__end_of_MAC_SET_DEVEUI                   mediumconst  007D92
__end_of_MAC_SET_DR                       mediumconst  007DC6
__end_of_MAC_SET_SF                       mediumconst  007D56
__end_of_MAC_TX_CNF                       mediumconst  007DCD
__end_of_MAC_TX_UNCNF                     mediumconst  007DAF
__end_of_STATE_OFF                        mediumconst  007C73
__end_of_STATE_ON                         mediumconst  007C76
__end_of_SYS                              mediumconst  007DD8
__end_of_SYS_InterruptHigh                intcode_body 0021AC
__end_of_SYS_RESET                        mediumconst  007DD3
__end_of_USBCheckCDCRequest               text89       003D88
__end_of_USBCheckStdRequest               text82       003678
__end_of_USBConfigureEndpoint             text93       004144
__end_of_USBCtrlEPAllowDataStage          text81       00401A
__end_of_USBCtrlEPAllowStatusStage        text96       003B6E
__end_of_USBCtrlEPService                 text77       0040B0
__end_of_USBCtrlEPServiceComplete         text80       0030F4
__end_of_USBCtrlTrfInHandler              text97       003C2A
__end_of_USBCtrlTrfOutHandler             text94       004876
__end_of_USBCtrlTrfRxService              text95       002DF0
__end_of_USBCtrlTrfSetupHandler           text79       004268
__end_of_USBCtrlTrfTxService              text98       00390A
__end_of_USBDeviceAttach                  text32       004F6A
__end_of_USBDeviceDetach                  text31       0051FA
__end_of_USBDeviceInit                    text60       00249C
__end_of_USBDeviceTasks                   text71       00283C
__end_of_USBEnableEndpoint                text92       004EC6
__end_of_USBIncrement1msInternalTimers    text76       00518E
__end_of_USBStallHandler                  text75       004D50
__end_of_USBStdFeatureReqHandler          text87       001B56
__end_of_USBStdGetDscHandler              text86       00296A
__end_of_USBStdGetStatusHandler           text85       003EDC
__end_of_USBStdSetCfgHandler              text83       003836
__end_of_USBSuspend                       text74       005086
__end_of_USBTransferOnePacket             text34       002EF6
__end_of_USBWakeFromSuspend               text73       004F36
__end_of_USB_CD_Ptr                       mediumconst  007C78
__end_of_USB_SD_Ptr                       mediumconst  007C6F
__end_of_USER_USB_CALLBACK_EVENT_HANDLER  text88       00492E
__end_of___awdiv                          text45       004408
__end_of___awmod                          text59       0046EC
__end_of___awtoft                         text26       004F00
__end_of___ftadd                          text53       00235A
__end_of___ftdiv                          text25       0034B4
__end_of___ftge                           text56       0041D6
__end_of___ftmul                          text44       0032E2
__end_of___ftneg                          text55       005126
__end_of___ftpack                         text54       003CDA
__end_of___ftsub                          text52       004D0E
__end_of___fttol                          text51       0031EC
__end_of___lbdiv                          text58       004E4E
__end_of___lldiv                          text50       004512
__end_of___llmod                          text49       004754
__end_of___lltoft                         text48       004818
__end_of___lmul                           text18       0049DE
__end_of___wmul                           text43       0050DA
__end_of__div_to_l_                       text47       002BC0
__end_of__initialization                  cinit        003588
__end_of__npowers_                        mediumconst  007C49
__end_of__powers_                         mediumconst  007C22
__end_of__tdiv_to_l_                      text46       00270E
__end_of_addByteCommand                   text21       004608
__end_of_addSensor                        text37       004A8A
__end_of_configDescriptor1                mediumconst  007CBB
__end_of_converter                        text19       0042F6
__end_of_createFrameHeader                text36       004E8A
__end_of_delay                            text29       00467A
__end_of_device_dsc                       mediumconst  007D35
__end_of_dpowers                          mediumconst  007BFB
__end_of_encryptKey                       mediumconst  007D46
__end_of_fround                           text42       001DC6
__end_of_gen_data                         text12       0033CC
__end_of_gen_send                         text11       004DD0
__end_of_get_channelmask_900              mediumconst  007DEC
__end_of_get_own_mac_high                 mediumconst  007DFA
__end_of_get_own_mac_low                  mediumconst  007DFC
__end_of_get_preambleid_900               mediumconst  007DE8
__end_of_getch                            text70       00514C
__end_of_gs_channel                       mediumconst  007DF6
__end_of_gs_encryption                    mediumconst  007DF0
__end_of_gs_pan                           mediumconst  007DF8
__end_of_hexpowers                        mediumconst  007C69
__end_of_init_XBee                        text27       0051BA
__end_of_isdigit                          text41       00516E
__end_of_itoaVitor                        text57       004382
__end_of_le_AD                            text24       002A96
__end_of_le_pulsos                        text23       003758
__end_of_main                             text0        00163C
__end_of_memcpy                           text78       004C8A
__end_of_memset                           text61       004FFA
__end_of_millis                           text35       005100
__end_of_putch                            text16       0051EC
__end_of_putsUSBUSART                     text22       004B2C
__end_of_rand                             text17       0048D2
__end_of_recebeByteLoRaWan                text63       0018D2
__end_of_resetXBee                        text28       004E10
__end_of_scale                            text40       001272
__end_of_sd000                            mediumconst  007DE6
__end_of_sd001                            mediumconst  007D23
__end_of_sd002                            mediumconst  007CEF
__end_of_send                             text13       001FF6
__end_of_sendXBeePriv                     text14       004CCC
__end_of_setChannelMask                   text10       0039DA
__end_of_setEncryptionMode                text9        004B74
__end_of_setLinkKey                       text8        004F9A
__end_of_setPAN                           text7        004986
__end_of_setPreambleID                    text6        004C46
__end_of_set_channelmask_900              mediumconst  007DEE
__end_of_set_link_key                     mediumconst  007DF2
__end_of_set_preambleid_900               mediumconst  007DEA
__end_of_setup_AD                         text5        0051DE
__end_of_setup_ccp1                       text4        004D90
__end_of_setup_pulsos                     text3        003E32
__end_of_setup_uart                       text2        003F7C
__end_of_sprintf                          text39       000E3A
__end_of_strcat                           text38       004C02
__end_of_strcmp                           text69       004BBC
__end_of_strcpy                           text68       005058
__end_of_strlen                           text1        004A34
__end_of_strncmp                          text67       004594
__end_of_toupper                          text20       0051A6
__end_of_txZBStatusResponse               text15       003AAA
__end_of_verificaUSB                      text30       004FCA
__end_of_write_values                     mediumconst  007DF4
__end_ofi2_USBDeviceInit                  text72       0025DA
__end_ofi2_USBTransferOnePacket           text91       002FF8
__end_ofi2_converter                      text65       00448E
__end_ofi2_memset                         text84       0050B2
__end_ofi2_strlen                         text64       004ADC
__end_ofi2_toupper                        text66       0051CE
__initialization                          cinit        0034B4
__mediumconst                             mediumconst  007BD2
__npowers_                                mediumconst  007C22
[...]
 Return value:  Size  Location     Type
                  1    wreg      void 
 Registers used:
		wreg, fsr2l, fsr2h, status,2, status,0, prodl, prodh
 Tracked objects:
		On entry : 
		On exit  : 
		Unchanged: 
 Data sizes:     COMRAM   BANK0   BANK1   BANK2   BANK3   BANK4   BANK5   BANK6   BANK7
      Params:         1       0       0       0       0       0       0       0       0
      Locals:         3       0       0       0       0       0       0       0       0
      Temps:          4       0       0       0       0       0       0       0       0
      Totals:         8       0       0       0       0       0       0       0       0
Total ram usage:        8 bytes
 Hardware stack levels used:    1
 This function calls:
		Nothing
 This function is called by:
		_USBEnableEndpoint
 This function uses a non-reentrant model


 *************** function _USBCtrlTrfOutHandler *****************
 Defined at:
		line 2538 in file "../../Microchip/microchip/mla/v2017_03_06/framework/usb/src/usb_device.c"
 Parameters:    Size  Location     Type
		None
 Auto vars:     Size  Location     Type
		None
 Return value:  Size  Location     Type
                  1    wreg      void 
 Registers used:
		wreg, fsr1l, fsr1h, fsr2l, fsr2h, status,2, status,0, prodl, prodh, cstack
 Tracked objects:
		On entry : 
		On exit  : 
		Unchanged: 
 Data sizes:     COMRAM   BANK0   BANK1   BANK2   BANK3   BANK4   BANK5   BANK6   BANK7
      Params:         0       0       0       0       0       0       0       0       0
      Locals:         0       0       0       0       0       0       0       0       0
      Temps:          0       0       0       0       0       0       0       0       0
      Totals:         0       0       0       0       0       0       0       0       0
Total ram usage:        0 bytes
 Hardware stack levels used:    1
 Hardware stack levels required when called:    2
 This function calls:
		_USBCtrlTrfRxService
 This function is called by:
		_USBCtrlEPService
 This function uses a non-reentrant model


 *************** function _USBCtrlTrfRxService *****************
 Defined at:
		line 1852 in file "../../Microchip/microchip/mla/v2017_03_06/framework/usb/src/usb_device.c"
 Parameters:    Size  Location     Type
		None
 Auto vars:     Size  Location     Type
  byteToRead      1    1[COMRAM] unsigned char 
  i               1    0[COMRAM] unsigned char 
 Return value:  Size  Location     Type
                  1    wreg      void 
 Registers used:
		wreg, fsr1l, fsr1h, fsr2l, fsr2h, status,2, status,0, prodl, prodh, cstack
 Tracked objects:
		On entry : 
		On exit  : 
		Unchanged: 
 Data sizes:     COMRAM   BANK0   BANK1   BANK2   BANK3   BANK4   BANK5   BANK6   BANK7
      Params:         0       0       0       0       0       0       0       0       0
      Locals:         2       0       0       0       0       0       0       0       0
      Temps:          0       0       0       0       0       0       0       0       0
      Totals:         2       0       0       0       0       0       0       0       0
Total ram usage:        2 bytes
 Hardware stack levels used:    1
 Hardware stack levels required when called:    1
 This function calls:
		_USBCtrlEPAllowStatusStage
 This function is called by:
		_USBCtrlTrfOutHandler
 This function uses a non-reentrant model


 *************** function _USBCtrlEPAllowStatusStage *****************
 Defined at:
		line 1416 in file "../../Microchip/microchip/mla/v2017_03_06/framework/usb/src/usb_device.c"
 Parameters:    Size  Location     Type
		None
 Auto vars:     Size  Location     Type
		None
 Return value:  Size  Location     Type
                  1    wreg      void 
 Registers used:
		wreg, fsr2l, fsr2h, status,2, status,0
 Tracked objects:
		On entry : 
		On exit  : 
		Unchanged: 
 Data sizes:     COMRAM   BANK0   BANK1   BANK2   BANK3   BANK4   BANK5   BANK6   BANK7
      Params:         0       0       0       0       0       0       0       0       0
      Locals:         0       0       0       0       0       0       0       0       0
      Temps:          0       0       0       0       0       0       0       0       0
      Totals:         0       0       0       0       0       0       0       0       0
Total ram usage:        0 bytes
 Hardware stack levels used:    1
 This function calls:
		Nothing
 This function is called by:
		_USBDeviceTasks
		_USBCtrlEPServiceComplete
		_USBCtrlTrfRxService
 This function uses a non-reentrant model


 *************** function _USBCtrlTrfInHandler *****************
 Defined at:
		line 2592 in file "../../Microchip/microchip/mla/v2017_03_06/framework/usb/src/usb_device.c"
 Parameters:    Size  Location     Type
		None
 Auto vars:     Size  Location     Type
  lastDTS         1    1[COMRAM] unsigned char 
 Return value:  Size  Location     Type
                  1    wreg      void 
 Registers used:
		wreg, fsr0l, fsr0h, fsr2l, fsr2h, status,2, status,0, tblptrl, tblptrh, tblptru, cstack
 Tracked objects:
		On entry : 
		On exit  : 
		Unchanged: 
 Data sizes:     COMRAM   BANK0   BANK1   BANK2   BANK3   BANK4   BANK5   BANK6   BANK7
      Params:         0       0       0       0       0       0       0       0       0
      Locals:         1       0       0       0       0       0       0       0       0
      Temps:          0       0       0       0       0       0       0       0       0
      Totals:         1       0       0       0       0       0       0       0       0
Total ram usage:        1 bytes
 Hardware stack levels used:    1
 Hardware stack levels required when called:    1
 This function calls:
		_USBCtrlTrfTxService
 This function is called by:
		_USBCtrlEPService
 This function uses a non-reentrant model


 *************** function _USBCtrlTrfTxService *****************
 Defined at:
		line 1771 in file "../../Microchip/microchip/mla/v2017_03_06/framework/usb/src/usb_device.c"
 Parameters:    Size  Location     Type
		None
 Auto vars:     Size  Location     Type
  byteToSend      1    0[COMRAM] unsigned char 
 Return value:  Size  Location     Type
                  1    wreg      void 
 Registers used:
		wreg, fsr0l, fsr0h, fsr2l, fsr2h, status,2, status,0, tblptrl, tblptrh, tblptru
 Tracked objects:
		On entry : 
		On exit  : 
		Unchanged: 
 Data sizes:     COMRAM   BANK0   BANK1   BANK2   BANK3   BANK4   BANK5   BANK6   BANK7
      Params:         0       0       0       0       0       0       0       0       0
      Locals:         1       0       0       0       0       0       0       0       0
      Temps:          0       0       0       0       0       0       0       0       0
      Totals:         1       0       0       0       0       0       0       0       0
Total ram usage:        1 bytes
 Hardware stack levels used:    1
 This function calls:
		Nothing
 This function is called by:
		_USBCtrlEPAllowDataStage
		_USBCtrlTrfInHandler
 This function uses a non-reentrant model



MODULE INFORMATION

Module		Function		Class		Link	Load	Size
C:\Program Files (x86)\Microchip\xc8\v1.44\sources\common\strcmp.c
		_strcmp        		CODE           	4B74	0000	73

C:\Program Files (x86)\Microchip\xc8\v1.44\sources\common\strcmp.c estimated size: 73

C:\Program Files (x86)\Microchip\xc8\v1.44\sources\common\awtoft.c
		___awtoft      		CODE           	4EC6	0000	59

C:\Program Files (x86)\Microchip\xc8\v1.44\sources\common\awtoft.c estimated size: 59

C:\Program Files (x86)\Microchip\xc8\v1.44\sources\common\strcpy.c
		_strcpy        		CODE           	502A	0000	47

C:\Program Files (x86)\Microchip\xc8\v1.44\sources\common\strcpy.c estimated size: 47

C:\Program Files (x86)\Microchip\xc8\v1.44\sources\common\lbdiv.c
		___lbdiv       		CODE           	4E10	0000	63

C:\Program Files (x86)\Microchip\xc8\v1.44\sources\common\lbdiv.c estimated size: 63

C:\Program Files (x86)\Microchip\xc8\v1.44\sources\common\memset.c
		_memset        		CODE           	4FCA	0000	49

C:\Program Files (x86)\Microchip\xc8\v1.44\sources\common\memset.c estimated size: 49

C:\Program Files (x86)\Microchip\xc8\v1.44\sources\common\llmod.c
		___llmod       		CODE           	46EC	0000	105

C:\Program Files (x86)\Microchip\xc8\v1.44\sources\common\llmod.c estimated size: 105

Timer.c
		_millis        		CODE           	50DA	0000	39
		_setup_ccp1    		CODE           	4D50	0000	65

Timer.c estimated size: 104

Frame.c
		_addSensor     		CODE           	4A34	0000	87
		_createFrameHeader		CODE           	4E4E	0000	61
		_itoaVitor     		CODE           	42F6	0000	141

Frame.c estimated size: 289

C:\Program Files (x86)\Microchip\xc8\v1.44\sources\common\lltoft.c
		___lltoft      		CODE           	47BA	0000	95

C:\Program Files (x86)\Microchip\xc8\v1.44\sources\common\lltoft.c estimated size: 95

C:\Program Files (x86)\Microchip\xc8\v1.44\sources\common\ftmul.c
		___ftmul       		CODE           	31EC	0000	247

C:\Program Files (x86)\Microchip\xc8\v1.44\sources\common\ftmul.c estimated size: 247

C:\Program Files (x86)\Microchip\xc8\v1.44\sources\common\awmod.c
		___awmod       		CODE           	467A	0000	115

C:\Program Files (x86)\Microchip\xc8\v1.44\sources\common\awmod.c estimated size: 115

C:\Program Files (x86)\Microchip\xc8\v1.44\sources\common\ftdiv.c
		___ftdiv       		CODE           	33CC	0000	233

C:\Program Files (x86)\Microchip\xc8\v1.44\sources\common\ftdiv.c estimated size: 233

../../Microchip/microchip/mla/v2017_03_06/framework/usb/src/usb_device_cdc.c
		_CDCTxService  		CODE           	2BC0	0000	293
		_CDCInitEP     		CODE           	4754	0000	103
		_putsUSBUSART  		CODE           	4ADC	0000	81
		_USBCheckCDCRequest		CODE           	3CDA	0000	175

../../Microchip/microchip/mla/v2017_03_06/framework/usb/src/usb_device_cdc.c estimated size: 652

usb/system.c
		_SYS_InterruptHigh		CODE           	0008	0000	445

usb/system.c estimated size: 445

C:\Program Files (x86)\Microchip\xc8\v1.44\sources\common\strncmp.c
		_strncmp       		CODE           	4512	0000	131

C:\Program Files (x86)\Microchip\xc8\v1.44\sources\common\strncmp.c estimated size: 131

XBeeCore.c
		_init_XBee     		CODE           	51A6	0000	21
		_sendXBeePriv  		CODE           	4C8A	0000	67
		_setPAN        		CODE           	492E	0000	89
		_setChannelMask		CODE           	390A	0000	209
		_gen_send      		CODE           	4D90	0000	65
		_setLinkKey    		CODE           	4F6A	0000	49
		_setPreambleID 		CODE           	4C02	0000	69
		_gen_data      		CODE           	32E2	0000	235
		_addByteCommand		CODE           	4594	0000	117
		_resetXBee     		CODE           	4DD0	0000	65
		_converter     		CODE           	4268	0000	143
		_send          		CODE           	1DC6	0000	561
		_txZBStatusResponse		CODE           	39DA	0000	209
		_setEncryptionMode		CODE           	4B2C	0000	73

XBeeCore.c estimated size: 1972

C:\Program Files (x86)\Microchip\xc8\v1.44\sources\common\ftge.c
		___ftge        		CODE           	4144	0000	147

C:\Program Files (x86)\Microchip\xc8\v1.44\sources\common\ftge.c estimated size: 147

C:\Program Files (x86)\Microchip\xc8\v1.44\sources\common\doprnt.c
		_scale         		CODE           	0E3A	0000	1081
		_sprintf       		CODE           	0012	0000	3625
		_fround        		CODE           	1B56	0000	625

C:\Program Files (x86)\Microchip\xc8\v1.44\sources\common\doprnt.c estimated size: 5331

AD.c
		_setup_AD      		CODE           	51CE	0000	17
		_le_AD         		CODE           	296A	0000	301

AD.c estimated size: 318

C:\Program Files (x86)\Microchip\xc8\v1.44\sources\common\memcpy.c
		_memcpy        		CODE           	4C46	0000	69

C:\Program Files (x86)\Microchip\xc8\v1.44\sources\common\memcpy.c estimated size: 69

C:\Program Files (x86)\Microchip\xc8\v1.44\sources\common\toupper.c
		_toupper       		CODE           	518E	0000	25

C:\Program Files (x86)\Microchip\xc8\v1.44\sources\common\toupper.c estimated size: 25

C:\Program Files (x86)\Microchip\xc8\v1.44\sources\common\ftdivl.c
		__tdiv_to_l_   		CODE           	25DA	0000	309

C:\Program Files (x86)\Microchip\xc8\v1.44\sources\common\ftdivl.c estimated size: 309

../../Microchip/microchip/mla/v2017_03_06/framework/usb/src/usb_device.c
		_USBCtrlTrfInHandler		CODE           	3B6E	0000	189
		_USBTransferOnePacket		CODE           	2DF0	0000	263
		_USBDeviceDetach		CODE           	51EC	0000	15
		_USBDeviceAttach		CODE           	4F36	0000	53
		_USBStdGetDscHandler		CODE           	283C	0000	303
		_USBCtrlEPAllowDataStage		CODE           	3F7C	0000	159
		_USBStdFeatureReqHandler		CODE           	18D2	0000	645
		_USBCtrlEPAllowStatusStage		CODE           	3AAA	0000	197
		_USBCtrlTrfSetupHandler		CODE           	41D6	0000	147
		_USBCtrlTrfOutHandler		CODE           	4818	0000	95
		_USBCtrlEPServiceComplete		CODE           	2FF8	0000	253
		_USBSuspend    		CODE           	5058	0000	47
		_USBStdSetCfgHandler		CODE           	3758	0000	223
		_USBStdGetStatusHandler		CODE           	3E32	0000	171
		_USBWakeFromSuspend		CODE           	4F00	0000	55
		_USBCtrlTrfRxService		CODE           	2CE4	0000	269
		_USBCtrlTrfTxService		CODE           	3836	0000	213
		_USBEnableEndpoint		CODE           	4E8A	0000	61
		_USBConfigureEndpoint		CODE           	40B0	0000	149
		_USBDeviceInit 		CODE           	235A	0000	323
		_USBIncrement1msInternalTimers		CODE           	516E	0000	33
		_USBCtrlEPService		CODE           	401A	0000	151
		_USBStallHandler		CODE           	4D0E	0000	67
		_USBDeviceTasks		CODE           	270E	0000	303
		_USBCheckStdRequest		CODE           	3596	0000	227

../../Microchip/microchip/mla/v2017_03_06/framework/usb/src/usb_device.c estimated size: 4611

C:\Program Files (x86)\Microchip\xc8\v1.44\sources\common\lldiv.c
		___lldiv       		CODE           	448E	0000	133

C:\Program Files (x86)\Microchip\xc8\v1.44\sources\common\lldiv.c estimated size: 133

C:\Program Files (x86)\Microchip\xc8\v1.44\sources\common\Umul16.c
		___wmul        		CODE           	50B2	0000	41

C:\Program Files (x86)\Microchip\xc8\v1.44\sources\common\Umul16.c estimated size: 41

uart/uart.c
		_putch         		CODE           	51DE	0000	15
		_getch         		CODE           	5126	0000	39
		_setup_uart    		CODE           	3EDC	0000	161

uart/uart.c estimated size: 215

C:\Program Files (x86)\Microchip\xc8\v1.44\sources\common\fttol.c
		___fttol       		CODE           	30F4	0000	249

C:\Program Files (x86)\Microchip\xc8\v1.44\sources\common\fttol.c estimated size: 249

C:\Program Files (x86)\Microchip\xc8\v1.44\sources\common\rand.c
		_rand          		CODE           	4876	0000	93

C:\Program Files (x86)\Microchip\xc8\v1.44\sources\common\rand.c estimated size: 93

shared
		_configDescriptor1		MEDIUMCONST    	7C78	0000	68
		_USB_CD_Ptr    		MEDIUMCONST    	7C76	0000	3
		_sd001         		MEDIUMCONST    	7CEF	0000	53
		_set_link_key  		MEDIUMCONST    	7DF0	0000	3
		_MAC_GET_ADR   		MEDIUMCONST    	7DAF	0000	9
		_MAC_SAVE      		MEDIUMCONST    	7DD8	0000	6
		_MAC_SET_SF    		MEDIUMCONST    	7D46	0000	17
		_MAC_SET_DR    		MEDIUMCONST    	7DBF	0000	8
		_MAC_SET_BW    		MEDIUMCONST    	7D64	0000	14
		_MAC_SET_ADR   		MEDIUMCONST    	7DB7	0000	9
		_MAC           		MEDIUMCONST    	7DDD	0000	6
		_MAC_GET_DNCTR 		MEDIUMCONST    	7D92	0000	11
		_gs_channel    		MEDIUMCONST    	7DF4	0000	3
		__powers_      		MEDIUMCONST    	7BFB	0000	40
		_sd002         		MEDIUMCONST    	7CBB	0000	53
		_dpowers       		MEDIUMCONST    	7BD3	0000	41
		i2_USBDeviceInit		CODE           	249C	0000	319
		_get_own_mac_high		MEDIUMCONST    	7DF8	0000	3
		_MAC_SET_APPEUI		MEDIUMCONST    	7D7C	0000	12
		_MAC_SET_DEVEUI		MEDIUMCONST    	7D87	0000	12
		_MAC_SET_APPKEY		MEDIUMCONST    	7D71	0000	12
		_MAC_TX_CNF    		MEDIUMCONST    	7DC6	0000	8
		_SYS           		MEDIUMCONST    	7DD3	0000	6
		__npowers_     		MEDIUMCONST    	7C22	0000	40
		_MAC_TX_UNCNF  		MEDIUMCONST    	7DA6	0000	10
		__initialization		CODE           	34B4	0000	213
		i2_converter   		CODE           	4408	0000	135
		_SYS_RESET     		MEDIUMCONST    	7DCD	0000	7
		_MAC_JOIN_OTAA 		MEDIUMCONST    	7D9C	0000	11
		_device_dsc    		MEDIUMCONST    	7D23	0000	19
		_write_values  		MEDIUMCONST    	7DF2	0000	3
		_hexpowers     		MEDIUMCONST    	7C49	0000	33
		_STATE_ON      		MEDIUMCONST    	7C73	0000	4
		_STATE_OFF     		MEDIUMCONST    	7C6F	0000	5
		_encryptKey    		MEDIUMCONST    	7D35	0000	18
		_get_own_mac_low		MEDIUMCONST    	7DFA	0000	3
		_USB_SD_Ptr    		MEDIUMCONST    	7C69	0000	7
		_get_channelmask_900		MEDIUMCONST    	7DEA	0000	3
		_get_preambleid_900		MEDIUMCONST    	7DE6	0000	3
		i2_strlen      		CODE           	4A8A	0000	83
		i2_memset      		CODE           	5086	0000	45
		_gs_pan        		MEDIUMCONST    	7DF6	0000	3
		_sd000         		MEDIUMCONST    	7DE2	0000	5
		_MAC_SET_CH_STATUS		MEDIUMCONST    	7D56	0000	15
		i2_USBTransferOnePacket		CODE           	2EF6	0000	259
		i2_toupper     		CODE           	51BA	0000	21
		_set_channelmask_900		MEDIUMCONST    	7DEC	0000	3
		_gs_encryption 		MEDIUMCONST    	7DEE	0000	3
		_set_preambleid_900		MEDIUMCONST    	7DE8	0000	3

shared estimated size: 1670

C:\Program Files (x86)\Microchip\xc8\v1.44\sources\common\awdiv.c
		___awdiv       		CODE           	4382	0000	135

C:\Program Files (x86)\Microchip\xc8\v1.44\sources\common\awdiv.c estimated size: 135

usb/usb_events.c
		_USER_USB_CALLBACK_EVENT_HANDLER		CODE           	48D2	0000	93

usb/usb_events.c estimated size: 93

C:\Program Files (x86)\Microchip\xc8\v1.44\sources\common\ftadd.c
		___ftadd       		CODE           	21AC	0000	431

C:\Program Files (x86)\Microchip\xc8\v1.44\sources\common\ftadd.c estimated size: 431

UT.c
		_delay         		CODE           	4608	0000	115
		_verificaUSB   		CODE           	4F9A	0000	49
		_main          		CODE           	1272	0000	971

UT.c estimated size: 1135

C:\Program Files (x86)\Microchip\xc8\v1.44\sources\common\isdigit.c
		_isdigit       		CODE           	514C	0000	35

C:\Program Files (x86)\Microchip\xc8\v1.44\sources\common\isdigit.c estimated size: 35

Pulses.c
		_le_pulsos     		CODE           	3678	0000	225
		_setup_pulsos  		CODE           	3D88	0000	171

Pulses.c estimated size: 396

C:\Program Files (x86)\Microchip\xc8\v1.44\sources\common\Umul32.c
		___lmul        		CODE           	4986	0000	89

C:\Program Files (x86)\Microchip\xc8\v1.44\sources\common\Umul32.c estimated size: 89

C:\Program Files (x86)\Microchip\xc8\v1.44\sources\common\fldivl.c
		__div_to_l_    		CODE           	2A96	0000	299

C:\Program Files (x86)\Microchip\xc8\v1.44\sources\common\fldivl.c estimated size: 299

C:\Program Files (x86)\Microchip\xc8\v1.44\sources\common\strcat.c
		_strcat        		CODE           	4BBC	0000	71

C:\Program Files (x86)\Microchip\xc8\v1.44\sources\common\strcat.c estimated size: 71

C:\Program Files (x86)\Microchip\xc8\v1.44\sources\common\ftneg.c
		___ftneg       		CODE           	5100	0000	39

C:\Program Files (x86)\Microchip\xc8\v1.44\sources\common\ftneg.c estimated size: 39

LoRaWanCore.c
		_recebeByteLoRaWan		CODE           	163C	0000	663

LoRaWanCore.c estimated size: 663

C:\Program Files (x86)\Microchip\xc8\v1.44\sources\common\ftsub.c
		___ftsub       		CODE           	4CCC	0000	67

C:\Program Files (x86)\Microchip\xc8\v1.44\sources\common\ftsub.c estimated size: 67

C:\Program Files (x86)\Microchip\xc8\v1.44\sources\common\float.c
		___ftpack      		CODE           	3C2A	0000	177

C:\Program Files (x86)\Microchip\xc8\v1.44\sources\common\float.c estimated size: 177

C:\Program Files (x86)\Microchip\xc8\v1.44\sources\common\strlen.c
		_strlen        		CODE           	49DE	0000	87

C:\Program Files (x86)\Microchip\xc8\v1.44\sources\common\strlen.c estimated size: 87

