Microchip MPLAB XC8 Compiler V1.44 ()

Linker command line:

--edf=C:\Program Files (x86)\Microchip\xc8\v1.44\dat\en_msgs.txt -cs \
  -h+dist/default/production\UT.X.production.sym \
  --cmf=dist/default/production\UT.X.production.cmf -z -Q18F4550 \
  -oC:\Users\1398236\AppData\Local\Temp\sf24.2 \
  -Mdist/default/production/UT.X.production.map -E1 -ver=XC8 \
  -ASTACK=0580h-05ffh -pstack=STACK -ACODE=00h-07FFFh -ACONST=00h-07FFFh \
  -ASMALLCONST=0800h-08FFhx120 -AMEDIUMCONST=0800h-07FFFh -ACOMRAM=01h-05Fh \
  -AABS1=00h-07FFh -ABIGRAM=01h-07FFh -ARAM=060h-0FFh,0100h-01FFhx7 \
  -ABANK0=060h-0FFh -ABANK1=0100h-01FFh -ABANK2=0200h-02FFh \
  -ABANK3=0300h-03FFh -ABANK4=0400h-04FFh -ABANK5=0500h-05FFh \
  -ABANK6=0600h-06FFh -ABANK7=0700h-07FFh -ASFR=0F60h-0FFFh \
  -preset_vec=00h,intcode=08h,intcodelo,powerup,init -pramtop=0800h \
  -psmallconst=SMALLCONST -pmediumconst=MEDIUMCONST -pconst=CONST \
  -AFARRAM=00h-00h -ACONFIG=0300000h-030000Dh -pconfig=CONFIG \
  -AIDLOC=0200000h-0200007h -pidloc=IDLOC -AEEDATA=0F00000h-0F000FFh \
  -peeprom_data=EEDATA \
  -prdata=COMRAM,nvrram=COMRAM,nvbit=COMRAM,rbss=COMRAM,rbit=COMRAM \
  -pfarbss=FARRAM,fardata=FARRAM,nvFARRAM=FARRAM \
  -pintsave_regs=BIGRAM,bigbss=BIGRAM,bigdata=BIGRAM -pbss=RAM \
  -pidata=CODE,irdata=CODE,ibigdata=CODE,ifardata=CODE -prparam=COMRAM \
  C:\Users\1398236\AppData\Local\Temp\sf24.obj \
  dist/default/production\UT.X.production.obj 

Object code version is 3.11

Machine type is 18F4550

Call graph: (short form)




                Name                               Link     Load   Length Selector   Space Scale
C:\Users\1398236\AppData\Local\Temp\sf24.obj
                init                                  E        E        4        4       0
                reset_vec                             0        0        4        0       0
                idloc                            200000   200000        8   200000       0
                config                           300000   300000        E   300000       0
dist/default/production\UT.X.production.obj
                intcode                               8        8        6        4       0
                temp                                 5F       5F        1        1       1
                mediumconst                        7C50     7C50      3B0     3E28       0
                text91                             348A     348A       CC        4       0
                text90                             361A     361A       BC        4       0
                text89                             3556     3556       C4        4       0
                text88                             2AEE     2AEE      10C        4       0
                text87                             42E6     42E6       5E        4       0
                text86                             3B44     3B44       94        4       0
                text85                             4622     4622       3C        4       0
                text84                             2E04     2E04      102        4       0
                text83                             41BE     41BE       66        4       0
                text82                             3832     3832       A4        4       0
                text81                             4344     4344       5C        4       0
                text80                             101A     101A      27C        4       0
                text79                             28BC     28BC      11A        4       0
                text78                             3976     3976       A0        4       0
                text77                             47BE     47BE       2C        4       0
                text76                             32D6     32D6       DC        4       0
                text75                             33B2     33B2       D8        4       0
                text74                             3A16     3A16       98        4       0
                text73                             2F06     2F06       FA        4       0
                text72                             3C6A     3C6A       90        4       0
                text71                             451E     451E       44        4       0
                text70                             3AAE     3AAE       96        4       0
                text69                             4988     4988       22     24B3       0
                text68                             45A4     45A4       42        4       0
                text67                             4790     4790       2E        4       0
                text66                             4698     4698       36        4       0
                text65                             22C4     22C4      13E        4       0
                text64                             2664     2664      12E        4       0
                text63                             48F8     48F8       26        4       0
                text62                             49D6     49D6       14     24B3       0
                text61                             3D80     3D80       86        4       0
                text60                             4490     4490       48        4       0
                text59                             4762     4762       2E        4       0
                text58                             3F0C     3F0C       82        4       0
                text57                             43F6     43F6       52        4       0
                text56                             1506     1506      252        4       0
                intcode_body                       1E98     1E98      198        4       0
                text54                             49C0     49C0       16     24B3       0
                text53                             48D2     48D2       26        4       0
                text52                             3786     3786       AC        4       0
                text51                             4A18     4A18        E     24B3       0
                text50                             43A0     43A0       56        4       0
                text49                             2D00     2D00      104        4       0
                text48                             465E     465E       3A        4       0
                text47                             48AC     48AC       26        4       0
                text46                             3BD8     3BD8       92        4       0
                text45                             4886     4886       26        4       0
                text44                             36D6     36D6       B0        4       0
                text43                             1B4A     1B4A      1AE        4       0
                text42                             4562     4562       42        4       0
                text41                             3000     3000       F8        4       0
                text40                             3E06     3E06       84        4       0
                text39                             4156     4156       68        4       0
                text38                             4288     4288       5E        4       0
                text37                             2792     2792      12A        4       0
                text36                             2402     2402      134        4       0
                text35                             3CFA     3CFA       86        4       0
                text34                             400C     400C       72        4       0
                text33                             30F8     30F8       F6        4       0
                text32                             4812     4812       28        4       0
                text31                             1296     1296      270        4       0
                text30                             4966     4966       22     24B3       0
                text29                              BE2      BE2      438        4       0
                text28                               12       12      BD0        4       0
                text27                             44D8     44D8       46        4       0
                text26                             29D6     29D6      118        4       0
                text25                             4732     4732       30        4       0
                text24                             2180     2180      144        4       0
                text23                             491E     491E       24        4       0
                text22                             4A0A     4A0A        E     24B3       0
                text21                             4860     4860       26        4       0
                text20                             483A     483A       26        4       0
                text19                             49EA     49EA       12     24B3       0
                text18                             4448     4448       48        4       0
                text17                             2030     2030      150        4       0
                text16                             2BFA     2BFA      106        4       0
                text15                             2536     2536      12E        4       0
                text14                             46CE     46CE       34        4       0
                text13                             49FC     49FC        E     24B3       0
                text12                             4702     4702       30        4       0
                text11                             3F8E     3F8E       7E        4       0
                text10                             1998     1998      1B2        4       0
                text9                              4224     4224       64        4       0
                text8                              31EE     31EE       E8        4       0
                text7                              47EA     47EA       28        4       0
                text6                              407E     407E       70        4       0
                text5                              1CF8     1CF8      1A0        4       0
                text4                              40EE     40EE       68        4       0
                text3                              49AA     49AA       16     24B3       0
                text2                              45E6     45E6       3C        4       0
                text1                              38D6     38D6       A0        4       0
                text0                              1758     1758      240        4       0
                cstackCOMRAM                          1        1       32        1       1
                cstackBANK0                          60       60       A0       60       1
                cstackBANK1                         100      100       EE      100       1
                bssBANK7                            700      700       96      700       1
                bssBANK6                            600      600       C8      600       1
                bssBANK4                            440      440       64      440       1
                bssBANK3                            300      300       DC      300       1
                dataBANK2                           2DB      2DB       23      200       1
                bssBANK2                            200      200       DB      200       1
                bssBANK1                            1EE      1EE       12      100       1
                bssCOMRAM                            33       33       2C        1       1
                cinit                              3E8A     3E8A       82        4       0
                idataBANK2                         4942     4942       23        4       0

TOTAL           Name                               Link     Load   Length     Space
        CLASS   STACK          

        CLASS   CODE           
                intcode                               8        8        6         0
                init                                  E        E        4         0
                reset_vec                             0        0        4         0
                text91                             348A     348A       CC         0
                text90                             361A     361A       BC         0
                text89                             3556     3556       C4         0
                text88                             2AEE     2AEE      10C         0
                text87                             42E6     42E6       5E         0
                text86                             3B44     3B44       94         0
                text85                             4622     4622       3C         0
                text84                             2E04     2E04      102         0
                text83                             41BE     41BE       66         0
                text82                             3832     3832       A4         0
                text81                             4344     4344       5C         0
                text80                             101A     101A      27C         0
                text79                             28BC     28BC      11A         0
                text78                             3976     3976       A0         0
                text77                             47BE     47BE       2C         0
                text76                             32D6     32D6       DC         0
                text75                             33B2     33B2       D8         0
                text74                             3A16     3A16       98         0
                text73                             2F06     2F06       FA         0
                text72                             3C6A     3C6A       90         0
                text71                             451E     451E       44         0
                text70                             3AAE     3AAE       96         0
                text69                             4988     4988       22         0
                text68                             45A4     45A4       42         0
                text67                             4790     4790       2E         0
                text66                             4698     4698       36         0
                text65                             22C4     22C4      13E         0
                text64                             2664     2664      12E         0
                text63                             48F8     48F8       26         0
                text62                             49D6     49D6       14         0
                text61                             3D80     3D80       86         0
                text60                             4490     4490       48         0
                text59                             4762     4762       2E         0
                text58                             3F0C     3F0C       82         0
                text57                             43F6     43F6       52         0
                text56                             1506     1506      252         0
                intcode_body                       1E98     1E98      198         0
                text54                             49C0     49C0       16         0
                text53                             48D2     48D2       26         0
                text52                             3786     3786       AC         0
                text51                             4A18     4A18        E         0
                text50                             43A0     43A0       56         0
                text49                             2D00     2D00      104         0
                text48                             465E     465E       3A         0
                text47                             48AC     48AC       26         0
                text46                             3BD8     3BD8       92         0
                text45                             4886     4886       26         0
                text44                             36D6     36D6       B0         0
                text43                             1B4A     1B4A      1AE         0
                text42                             4562     4562       42         0
                text41                             3000     3000       F8         0
                text40                             3E06     3E06       84         0
                text39                             4156     4156       68         0
                text38                             4288     4288       5E         0
                text37                             2792     2792      12A         0
                text36                             2402     2402      134         0
                text35                             3CFA     3CFA       86         0
                text34                             400C     400C       72         0
                text33                             30F8     30F8       F6         0
                text32                             4812     4812       28         0
                text31                             1296     1296      270         0
                text30                             4966     4966       22         0
                text29                              BE2      BE2      438         0
                text28                               12       12      BD0         0
                text27                             44D8     44D8       46         0
                text26                             29D6     29D6      118         0
                text25                             4732     4732       30         0
                text24                             2180     2180      144         0
                text23                             491E     491E       24         0
                text22                             4A0A     4A0A        E         0
                text21                             4860     4860       26         0
                text20                             483A     483A       26         0
                text19                             49EA     49EA       12         0
                text18                             4448     4448       48         0
                text17                             2030     2030      150         0
                text16                             2BFA     2BFA      106         0
                text15                             2536     2536      12E         0
                text14                             46CE     46CE       34         0
                text13                             49FC     49FC        E         0
                text12                             4702     4702       30         0
                text11                             3F8E     3F8E       7E         0
                text10                             1998     1998      1B2         0
                text9                              4224     4224       64         0
                text8                              31EE     31EE       E8         0
                text7                              47EA     47EA       28         0
                text6                              407E     407E       70         0
                text5                              1CF8     1CF8      1A0         0
                text4                              40EE     40EE       68         0
                text3                              49AA     49AA       16         0
                text2                              45E6     45E6       3C         0
                text1                              38D6     38D6       A0         0
                text0                              1758     1758      240         0
                cinit                              3E8A     3E8A       82         0
                idataBANK2                         4942     4942       23         0

        CLASS   CONST          

        CLASS   SMALLCONST     

        CLASS   MEDIUMCONST    
                mediumconst                        7C50     7C50      3B0         0

        CLASS   COMRAM         
                temp                                 5F       5F        1         1
                cstackCOMRAM                          1        1       32         1
                bssCOMRAM                            33       33       2C         1

        CLASS   ABS1           
                abs_s1                              400      400       40         1
                abs_s1                              500      500       80         1

        CLASS   BIGRAM         

        CLASS   RAM            

        CLASS   BANK0          
                cstackBANK0                          60       60       A0         1

        CLASS   BANK1          
                cstackBANK1                         100      100       EE         1
                bssBANK1                            1EE      1EE       12         1

        CLASS   BANK2          
                dataBANK2                           2DB      2DB       23         1
                bssBANK2                            200      200       DB         1

        CLASS   BANK3          
                bssBANK3                            300      300       DC         1

        CLASS   BANK4          
                bssBANK4                            440      440       64         1

        CLASS   BANK5          

        CLASS   BANK6          
                bssBANK6                            600      600       C8         1

        CLASS   BANK7          
                bssBANK7                            700      700       96         1

        CLASS   SFR            

        CLASS   FARRAM         

        CLASS   CONFIG         
                config                           300000   300000        E         0

        CLASS   IDLOC          
                idloc                            200000   200000        8         0

        CLASS   EEDATA         



SEGMENTS        Name                           Load    Length   Top    Selector   Space  Class

                reset_vec                      000000  000004  000004         0       0  CODE    
                cstackCOMRAM                   000001  00005F  000060         1       1  COMRAM  
                intcode                        000008  00495D  004965         4       0  CODE    
                cstackBANK0                    000060  0000A0  000100        60       1  BANK0   
                cstackBANK1                    000100  000100  000200       100       1  BANK1   
                bssBANK2                       000200  0000FE  0002FE       200       1  BANK2   
                bssBANK3                       000300  0000DC  0003DC       300       1  BANK3   
                bssBANK4                       000440  000064  0004A4       440       1  BANK4   
                bssBANK6                       000600  0000C8  0006C8       600       1  BANK6   
                bssBANK7                       000700  000096  000796       700       1  BANK7   
                text30                         004966  0000C0  004A26      24B3       0  CODE    
                mediumconst                    007C50  0003B0  008000      3E28       0  MEDIUMCO
                idloc                          200000  000008  200008    200000       0  IDLOC   
                config                         300000  00000E  30000E    300000       0  CONFIG  


UNUSED ADDRESS RANGES

        Name                Unused          Largest block    Delta
        BANK2            0002FE-0002FF                2
        BANK3            0003DC-0003FF               24
        BANK4            0004A4-0004FF               5C
        BANK5            000580-0005FF               80
        BANK6            0006C8-0006FF               38
        BANK7            000796-0007FF               6A
        BIGRAM           0002FE-0002FF                2
                         0003DC-0003FF               24
                         0004A4-0004FF               5C
                         000580-0005FF               80
                         0006C8-0006FF               38
                         000796-0007FF               6A
        CODE             000004-000007                4
                         004965-004965                1
                         004A26-007C4F             322A
        CONST            000004-000007                4
                         004965-004965                1
                         004A26-007C4F             322A
        EEDATA           F00000-F000FF              100
        MEDIUMCONST      004965-004965                1
                         004A26-007C4F             322A
        RAM              0002FE-0002FF                2
                         0003DC-0003FF               24
                         0004A4-0004FF               5C
                         000580-0005FF               80
                         0006C8-0006FF               38
                         000796-0007FF               6A
        SFR              000F60-000FFF               A0
        SMALLCONST       004965-004965                1
                         004A26-007C4F              100
        STACK            000580-0005FF               80

                                  Symbol Table

?_USBTransferOnePacket                    cstackBANK0  000060
?___awdiv                                 cstackBANK0  000066
?___awmod                                 cstackBANK0  000060
?___ftadd                                 cstackBANK0  000074
?___ftdiv                                 cstackBANK0  00008F
?___ftmul                                 cstackBANK0  000080
?___ftneg                                 cstackBANK0  000060
?___ftpack                                cstackBANK0  000060
?___ftsub                                 cstackBANK0  000080
?___fttol                                 cstackBANK0  0000B8
?___lbtoft                                cstackBANK0  000068
?___lldiv                                 cstackBANK0  000060
?___llmod                                 cstackBANK0  00006D
?___lltoft                                cstackBANK0  000068
?___wmul                                  cstackBANK0  00006E
?__div_to_l_                              cstackBANK0  000060
?__tdiv_to_l_                             cstackBANK0  000060
?_fround                                  cstackBANK0  00008F
?_le4a20                                  cstackBANK0  00009E
?_leAD                                    cstackBANK0  000060
?_leHorimetro                             cstackBANK0  000060
?_le_pulsos                               cstackBANK0  000060
?_millis                                  cstackBANK0  000060
?_scale                                   cstackBANK0  00008F
?_sprintf                                 cstackBANK0  0000C7
?_strcmp                                  cstackCOMRAM 000001
?_strlen                                  cstackBANK0  000060
?_strncmp                                 cstackCOMRAM 000001
?i2_USBTransferOnePacket                  cstackCOMRAM 000001
?i2_strlen                                cstackCOMRAM 000001
CDCTxService@byte_to_send                 cstackBANK0  00006C
CDCTxService@i                            cstackBANK0  00006B
JoinLoRaWan@status                        cstackBANK0  000087
ResetModuloLoRaWan@status                 cstackBANK0  000087
SYS_InterruptHigh@dig                     cstackCOMRAM 000031
TxLoRaWan@comando                         cstackBANK1  000100
TxLoRaWan@conf                            cstackBANK1  0001C8
TxLoRaWan@data                            cstackBANK0  0000F8
TxLoRaWan@hex                             cstackBANK1  0001CA
TxLoRaWan@i                               cstackBANK1  0001CE
TxLoRaWan@porta                           cstackBANK0  0000F7
TxLoRaWan@status                          cstackBANK1  0001C9
TxLoRaWan@tamData                         cstackBANK0  0000FA
USBConfigureEndpoint@EPNum                cstackCOMRAM 000006
USBConfigureEndpoint@direction            cstackCOMRAM 000001
USBConfigureEndpoint@handle               cstackCOMRAM 000007
USBCtrlTrfInHandler@lastDTS               cstackCOMRAM 000002
USBCtrlTrfRxService@byteToRead            cstackCOMRAM 000002
USBCtrlTrfRxService@i                     cstackCOMRAM 000001
USBCtrlTrfTxService@byteToSend            cstackCOMRAM 000001
USBDeviceInit@i                           cstackBANK0  000068
USBDeviceTasks@i                          cstackCOMRAM 00001C
USBEnableEndpoint@ep                      cstackCOMRAM 00000C
USBEnableEndpoint@options                 cstackCOMRAM 000009
USBEnableEndpoint@p                       cstackCOMRAM 00000A
USBStdFeatureReqHandler@current_ep_data   cstackCOMRAM 000018
USBStdFeatureReqHandler@p                 cstackCOMRAM 000019
USBStdFeatureReqHandler@pUEP              cstackCOMRAM 000016
USBStdGetStatusHandler@p                  cstackCOMRAM 000002
USBStdSetCfgHandler@i                     cstackCOMRAM 000015
USBTransferOnePacket@data                 cstackBANK0  000061
USBTransferOnePacket@dir                  cstackBANK0  000060
USBTransferOnePacket@ep                   cstackBANK0  000068
USBTransferOnePacket@handle               cstackBANK0  000069
USBTransferOnePacket@len                  cstackBANK0  000063
USER_USB_CALLBACK_EVENT_HANDLER@event     cstackCOMRAM 00000D
USER_USB_CALLBACK_EVENT_HANDLER@pdata     cstackCOMRAM 00000F
USER_USB_CALLBACK_EVENT_HANDLER@size      cstackCOMRAM 000011
_ADCON0                                   (abs)        000FC2
_ADCON1                                   (abs)        000FC1
_ADCON2                                   (abs)        000FC0
_ADIE                                     (abs)        007CEE
_ADIF                                     (abs)        007CF6
_ADON                                     (abs)        007E10
_ADRESH                                   (abs)        000FC4
_ADRESL                                   (abs)        000FC3
_BAUDCONbits                              (abs)        000FB8
_BDT                                      (abs)        000400
_BaudRateGen                              bssBANK2     000214
_BothEP0OutUOWNsSet                       bssBANK1     0001FB
_CCP1CON                                  (abs)        000FBD
_CCP1IE                                   (abs)        007CEA
_CCP1IF                                   (abs)        007CF2
_CCPR1H                                   (abs)        000FBF
_CCPR1L                                   (abs)        000FBE
_CDCDataInHandle                          bssBANK2     000244
_CDCDataOutHandle                         bssBANK1     0001F2
_CDCInitEP                                text83       0041BE
_CDCTxService                             text15       002536
_CRC8Table                                mediumconst  007C51
_CtrlTrfData                              (abs)        000438
_EEADR                                    (abs)        000FA9
_EECON1bits                               (abs)        000FA6
_EECON2                                   (abs)        000FA7
_EEDATA                                   (abs)        000FA8
_GIEH                                     (abs)        007F97
_GO_DONE                                  (abs)        007E11
_INTCONbits                               (abs)        000FF2
_IPR1bits                                 (abs)        000F9F
_IPR2bits                                 (abs)        000FA2
_JoinLoRaWan                              text48       00465E
_MAC                                      mediumconst  007EDF
_MAC_JOIN_OTAA                            mediumconst  007EBA
_MAC_SET_CH_STATUS                        mediumconst  007EAC
_MAC_TX_CNF                               mediumconst  007ECD
_MAC_TX_UNCNF                             mediumconst  007EC4
_MSG_LORAWAN                              dataBANK2    0002DB
_PAN_ID                                   bssBANK2     000254
_PIE2bits                                 (abs)        000FA0
_PIR2bits                                 (abs)        000FA1
_PORTCbits                                (abs)        000F82
_PORTDbits                                (abs)        000F83
_PORTEbits                                (abs)        000F84
_RCIE                                     (abs)        007CED
_RCIF                                     (abs)        007CF5
_RCONbits                                 (abs)        000FD0
_RCREG                                    (abs)        000FAE
_RCSTA                                    (abs)        000FAB
_RCSTAbits                                (abs)        000FAB
_RemoteWakeup                             bssBANK1     0001FD
_ResetModuloLoRaWan                       text47       0048AC
_SPBRG                                    (abs)        000FAF
_SPBRGH                                   (abs)        000FB0
_SYS                                      mediumconst  007EDA
_SYS_InterruptHigh                        intcode      000008
_SYS_RESET                                mediumconst  007ED4
_SetupPkt                                 (abs)        000430
_T0CON                                    (abs)        000FD5
_T1CON                                    (abs)        000FCD
_T3CON                                    (abs)        000FB1
_TMR0IE                                   (abs)        007F95
_TMR1H                                    (abs)        000FCF
_TMR1IE                                   (abs)        007CE8
_TMR1L                                    (abs)        000FCE
_TRISAbits                                (abs)        000F92
_TRISCbits                                (abs)        000F94
_TRISDbits                                (abs)        000F95
_TRISEbits                                (abs)        000F96
_TXIF                                     (abs)        007CF4
_TXREG                                    (abs)        000FAD
_TXSTAbits                                (abs)        000FAC
_TxLoRaWan                                text26       0029D6
_UADDR                                    (abs)        000F6E
_UCFG                                     (abs)        000F6F
_UCON                                     (abs)        000F6D
_UCONbits                                 (abs)        000F6D
_UEIE                                     (abs)        000F6B
_UEIR                                     (abs)        000F6A
_UEP0                                     (abs)        000F70
_UEP0bits                                 (abs)        000F70
_UEP1                                     (abs)        000F71
_UIE                                      (abs)        000F69
_UIEbits                                  (abs)        000F69
_UIR                                      (abs)        000F68
_UIRbits                                  (abs)        000F68
_USB1msTickCount                          bssBANK2     000218
_USBActiveConfiguration                   bssCOMRAM    00005E
_USBAlternateInterface                    bssBANK2     0002D9
_USBBusIsSuspended                        bssBANK1     0001FC
_USBCheckCDCRequest                       text82       003832
_USBCheckStdRequest                       text75       0033B2
_USBConfigureEndpoint                     text86       003B44
_USBCtrlEPAllowDataStage                  text74       003A16
_USBCtrlEPAllowStatusStage                text89       003556
_USBCtrlEPService                         text70       003AAE
_USBCtrlEPServiceComplete                 text73       002F06
_USBCtrlTrfInHandler                      text90       00361A
_USBCtrlTrfOutHandler                     text87       0042E6
_USBCtrlTrfRxService                      text88       002AEE
_USBCtrlTrfSetupHandler                   text72       003C6A
_USBCtrlTrfTxService                      text91       00348A
_USBDeferINDataStagePackets               bssBANK1     0001F8
_USBDeferOUTDataStagePackets              bssBANK1     0001F7
_USBDeferStatusStagePacket                bssCOMRAM    000053
_USBDeviceAttach                          text14       0046CE
_USBDeviceDetach                          text13       0049FC
_USBDeviceInit                            text24       002180
_USBDeviceState                           bssCOMRAM    000058
_USBDeviceTasks                           text64       002664
_USBEnableEndpoint                        text85       004622
_USBIE                                    (abs)        007D05
_USBIncrement1msInternalTimers            text69       004988
_USBStallHandler                          text68       0045A4
_USBStatusStageEnabledFlag1               bssBANK1     0001FA
_USBStatusStageEnabledFlag2               bssBANK1     0001F9
_USBStatusStageTimeoutCounter             bssCOMRAM    000054
_USBStdFeatureReqHandler                  text80       00101A
_USBStdGetDscHandler                      text79       0028BC
_USBStdGetStatusHandler                   text78       003976
_USBStdSetCfgHandler                      text76       0032D6
_USBSuspend                               text67       004790
_USBTicksSinceSuspendEnd                  bssBANK1     0001F6
_USBTransferOnePacket                     text16       002BFA
_USBWakeFromSuspend                       text66       004698
_USB_CD_Ptr                               mediumconst  007DED
_USB_SD_Ptr                               mediumconst  007DE7
_USER_USB_CALLBACK_EVENT_HANDLER          text81       004344
_USTAT                                    (abs)        000F6C
_USTATcopy                                bssCOMRAM    00005D
__CFG_BOR$ON                              (abs)        000000
__CFG_BORV$0                              (abs)        000000
__CFG_CP0$OFF                             (abs)        000000
__CFG_CP1$OFF                             (abs)        000000
__CFG_CP2$OFF                             (abs)        000000
__CFG_CP3$OFF                             (abs)        000000
__CFG_CPB$OFF                             (abs)        000000
__CFG_CPD$OFF                             (abs)        000000
__CFG_CPUDIV$OSC1_PLL2                    (abs)        000000
__CFG_DEBUG$OFF                           (abs)        000000
__CFG_FCMEN$OFF                           (abs)        000000
__CFG_FOSC$HSPLL_HS                       (abs)        000000
__CFG_IESO$OFF                            (abs)        000000
__CFG_LPT1OSC$OFF                         (abs)        000000
__CFG_LVP$OFF                             (abs)        000000
__CFG_MCLRE$ON                            (abs)        000000
__CFG_PBADEN$OFF                          (abs)        000000
__CFG_PLLDIV$5                            (abs)        000000
__CFG_PWRT$ON                             (abs)        000000
__CFG_STVREN$ON                           (abs)        000000
__CFG_USBDIV$2                            (abs)        000000
__CFG_VREGEN$ON                           (abs)        000000
__CFG_WDT$OFF                             (abs)        000000
__CFG_WDTPS$32768                         (abs)        000000
__CFG_XINST$OFF                           (abs)        000000
__HRAM                                    (abs)        000000
__Habs1                                   abs1         000000
__Hbank0                                  bank0        000000
__Hbank1                                  bank1        000000
__Hbank2                                  bank2        000000
__Hbank3                                  bank3        000000
__Hbank4                                  bank4        000000
__Hbank5                                  bank5        000000
__Hbank6                                  bank6        000000
__Hbank7                                  bank7        000000
__Hbigbss                                 bigbss       000000
__Hbigdata                                bigdata      000000
__Hbigram                                 bigram       000000
__Hbss                                    bss          000000
__HbssBANK1                               bssBANK1     000000
__HbssBANK2                               bssBANK2     000000
__HbssBANK3                               bssBANK3     000000
__HbssBANK4                               bssBANK4     000000
__HbssBANK6                               bssBANK6     000000
__HbssBANK7                               bssBANK7     000000
__HbssCOMRAM                              bssCOMRAM    000000
__Hcinit                                  cinit        000000
__Hclrtext                                clrtext      000000
__Hcomram                                 comram       000000
__Hconfig                                 config       30000E
__Hconst                                  const        000000
__HcstackBANK0                            cstackBANK0  000000
__HcstackBANK1                            cstackBANK1  000000
__HcstackCOMRAM                           cstackCOMRAM 000000
__Hdata                                   data         000000
__HdataBANK2                              dataBANK2    000000
__Heeprom_data                            eeprom_data  000000
__Hfarbss                                 farbss       000000
__Hfardata                                fardata      000000
__Hibigdata                               ibigdata     000000
__Hidata                                  idata        000000
__HidataBANK2                             idataBANK2   000000
__Hidloc                                  idloc        200008
__Hifardata                               ifardata     000000
__Hinit                                   init         000012
__Hintcode                                intcode      00000E
__Hintcode_body                           intcode_body 000000
__Hintcodelo                              intcodelo    00000E
__Hintentry                               intentry     000000
__Hintret                                 intret       000000
__Hintsave_regs                           intsave_regs 000000
__Hirdata                                 irdata       000000
__Hmediumconst                            mediumconst  008000
__HnvFARRAM                               nvFARRAM     000000
__Hnvbit                                  nvbit        000000
__Hnvrram                                 nvrram       000000
__Hparam                                  rparam       000000
__Hpowerup                                powerup      00000E
__Hram                                    ram          000000
__Hramtop                                 ramtop       000800
__Hrbit                                   rbit         000000
__Hrbss                                   rbss         000000
__Hrdata                                  rdata        000000
__Hreset_vec                              reset_vec    000004
__Hrparam                                 rparam       000000
__Hsfr                                    sfr          000000
__Hsmallconst                             smallconst   000000
__Hspace_0                                (abs)        30000E
__Hspace_1                                (abs)        000796
__Hspace_2                                (abs)        000000
__Hstack                                  stack        000000
__Hstruct                                 struct       000000
__Htemp                                   temp         000060
__Htext                                   text         000000
__Htext0                                  text0        000000
__Htext1                                  text1        000000
__Htext10                                 text10       000000
__Htext11                                 text11       000000
__Htext12                                 text12       000000
__Htext13                                 text13       000000
__Htext14                                 text14       000000
__Htext15                                 text15       000000
__Htext16                                 text16       000000
__Htext17                                 text17       000000
__Htext18                                 text18       000000
__Htext19                                 text19       000000
__Htext2                                  text2        000000
__Htext20                                 text20       000000
__Htext21                                 text21       000000
__Htext22                                 text22       000000
__Htext23                                 text23       000000
__Htext24                                 text24       000000
__Htext25                                 text25       000000
__Htext26                                 text26       000000
__Htext27                                 text27       000000
__Htext28                                 text28       000000
__Htext29                                 text29       000000
__Htext3                                  text3        000000
__Htext30                                 text30       000000
__Htext31                                 text31       000000
__Htext32                                 text32       000000
__Htext33                                 text33       000000
__Htext34                                 text34       000000
__Htext35                                 text35       000000
__Htext36                                 text36       000000
__Htext37                                 text37       000000
__Htext38                                 text38       000000
__Htext39                                 text39       000000
__Htext4                                  text4        000000
__Htext40                                 text40       000000
__Htext41                                 text41       000000
__Htext42                                 text42       000000
__Htext43                                 text43       000000
__Htext44                                 text44       000000
__Htext45                                 text45       000000
__Htext46                                 text46       000000
__Htext47                                 text47       000000
__Htext48                                 text48       000000
__Htext49                                 text49       000000
__Htext5                                  text5        000000
__Htext50                                 text50       000000
__Htext51                                 text51       000000
__Htext52                                 text52       000000
__Htext53                                 text53       000000
__Htext54                                 text54       000000
__Htext56                                 text56       000000
__Htext57                                 text57       000000
__Htext58                                 text58       000000
__Htext59                                 text59       000000
__Htext6                                  text6        000000
__Htext60                                 text60       000000
__Htext61                                 text61       000000
__Htext62                                 text62       000000
__Htext63                                 text63       000000
__Htext64                                 text64       000000
__Htext65                                 text65       000000
__Htext66                                 text66       000000
__Htext67                                 text67       000000
__Htext68                                 text68       000000
__Htext69                                 text69       000000
__Htext7                                  text7        000000
__Htext70                                 text70       000000
__Htext71                                 text71       000000
__Htext72                                 text72       000000
__Htext73                                 text73       000000
__Htext74                                 text74       000000
__Htext75                                 text75       000000
__Htext76                                 text76       000000
__Htext77                                 text77       000000
__Htext78                                 text78       000000
__Htext79                                 text79       000000
__Htext8                                  text8        000000
__Htext80                                 text80       000000
__Htext81                                 text81       000000
__Htext82                                 text82       000000
__Htext83                                 text83       000000
__Htext84                                 text84       000000
__Htext85                                 text85       000000
__Htext86                                 text86       000000
__Htext87                                 text87       000000
__Htext88                                 text88       000000
__Htext89                                 text89       000000
__Htext9                                  text9        000000
__Htext90                                 text90       000000
__Htext91                                 text91       000000
__LRAM                                    (abs)        000001
__Labs1                                   abs1         000000
__Lbank0                                  bank0        000000
__Lbank1                                  bank1        000000
__Lbank2                                  bank2        000000
__Lbank3                                  bank3        000000
__Lbank4                                  bank4        000000
__Lbank5                                  bank5        000000
__Lbank6                                  bank6        000000
__Lbank7                                  bank7        000000
__Lbigbss                                 bigbss       000000
__Lbigdata                                bigdata      000000
__Lbigram                                 bigram       000000
__Lbss                                    bss          000000
__LbssBANK1                               bssBANK1     000000
__LbssBANK2                               bssBANK2     000000
__LbssBANK3                               bssBANK3     000000
__LbssBANK4                               bssBANK4     000000
__LbssBANK6                               bssBANK6     000000
__LbssBANK7                               bssBANK7     000000
__LbssCOMRAM                              bssCOMRAM    000000
__Lcinit                                  cinit        000000
__Lclrtext                                clrtext      000000
__Lcomram                                 comram       000000
__Lconfig                                 config       300000
__Lconst                                  const        000000
__LcstackBANK0                            cstackBANK0  000000
__LcstackBANK1                            cstackBANK1  000000
__LcstackCOMRAM                           cstackCOMRAM 000000
__Ldata                                   data         000000
__LdataBANK2                              dataBANK2    000000
__Leeprom_data                            eeprom_data  000000
__Lfarbss                                 farbss       000000
__Lfardata                                fardata      000000
__Libigdata                               ibigdata     000000
__Lidata                                  idata        000000
__LidataBANK2                             idataBANK2   000000
__Lidloc                                  idloc        200000
__Lifardata                               ifardata     000000
__Linit                                   init         00000E
__Lintcode                                intcode      000008
__Lintcode_body                           intcode_body 000000
__Lintcodelo                              intcodelo    00000E
__Lintentry                               intentry     000000
__Lintret                                 intret       000000
__Lintsave_regs                           intsave_regs 000000
__Lirdata                                 irdata       000000
__Lmediumconst                            mediumconst  007C50
__LnvFARRAM                               nvFARRAM     000000
__Lnvbit                                  nvbit        000000
__Lnvrram                                 nvrram       000000
__Lparam                                  rparam       000000
__Lpowerup                                powerup      00000E
__Lram                                    ram          000000
__Lramtop                                 ramtop       000800
__Lrbit                                   rbit         000000
__Lrbss                                   rbss         000000
__Lrdata                                  rdata        000000
__Lreset_vec                              reset_vec    000000
__Lrparam                                 rparam       000000
__Lsfr                                    sfr          000000
__Lsmallconst                             smallconst   000000
__Lspace_0                                (abs)        000000
__Lspace_1                                (abs)        000000
__Lspace_2                                (abs)        000000
__Lstack                                  stack        000000
__Lstruct                                 struct       000000
__Ltemp                                   temp         00005F
__Ltext                                   text         000000
__Ltext0                                  text0        000000
__Ltext1                                  text1        000000
__Ltext10                                 text10       000000
__Ltext11                                 text11       000000
__Ltext12                                 text12       000000
__Ltext13                                 text13       000000
__Ltext14                                 text14       000000
__Ltext15                                 text15       000000
__Ltext16                                 text16       000000
__Ltext17                                 text17       000000
__Ltext18                                 text18       000000
__Ltext19                                 text19       000000
__Ltext2                                  text2        000000
__Ltext20                                 text20       000000
__Ltext21                                 text21       000000
__Ltext22                                 text22       000000
__Ltext23                                 text23       000000
__Ltext24                                 text24       000000
__Ltext25                                 text25       000000
__Ltext26                                 text26       000000
__Ltext27                                 text27       000000
__Ltext28                                 text28       000000
__Ltext29                                 text29       000000
__Ltext3                                  text3        000000
__Ltext30                                 text30       000000
__Ltext31                                 text31       000000
__Ltext32                                 text32       000000
__Ltext33                                 text33       000000
__Ltext34                                 text34       000000
__Ltext35                                 text35       000000
__Ltext36                                 text36       000000
__Ltext37                                 text37       000000
__Ltext38                                 text38       000000
__Ltext39                                 text39       000000
__Ltext4                                  text4        000000
__Ltext40                                 text40       000000
__Ltext41                                 text41       000000
__Ltext42                                 text42       000000
__Ltext43                                 text43       000000
__Ltext44                                 text44       000000
__Ltext45                                 text45       000000
__Ltext46                                 text46       000000
__Ltext47                                 text47       000000
__Ltext48                                 text48       000000
__Ltext49                                 text49       000000
__Ltext5                                  text5        000000
__Ltext50                                 text50       000000
__Ltext51                                 text51       000000
__Ltext52                                 text52       000000
__Ltext53                                 text53       000000
__Ltext54                                 text54       000000
__Ltext56                                 text56       000000
__Ltext57                                 text57       000000
__Ltext58                                 text58       000000
__Ltext59                                 text59       000000
__Ltext6                                  text6        000000
__Ltext60                                 text60       000000
__Ltext61                                 text61       000000
__Ltext62                                 text62       000000
__Ltext63                                 text63       000000
__Ltext64                                 text64       000000
__Ltext65                                 text65       000000
__Ltext66                                 text66       000000
__Ltext67                                 text67       000000
__Ltext68                                 text68       000000
__Ltext69                                 text69       000000
__Ltext7                                  text7        000000
__Ltext70                                 text70       000000
__Ltext71                                 text71       000000
__Ltext72                                 text72       000000
__Ltext73                                 text73       000000
__Ltext74                                 text74       000000
__Ltext75                                 text75       000000
__Ltext76                                 text76       000000
__Ltext77                                 text77       000000
__Ltext78                                 text78       000000
__Ltext79                                 text79       000000
__Ltext8                                  text8        000000
__Ltext80                                 text80       000000
__Ltext81                                 text81       000000
__Ltext82                                 text82       000000
__Ltext83                                 text83       000000
__Ltext84                                 text84       000000
__Ltext85                                 text85       000000
__Ltext86                                 text86       000000
__Ltext87                                 text87       000000
__Ltext88                                 text88       000000
__Ltext89                                 text89       000000
__Ltext9                                  text9        000000
__Ltext90                                 text90       000000
__Ltext91                                 text91       000000
__S0                                      (abs)        30000E
__S1                                      (abs)        000796
__S2                                      (abs)        000000
___awdiv                                  text35       003CFA
___awdiv@counter                          cstackBANK0  00006A
___awdiv@dividend                         cstackBANK0  000066
___awdiv@divisor                          cstackBANK0  000068
___awdiv@quotient                         cstackBANK0  00006C
___awdiv@sign                             cstackBANK0  00006B
___awmod                                  text34       00400C
___awmod@counter                          cstackBANK0  000064
___awmod@dividend                         cstackBANK0  000060
___awmod@divisor                          cstackBANK0  000062
___awmod@sign                             cstackBANK0  000065
___ftadd                                  text43       001B4A
___ftadd@exp1                             cstackBANK0  00007F
___ftadd@exp2                             cstackBANK0  00007E
___ftadd@f1                               cstackBANK0  000074
___ftadd@f2                               cstackBANK0  000077
___ftadd@sign                             cstackBANK0  00007D
___ftdiv                                  text8        0031EE
___ftdiv@cntr                             cstackBANK0  000098
___ftdiv@exp                              cstackBANK0  00009C
___ftdiv@f1                               cstackBANK0  00008F
___ftdiv@f2                               cstackBANK0  000092
___ftdiv@f3                               cstackBANK0  000099
___ftdiv@sign                             cstackBANK0  00009D
___ftge                                   text46       003BD8
___ftge@ff1                               cstackBANK0  000060
___ftge@ff2                               cstackBANK0  000063
___ftmul                                  text33       0030F8
___ftmul@cntr                             cstackBANK0  00008D
___ftmul@exp                              cstackBANK0  000089
___ftmul@f1                               cstackBANK0  000080
___ftmul@f2                               cstackBANK0  000083
___ftmul@f3_as_product                    cstackBANK0  00008A
___ftmul@sign                             cstackBANK0  00008E
___ftneg                                  text45       004886
___ftneg@f1                               cstackBANK0  000060
___ftpack                                 text44       0036D6
___ftpack@arg                             cstackBANK0  000060
___ftpack@exp                             cstackBANK0  000063
___ftpack@sign                            cstackBANK0  000064
___ftsub                                  text42       004562
___ftsub@f1                               cstackBANK0  000080
___ftsub@f2                               cstackBANK0  000083
___fttol                                  text41       003000
___fttol@exp1                             cstackBANK0  0000C6
___fttol@f1                               cstackBANK0  0000B8
___fttol@lval                             cstackBANK0  0000C2
___fttol@sign1                            cstackBANK0  0000C1
___inthi_sp                               stack        000000
___intlo_sp                               stack        000000
___lbtoft                                 text7        0047EA
___lbtoft@c                               cstackBANK0  00006B
___lldiv                                  text40       003E06
___lldiv@counter                          cstackBANK0  00006C
___lldiv@dividend                         cstackBANK0  000060
___lldiv@divisor                          cstackBANK0  000064
___lldiv@quotient                         cstackBANK0  000068
___llmod                                  text39       004156
___llmod@counter                          cstackBANK0  000075
___llmod@dividend                         cstackBANK0  00006D
___llmod@divisor                          cstackBANK0  000071
___lltoft                                 text38       004288
___lltoft@c                               cstackBANK0  000068
___lltoft@exp                             cstackBANK0  000070
___param_bank                             (abs)        000000
___rparam_used                            (abs)        000001
___sp                                     stack        000000
___wmul                                   text32       004812
___wmul@multiplicand                      cstackBANK0  000070
___wmul@multiplier                        cstackBANK0  00006E
___wmul@product                           cstackBANK0  000072
__accesstop                               (abs)        000060
__activetblptr                            (abs)        000002
__div_to_l_                               text37       002792
__div_to_l_@cntr                          cstackBANK0  00006A
__div_to_l_@exp1                          cstackBANK0  00006B
__div_to_l_@f1                            cstackBANK0  000060
__div_to_l_@f2                            cstackBANK0  000063
__div_to_l_@quot                          cstackBANK0  000066
__end_of_CDCInitEP                        text83       004224
__end_of_CDCTxService                     text15       002664
__end_of_CRC8Table                        mediumconst  007D51
__end_of_JoinLoRaWan                      text48       004698
__end_of_MAC                              mediumconst  007EE4
__end_of_MAC_JOIN_OTAA                    mediumconst  007EC4
__end_of_MAC_SET_CH_STATUS                mediumconst  007EBA
__end_of_MAC_TX_CNF                       mediumconst  007ED4
__end_of_MAC_TX_UNCNF                     mediumconst  007ECD
__end_of_ResetModuloLoRaWan               text47       0048D2
__end_of_SYS                              mediumconst  007EDF
__end_of_SYS_InterruptHigh                intcode_body 002030
__end_of_SYS_RESET                        mediumconst  007EDA
__end_of_TxLoRaWan                        text26       002AEE
__end_of_USBCheckCDCRequest               text82       0038D6
__end_of_USBCheckStdRequest               text75       00348A
__end_of_USBConfigureEndpoint             text86       003BD8
__end_of_USBCtrlEPAllowDataStage          text74       003AAE
__end_of_USBCtrlEPAllowStatusStage        text89       00361A
__end_of_USBCtrlEPService                 text70       003B44
__end_of_USBCtrlEPServiceComplete         text73       003000
__end_of_USBCtrlTrfInHandler              text90       0036D6
__end_of_USBCtrlTrfOutHandler             text87       004344
__end_of_USBCtrlTrfRxService              text88       002BFA
__end_of_USBCtrlTrfSetupHandler           text72       003CFA
__end_of_USBCtrlTrfTxService              text91       003556
__end_of_USBDeviceAttach                  text14       004702
__end_of_USBDeviceDetach                  text13       004A0A
__end_of_USBDeviceInit                    text24       0022C4
__end_of_USBDeviceTasks                   text64       002792
__end_of_USBEnableEndpoint                text85       00465E
__end_of_USBIncrement1msInternalTimers    text69       0049AA
__end_of_USBStallHandler                  text68       0045E6
__end_of_USBStdFeatureReqHandler          text80       001296
__end_of_USBStdGetDscHandler              text79       0029D6
__end_of_USBStdGetStatusHandler           text78       003A16
__end_of_USBStdSetCfgHandler              text76       0033B2
__end_of_USBSuspend                       text67       0047BE
__end_of_USBTransferOnePacket             text16       002D00
__end_of_USBWakeFromSuspend               text66       0046CE
__end_of_USB_CD_Ptr                       mediumconst  007DEF
__end_of_USB_SD_Ptr                       mediumconst  007DED
__end_of_USER_USB_CALLBACK_EVENT_HANDLER  text81       0043A0
__end_of___awdiv                          text35       003D80
__end_of___awmod                          text34       00407E
__end_of___ftadd                          text43       001CF8
__end_of___ftdiv                          text8        0032D6
__end_of___ftge                           text46       003C6A
__end_of___ftmul                          text33       0031EE
__end_of___ftneg                          text45       0048AC
__end_of___ftpack                         text44       003786
__end_of___ftsub                          text42       0045A4
__end_of___fttol                          text41       0030F8
__end_of___lbtoft                         text7        004812
__end_of___lldiv                          text40       003E8A
__end_of___llmod                          text39       0041BE
__end_of___lltoft                         text38       0042E6
__end_of___wmul                           text32       00483A
__end_of__div_to_l_                       text37       0028BC
__end_of__initialization                  cinit        003EFE
__end_of__npowers_                        mediumconst  007DC7
__end_of__powers_                         mediumconst  007DA0
__end_of__tdiv_to_l_                      text36       002536
__end_of_configDescriptor1                mediumconst  007E32
__end_of_converter                        text61       003E06
__end_of_crc8                             text23       004942
__end_of_delay                            text11       00400C
__end_of_device_dsc                       mediumconst  007EAC
__end_of_dpowers                          mediumconst  007D79
__end_of_enviaComando                     text49       002E04
__end_of_fround                           text31       001506
__end_of_get_own_mac_high                 mediumconst  007EF4
__end_of_get_own_mac_low                  mediumconst  007EF6
__end_of_getch                            text63       00491E
__end_of_gravaDadosEeprom                 text17       002180
__end_of_gs_channel                       mediumconst  007EF0
__end_of_gs_encryption                    mediumconst  007EEA
__end_of_gs_pan                           mediumconst  007EF2
__end_of_hexpowers                        mediumconst  007DE7
__end_of_inicializaVariaveis              text9        004288
__end_of_initRecebeDados                  text54       0049D6
__end_of_isdigit                          text30       004988
__end_of_le4a20                           text5        001E98
__end_of_leAD                             text6        0040EE
__end_of_leBombaLigada                    text22       004A18
__end_of_leHorimetro                      text21       004886
__end_of_leMedidas                        text4        004156
__end_of_le_pulsos                        text20       004860
__end_of_main                             text0        001998
__end_of_memcpy                           text71       004562
__end_of_memset                           text25       004762
__end_of_millis                           text53       0048F8
__end_of_parseLoRaWan                     text52       003832
__end_of_putch                            text51       004A26
__end_of_readEeprom                       text19       0049FC
__end_of_recebeByteLoRaWan                text56       001758
__end_of_retornaDadosEeprom               text10       001B4A
__end_of_scale                            text29       00101A
__end_of_sd000                            mediumconst  007EE8
__end_of_sd001                            mediumconst  007E9A
__end_of_sd002                            mediumconst  007E66
__end_of_set_link_key                     mediumconst  007EEC
__end_of_setup_AD                         text3        0049C0
__end_of_setup_ccp1                       text2        004622
__end_of_setup_uart                       text1        003976
__end_of_sprintf                          text28       000BE2
__end_of_strcat                           text27       00451E
__end_of_strcmp                           text60       0044D8
__end_of_strcpy                           text59       004790
__end_of_strlen                           text50       0043F6
__end_of_strncmp                          text58       003F8E
__end_of_toupper                          text62       0049EA
__end_of_verificaUSB                      text12       004732
__end_of_writeEeprom                      text18       004490
__end_of_write_values                     mediumconst  007EEE
__end_ofi2_USBDeviceInit                  text65       002402
__end_ofi2_USBTransferOnePacket           text84       002F06
__end_ofi2_memset                         text77       0047EA
__end_ofi2_strlen                         text57       004448
__initialization                          cinit        003E8A
__mediumconst                             mediumconst  007C50
__npowers_                                mediumconst  007DA0
__pbssBANK1                               bssBANK1     0001EE
__pbssBANK2                               bssBANK2     000200
__pbssBANK3                               bssBANK3     000300
__pbssBANK4                               bssBANK4     000440
__pbssBANK6                               bssBANK6     000600
__pbssBANK7                               bssBANK7     000700
__pbssCOMRAM                              bssCOMRAM    000033
__pcinit                                  cinit        003E8A
__pcstackBANK0                            cstackBANK0  000060
__pcstackBANK1                            cstackBANK1  000100
__pcstackCOMRAM                           cstackCOMRAM 000001
__pdataBANK2                              dataBANK2    0002DB
__pidataBANK2                             idataBANK2   004942
__pintcode                                intcode      000008
__pintcode_body                           intcode_body 001E98
__pmediumconst                            mediumconst  007C50
__powers_                                 mediumconst  007D79
__ptext0                                  text0        001758
__ptext1                                  text1        0038D6
__ptext10                                 text10       001998
__ptext11                                 text11       003F8E
__ptext12                                 text12       004702
__ptext13                                 text13       0049FC
__ptext14                                 text14       0046CE
__ptext15                                 text15       002536
__ptext16                                 text16       002BFA
__ptext17                                 text17       002030
__ptext18                                 text18       004448
__ptext19                                 text19       0049EA
__ptext2                                  text2        0045E6
__ptext20                                 text20       00483A
__ptext21                                 text21       004860
__ptext22                                 text22       004A0A
__ptext23                                 text23       00491E
__ptext24                                 text24       002180
__ptext25                                 text25       004732
__ptext26                                 text26       0029D6
__ptext27                                 text27       0044D8
__ptext28                                 text28       000012
__ptext29                                 text29       000BE2
__ptext3                                  text3        0049AA
__ptext30                                 text30       004966
__ptext31                                 text31       001296
__ptext32                                 text32       004812
__ptext33                                 text33       0030F8
__ptext34                                 text34       00400C
__ptext35                                 text35       003CFA
__ptext36                                 text36       002402
__ptext37                                 text37       002792
__ptext38                                 text38       004288
__ptext39                                 text39       004156
__ptext4                                  text4        0040EE
__ptext40                                 text40       003E06
__ptext41                                 text41       003000
__ptext42                                 text42       004562
__ptext43                                 text43       001B4A
__ptext44                                 text44       0036D6
__ptext45                                 text45       004886
__ptext46                                 text46       003BD8
__ptext47                                 text47       0048AC
__ptext48                                 text48       00465E
__ptext49                                 text49       002D00
__ptext5                                  text5        001CF8
__ptext50                                 text50       0043A0
__ptext51                                 text51       004A18
__ptext52                                 text52       003786
__ptext53                                 text53       0048D2
__ptext54                                 text54       0049C0
__ptext56                                 text56       001506
__ptext57                                 text57       0043F6
__ptext58                                 text58       003F0C
__ptext59                                 text59       004762
__ptext6                                  text6        00407E
__ptext60                                 text60       004490
__ptext61                                 text61       003D80
__ptext62                                 text62       0049D6
__ptext63                                 text63       0048F8
__ptext64                                 text64       002664
__ptext65                                 text65       0022C4
__ptext66                                 text66       004698
__ptext67                                 text67       004790
__ptext68                                 text68       0045A4
__ptext69                                 text69       004988
__ptext7                                  text7        0047EA
__ptext70                                 text70       003AAE
__ptext71                                 text71       00451E
__ptext72                                 text72       003C6A
__ptext73                                 text73       002F06
__ptext74                                 text74       003A16
__ptext75                                 text75       0033B2
__ptext76                                 text76       0032D6
__ptext77                                 text77       0047BE
__ptext78                                 text78       003976
__ptext79                                 text79       0028BC
__ptext8                                  text8        0031EE
__ptext80                                 text80       00101A
__ptext81                                 text81       004344
__ptext82                                 text82       003832
__ptext83                                 text83       0041BE
__ptext84                                 text84       002E04
__ptext85                                 text85       004622
__ptext86                                 text86       003B44
__ptext87                                 text87       0042E6
__ptext88                                 text88       002AEE
__ptext89                                 text89       003556
__ptext9                                  text9        004224
__ptext90                                 text90       00361A
__ptext91                                 text91       00348A
__ramtop                                  ramtop       000800
[...]
  options         1    8[COMRAM] unsigned char 
 Auto vars:     Size  Location     Type
  ep              1   11[COMRAM] unsigned char 
  p               2    9[COMRAM] PTR unsigned char 
		 -> UEP0(1), 
 Return value:  Size  Location     Type
                  1    wreg      void 
 Registers used:
		wreg, fsr2l, fsr2h, status,2, status,0, prodl, prodh, cstack
 Tracked objects:
		On entry : 
		On exit  : 
		Unchanged: 
 Data sizes:     COMRAM   BANK0   BANK1   BANK2   BANK3   BANK4   BANK5   BANK6   BANK7
      Params:         1       0       0       0       0       0       0       0       0
      Locals:         3       0       0       0       0       0       0       0       0
      Temps:          0       0       0       0       0       0       0       0       0
      Totals:         4       0       0       0       0       0       0       0       0
Total ram usage:        4 bytes
 Hardware stack levels used:    1
 Hardware stack levels required when called:    1
 This function calls:
		_USBConfigureEndpoint
 This function is called by:
		_CDCInitEP
 This function uses a non-reentrant model


 *************** function _USBConfigureEndpoint *****************
 Defined at:
		line 1543 in file "../../../../microchip/mla/v2017_03_06/framework/usb/src/usb_device.c"
 Parameters:    Size  Location     Type
  EPNum           1    wreg     unsigned char 
  direction       1    0[COMRAM] unsigned char 
 Auto vars:     Size  Location     Type
  EPNum           1    5[COMRAM] unsigned char 
  handle          2    6[COMRAM] PTR volatile struct __BD
		 -> BDT(48), 
 Return value:  Size  Location     Type
                  1    wreg      void 
 Registers used:
		wreg, fsr2l, fsr2h, status,2, status,0, prodl, prodh
 Tracked objects:
		On entry : 
		On exit  : 
		Unchanged: 
 Data sizes:     COMRAM   BANK0   BANK1   BANK2   BANK3   BANK4   BANK5   BANK6   BANK7
      Params:         1       0       0       0       0       0       0       0       0
      Locals:         3       0       0       0       0       0       0       0       0
      Temps:          4       0       0       0       0       0       0       0       0
      Totals:         8       0       0       0       0       0       0       0       0
Total ram usage:        8 bytes
 Hardware stack levels used:    1
 This function calls:
		Nothing
 This function is called by:
		_USBEnableEndpoint
 This function uses a non-reentrant model


 *************** function _USBCtrlTrfOutHandler *****************
 Defined at:
		line 2538 in file "../../../../microchip/mla/v2017_03_06/framework/usb/src/usb_device.c"
 Parameters:    Size  Location     Type
		None
 Auto vars:     Size  Location     Type
		None
 Return value:  Size  Location     Type
                  1    wreg      void 
 Registers used:
		wreg, fsr1l, fsr1h, fsr2l, fsr2h, status,2, status,0, prodl, prodh, cstack
 Tracked objects:
		On entry : 
		On exit  : 
		Unchanged: 
 Data sizes:     COMRAM   BANK0   BANK1   BANK2   BANK3   BANK4   BANK5   BANK6   BANK7
      Params:         0       0       0       0       0       0       0       0       0
      Locals:         0       0       0       0       0       0       0       0       0
      Temps:          0       0       0       0       0       0       0       0       0
      Totals:         0       0       0       0       0       0       0       0       0
Total ram usage:        0 bytes
 Hardware stack levels used:    1
 Hardware stack levels required when called:    2
 This function calls:
		_USBCtrlTrfRxService
 This function is called by:
		_USBCtrlEPService
 This function uses a non-reentrant model


 *************** function _USBCtrlTrfRxService *****************
 Defined at:
		line 1852 in file "../../../../microchip/mla/v2017_03_06/framework/usb/src/usb_device.c"
 Parameters:    Size  Location     Type
		None
 Auto vars:     Size  Location     Type
  byteToRead      1    1[COMRAM] unsigned char 
  i               1    0[COMRAM] unsigned char 
 Return value:  Size  Location     Type
                  1    wreg      void 
 Registers used:
		wreg, fsr1l, fsr1h, fsr2l, fsr2h, status,2, status,0, prodl, prodh, cstack
 Tracked objects:
		On entry : 
		On exit  : 
		Unchanged: 
 Data sizes:     COMRAM   BANK0   BANK1   BANK2   BANK3   BANK4   BANK5   BANK6   BANK7
      Params:         0       0       0       0       0       0       0       0       0
      Locals:         2       0       0       0       0       0       0       0       0
      Temps:          0       0       0       0       0       0       0       0       0
      Totals:         2       0       0       0       0       0       0       0       0
Total ram usage:        2 bytes
 Hardware stack levels used:    1
 Hardware stack levels required when called:    1
 This function calls:
		_USBCtrlEPAllowStatusStage
 This function is called by:
		_USBCtrlTrfOutHandler
 This function uses a non-reentrant model


 *************** function _USBCtrlEPAllowStatusStage *****************
 Defined at:
		line 1416 in file "../../../../microchip/mla/v2017_03_06/framework/usb/src/usb_device.c"
 Parameters:    Size  Location     Type
		None
 Auto vars:     Size  Location     Type
		None
 Return value:  Size  Location     Type
                  1    wreg      void 
 Registers used:
		wreg, fsr2l, fsr2h, status,2, status,0
 Tracked objects:
		On entry : 
		On exit  : 
		Unchanged: 
 Data sizes:     COMRAM   BANK0   BANK1   BANK2   BANK3   BANK4   BANK5   BANK6   BANK7
      Params:         0       0       0       0       0       0       0       0       0
      Locals:         0       0       0       0       0       0       0       0       0
      Temps:          0       0       0       0       0       0       0       0       0
      Totals:         0       0       0       0       0       0       0       0       0
Total ram usage:        0 bytes
 Hardware stack levels used:    1
 This function calls:
		Nothing
 This function is called by:
		_USBDeviceTasks
		_USBCtrlEPServiceComplete
		_USBCtrlTrfRxService
 This function uses a non-reentrant model


 *************** function _USBCtrlTrfInHandler *****************
 Defined at:
		line 2592 in file "../../../../microchip/mla/v2017_03_06/framework/usb/src/usb_device.c"
 Parameters:    Size  Location     Type
		None
 Auto vars:     Size  Location     Type
  lastDTS         1    1[COMRAM] unsigned char 
 Return value:  Size  Location     Type
                  1    wreg      void 
 Registers used:
		wreg, fsr0l, fsr0h, fsr2l, fsr2h, status,2, status,0, tblptrl, tblptrh, tblptru, cstack
 Tracked objects:
		On entry : 
		On exit  : 
		Unchanged: 
 Data sizes:     COMRAM   BANK0   BANK1   BANK2   BANK3   BANK4   BANK5   BANK6   BANK7
      Params:         0       0       0       0       0       0       0       0       0
      Locals:         1       0       0       0       0       0       0       0       0
      Temps:          0       0       0       0       0       0       0       0       0
      Totals:         1       0       0       0       0       0       0       0       0
Total ram usage:        1 bytes
 Hardware stack levels used:    1
 Hardware stack levels required when called:    1
 This function calls:
		_USBCtrlTrfTxService
 This function is called by:
		_USBCtrlEPService
 This function uses a non-reentrant model


 *************** function _USBCtrlTrfTxService *****************
 Defined at:
		line 1771 in file "../../../../microchip/mla/v2017_03_06/framework/usb/src/usb_device.c"
 Parameters:    Size  Location     Type
		None
 Auto vars:     Size  Location     Type
  byteToSend      1    0[COMRAM] unsigned char 
 Return value:  Size  Location     Type
                  1    wreg      void 
 Registers used:
		wreg, fsr0l, fsr0h, fsr2l, fsr2h, status,2, status,0, tblptrl, tblptrh, tblptru
 Tracked objects:
		On entry : 
		On exit  : 
		Unchanged: 
 Data sizes:     COMRAM   BANK0   BANK1   BANK2   BANK3   BANK4   BANK5   BANK6   BANK7
      Params:         0       0       0       0       0       0       0       0       0
      Locals:         1       0       0       0       0       0       0       0       0
      Temps:          0       0       0       0       0       0       0       0       0
      Totals:         1       0       0       0       0       0       0       0       0
Total ram usage:        1 bytes
 Hardware stack levels used:    1
 This function calls:
		Nothing
 This function is called by:
		_USBCtrlEPAllowDataStage
		_USBCtrlTrfInHandler
 This function uses a non-reentrant model



MODULE INFORMATION

Module		Function		Class		Link	Load	Size
C:\Program Files (x86)\Microchip\xc8\v1.44\sources\common\strcmp.c
		_strcmp        		CODE           	4490	0000	73

C:\Program Files (x86)\Microchip\xc8\v1.44\sources\common\strcmp.c estimated size: 73

C:\Program Files (x86)\Microchip\xc8\v1.44\sources\common\strcpy.c
		_strcpy        		CODE           	4762	0000	47

C:\Program Files (x86)\Microchip\xc8\v1.44\sources\common\strcpy.c estimated size: 47

C:\Program Files (x86)\Microchip\xc8\v1.44\sources\common\lbtoft.c
		___lbtoft      		CODE           	47EA	0000	41

C:\Program Files (x86)\Microchip\xc8\v1.44\sources\common\lbtoft.c estimated size: 41

C:\Program Files (x86)\Microchip\xc8\v1.44\sources\common\memset.c
		_memset        		CODE           	4732	0000	49

C:\Program Files (x86)\Microchip\xc8\v1.44\sources\common\memset.c estimated size: 49

C:\Program Files (x86)\Microchip\xc8\v1.44\sources\common\llmod.c
		___llmod       		CODE           	4156	0000	105

C:\Program Files (x86)\Microchip\xc8\v1.44\sources\common\llmod.c estimated size: 105

Timer.c
		_millis        		CODE           	48D2	0000	39
		_setup_ccp1    		CODE           	45E6	0000	61

Timer.c estimated size: 100

C:\Program Files (x86)\Microchip\xc8\v1.44\sources\common\lltoft.c
		___lltoft      		CODE           	4288	0000	95

C:\Program Files (x86)\Microchip\xc8\v1.44\sources\common\lltoft.c estimated size: 95

C:\Program Files (x86)\Microchip\xc8\v1.44\sources\common\ftmul.c
		___ftmul       		CODE           	30F8	0000	247

C:\Program Files (x86)\Microchip\xc8\v1.44\sources\common\ftmul.c estimated size: 247

C:\Program Files (x86)\Microchip\xc8\v1.44\sources\common\awmod.c
		___awmod       		CODE           	400C	0000	115

C:\Program Files (x86)\Microchip\xc8\v1.44\sources\common\awmod.c estimated size: 115

C:\Program Files (x86)\Microchip\xc8\v1.44\sources\common\ftdiv.c
		___ftdiv       		CODE           	31EE	0000	233

C:\Program Files (x86)\Microchip\xc8\v1.44\sources\common\ftdiv.c estimated size: 233

usb/system.c
		_SYS_InterruptHigh		CODE           	0008	0000	415

usb/system.c estimated size: 415

C:\Program Files (x86)\Microchip\xc8\v1.44\sources\common\strncmp.c
		_strncmp       		CODE           	3F0C	0000	131

C:\Program Files (x86)\Microchip\xc8\v1.44\sources\common\strncmp.c estimated size: 131

XBeeCore.c
		_converter     		CODE           	3D80	0000	135

XBeeCore.c estimated size: 135

C:\Program Files (x86)\Microchip\xc8\v1.44\sources\common\ftge.c
		___ftge        		CODE           	3BD8	0000	147

C:\Program Files (x86)\Microchip\xc8\v1.44\sources\common\ftge.c estimated size: 147

C:\Program Files (x86)\Microchip\xc8\v1.44\sources\common\doprnt.c
		_scale         		CODE           	0BE2	0000	1081
		_sprintf       		CODE           	0012	0000	3025
		_fround        		CODE           	1296	0000	625

C:\Program Files (x86)\Microchip\xc8\v1.44\sources\common\doprnt.c estimated size: 4731

AD.c
		_leAD          		CODE           	407E	0000	113
		_le4a20        		CODE           	1CF8	0000	417
		_setup_AD      		CODE           	49AA	0000	23

AD.c estimated size: 553

C:\Program Files (x86)\Microchip\xc8\v1.44\sources\common\memcpy.c
		_memcpy        		CODE           	451E	0000	69

C:\Program Files (x86)\Microchip\xc8\v1.44\sources\common\memcpy.c estimated size: 69

C:\Program Files (x86)\Microchip\xc8\v1.44\sources\common\ftdivl.c
		__tdiv_to_l_   		CODE           	2402	0000	309

C:\Program Files (x86)\Microchip\xc8\v1.44\sources\common\ftdivl.c estimated size: 309

C:\Program Files (x86)\Microchip\xc8\v1.44\sources\common\toupper.c
		_toupper       		CODE           	49D6	0000	21

C:\Program Files (x86)\Microchip\xc8\v1.44\sources\common\toupper.c estimated size: 21

eeprom.c
		_crc8          		CODE           	491E	0000	37
		_retornaDadosEeprom		CODE           	1998	0000	435
		_readEeprom    		CODE           	49EA	0000	19
		_writeEeprom   		CODE           	4448	0000	73
		_gravaDadosEeprom		CODE           	2030	0000	337

eeprom.c estimated size: 901

C:\Program Files (x86)\Microchip\xc8\v1.44\sources\common\lldiv.c
		___lldiv       		CODE           	3E06	0000	133

C:\Program Files (x86)\Microchip\xc8\v1.44\sources\common\lldiv.c estimated size: 133

C:\Program Files (x86)\Microchip\xc8\v1.44\sources\common\Umul16.c
		___wmul        		CODE           	4812	0000	41

C:\Program Files (x86)\Microchip\xc8\v1.44\sources\common\Umul16.c estimated size: 41

uart/uart.c
		_putch         		CODE           	4A18	0000	15
		_getch         		CODE           	48F8	0000	39
		_setup_uart    		CODE           	38D6	0000	161

uart/uart.c estimated size: 215

C:\Program Files (x86)\Microchip\xc8\v1.44\sources\common\fttol.c
		___fttol       		CODE           	3000	0000	249

C:\Program Files (x86)\Microchip\xc8\v1.44\sources\common\fttol.c estimated size: 249

shared
		_configDescriptor1		MEDIUMCONST    	7DEF	0000	68
		_USB_CD_Ptr    		MEDIUMCONST    	7DED	0000	3
		_sd001         		MEDIUMCONST    	7E66	0000	53
		_set_link_key  		MEDIUMCONST    	7EEA	0000	3
		_MAC           		MEDIUMCONST    	7EDF	0000	6
		_gs_channel    		MEDIUMCONST    	7EEE	0000	3
		__powers_      		MEDIUMCONST    	7D79	0000	40
		_sd002         		MEDIUMCONST    	7E32	0000	53
		_dpowers       		MEDIUMCONST    	7D51	0000	41
		i2_USBDeviceInit		CODE           	22C4	0000	319
		_get_own_mac_high		MEDIUMCONST    	7EF2	0000	3
		_MAC_TX_CNF    		MEDIUMCONST    	7ECD	0000	8
		_SYS           		MEDIUMCONST    	7EDA	0000	6
		__npowers_     		MEDIUMCONST    	7DA0	0000	40
		_MAC_TX_UNCNF  		MEDIUMCONST    	7EC4	0000	10
		_CRC8Table     		MEDIUMCONST    	7C51	0000	257
		__initialization		CODE           	3E8A	0000	117
		_SYS_RESET     		MEDIUMCONST    	7ED4	0000	7
		_MAC_JOIN_OTAA 		MEDIUMCONST    	7EBA	0000	11
		_device_dsc    		MEDIUMCONST    	7E9A	0000	19
		_write_values  		MEDIUMCONST    	7EEC	0000	3
		_hexpowers     		MEDIUMCONST    	7DC7	0000	33
		_get_own_mac_low		MEDIUMCONST    	7EF4	0000	3
		_USB_SD_Ptr    		MEDIUMCONST    	7DE7	0000	7
		i2_strlen      		CODE           	43F6	0000	83
		i2_memset      		CODE           	47BE	0000	45
		_gs_pan        		MEDIUMCONST    	7EF0	0000	3
		_sd000         		MEDIUMCONST    	7EE4	0000	5
		_MAC_SET_CH_STATUS		MEDIUMCONST    	7EAC	0000	15
		i2_USBTransferOnePacket		CODE           	2E04	0000	259
		_gs_encryption 		MEDIUMCONST    	7EE8	0000	3

shared estimated size: 1526

C:\Program Files (x86)\Microchip\xc8\v1.44\sources\common\awdiv.c
		___awdiv       		CODE           	3CFA	0000	135

C:\Program Files (x86)\Microchip\xc8\v1.44\sources\common\awdiv.c estimated size: 135

usb/usb_events.c
		_USER_USB_CALLBACK_EVENT_HANDLER		CODE           	4344	0000	93

usb/usb_events.c estimated size: 93

C:\Program Files (x86)\Microchip\xc8\v1.44\sources\common\ftadd.c
		___ftadd       		CODE           	1B4A	0000	431

C:\Program Files (x86)\Microchip\xc8\v1.44\sources\common\ftadd.c estimated size: 431

../../../../microchip/mla/v2017_03_06/framework/usb/src/usb_device_cdc.c
		_CDCTxService  		CODE           	2536	0000	303
		_CDCInitEP     		CODE           	41BE	0000	103
		_USBCheckCDCRequest		CODE           	3832	0000	165

../../../../microchip/mla/v2017_03_06/framework/usb/src/usb_device_cdc.c estimated size: 571

UT.c
		_delay         		CODE           	3F8E	0000	127
		_verificaUSB   		CODE           	4702	0000	49
		_main          		CODE           	1758	0000	577

UT.c estimated size: 753

../../../../microchip/mla/v2017_03_06/framework/usb/src/usb_device.c
		_USBCtrlTrfInHandler		CODE           	361A	0000	189
		_USBTransferOnePacket		CODE           	2BFA	0000	263
		_USBDeviceDetach		CODE           	49FC	0000	15
		_USBDeviceAttach		CODE           	46CE	0000	53
		_USBStdGetDscHandler		CODE           	28BC	0000	283
		_USBCtrlEPAllowDataStage		CODE           	3A16	0000	153
		_USBStdFeatureReqHandler		CODE           	101A	0000	637
		_USBCtrlEPAllowStatusStage		CODE           	3556	0000	197
		_USBCtrlTrfSetupHandler		CODE           	3C6A	0000	145
		_USBCtrlTrfOutHandler		CODE           	42E6	0000	95
		_USBCtrlEPServiceComplete		CODE           	2F06	0000	251
		_USBSuspend    		CODE           	4790	0000	47
		_USBStdSetCfgHandler		CODE           	32D6	0000	221
		_USBStdGetStatusHandler		CODE           	3976	0000	161
		_USBWakeFromSuspend		CODE           	4698	0000	55
		_USBCtrlTrfRxService		CODE           	2AEE	0000	269
		_USBCtrlTrfTxService		CODE           	348A	0000	205
		_USBEnableEndpoint		CODE           	4622	0000	61
		_USBConfigureEndpoint		CODE           	3B44	0000	149
		_USBDeviceInit 		CODE           	2180	0000	325
		_USBIncrement1msInternalTimers		CODE           	4988	0000	35
		_USBCtrlEPService		CODE           	3AAE	0000	151
		_USBStallHandler		CODE           	45A4	0000	67
		_USBDeviceTasks		CODE           	2664	0000	303
		_USBCheckStdRequest		CODE           	33B2	0000	217

../../../../microchip/mla/v2017_03_06/framework/usb/src/usb_device.c estimated size: 4547

C:\Program Files (x86)\Microchip\xc8\v1.44\sources\common\isdigit.c
		_isdigit       		CODE           	4966	0000	35

C:\Program Files (x86)\Microchip\xc8\v1.44\sources\common\isdigit.c estimated size: 35

Pulses.c
		_leBombaLigada 		CODE           	4A0A	0000	15
		_le_pulsos     		CODE           	483A	0000	39
		_leMedidas     		CODE           	40EE	0000	105
		_inicializaVariaveis		CODE           	4224	0000	101
		_leHorimetro   		CODE           	4860	0000	39

Pulses.c estimated size: 299

C:\Program Files (x86)\Microchip\xc8\v1.44\sources\common\fldivl.c
		__div_to_l_    		CODE           	2792	0000	299

C:\Program Files (x86)\Microchip\xc8\v1.44\sources\common\fldivl.c estimated size: 299

C:\Program Files (x86)\Microchip\xc8\v1.44\sources\common\strcat.c
		_strcat        		CODE           	44D8	0000	71

C:\Program Files (x86)\Microchip\xc8\v1.44\sources\common\strcat.c estimated size: 71

C:\Program Files (x86)\Microchip\xc8\v1.44\sources\common\ftneg.c
		___ftneg       		CODE           	4886	0000	39

C:\Program Files (x86)\Microchip\xc8\v1.44\sources\common\ftneg.c estimated size: 39

LoRaWanCore.c
		_parseLoRaWan  		CODE           	3786	0000	173
		_initRecebeDados		CODE           	49C0	0000	23
		_recebeByteLoRaWan		CODE           	1506	0000	595
		_TxLoRaWan     		CODE           	29D6	0000	281
		_enviaComando  		CODE           	2D00	0000	261
		_JoinLoRaWan   		CODE           	465E	0000	59
		_ResetModuloLoRaWan		CODE           	48AC	0000	39

LoRaWanCore.c estimated size: 1431

C:\Program Files (x86)\Microchip\xc8\v1.44\sources\common\ftsub.c
		___ftsub       		CODE           	4562	0000	67

C:\Program Files (x86)\Microchip\xc8\v1.44\sources\common\ftsub.c estimated size: 67

C:\Program Files (x86)\Microchip\xc8\v1.44\sources\common\float.c
		___ftpack      		CODE           	36D6	0000	177

C:\Program Files (x86)\Microchip\xc8\v1.44\sources\common\float.c estimated size: 177

C:\Program Files (x86)\Microchip\xc8\v1.44\sources\common\strlen.c
		_strlen        		CODE           	43A0	0000	87

C:\Program Files (x86)\Microchip\xc8\v1.44\sources\common\strlen.c estimated size: 87

