Microchip MPLAB XC8 Compiler V1.44 ()

Linker command line:

--edf=C:\Program Files (x86)\Microchip\xc8\v1.44\dat\en_msgs.txt -cs \
  -h+dist/default/production\UT.X_-_Funcionando_Xbee.production.sym \
  --cmf=dist/default/production\UT.X_-_Funcionando_Xbee.production.cmf -z \
  -Q18F4550 -oC:\Users\1622812\AppData\Local\Temp\s4ac.2 \
  -Mdist/default/production/UT.X_-_Funcionando_Xbee.production.map -E1 \
  -ver=XC8 -ASTACK=04A4h-04ffh -pstack=STACK -ACODE=00h-07FFFh \
  -ACONST=00h-07FFFh -ASMALLCONST=0800h-08FFhx120 \
  -AMEDIUMCONST=0800h-07FFFh -ACOMRAM=01h-05Fh -AABS1=00h-07FFh \
  -ABIGRAM=01h-07FFh -ARAM=060h-0FFh,0100h-01FFhx7 -ABANK0=060h-0FFh \
  -ABANK1=0100h-01FFh -ABANK2=0200h-02FFh -ABANK3=0300h-03FFh \
  -ABANK4=0400h-04FFh -ABANK5=0500h-05FFh -ABANK6=0600h-06FFh \
  -ABANK7=0700h-07FFh -ASFR=0F60h-0FFFh \
  -preset_vec=00h,intcode=08h,intcodelo,powerup,init -pramtop=0800h \
  -psmallconst=SMALLCONST -pmediumconst=MEDIUMCONST -pconst=CONST \
  -AFARRAM=00h-00h -ACONFIG=0300000h-030000Dh -pconfig=CONFIG \
  -AIDLOC=0200000h-0200007h -pidloc=IDLOC -AEEDATA=0F00000h-0F000FFh \
  -peeprom_data=EEDATA \
  -prdata=COMRAM,nvrram=COMRAM,nvbit=COMRAM,rbss=COMRAM,rbit=COMRAM \
  -pfarbss=FARRAM,fardata=FARRAM,nvFARRAM=FARRAM \
  -pintsave_regs=BIGRAM,bigbss=BIGRAM,bigdata=BIGRAM -pbss=RAM \
  -pidata=CODE,irdata=CODE,ibigdata=CODE,ifardata=CODE -prparam=COMRAM \
  C:\Users\1622812\AppData\Local\Temp\s4ac.obj \
  dist/default/production\UT.X_-_Funcionando_Xbee.production.obj 

Object code version is 3.11

Machine type is 18F4550

Call graph: (short form)




                Name                               Link     Load   Length Selector   Space Scale
C:\Users\1622812\AppData\Local\Temp\s4ac.obj
                init                                  E        E        4        4       0
                reset_vec                             0        0        4        0       0
                idloc                            200000   200000        8   200000       0
                config                           300000   300000        E   300000       0
dist/default/production\UT.X_-_Funcionando_Xbee.production.obj
                intcode                               8        8        6        4       0
                temp                                 5F       5F        1        1       1
                mediumconst                        7C08     7C08      3F8     3E04       0
                text93                             3DC2     3DC2       D4        4       0
                text92                             3F5A     3F5A       BC        4       0
                text91                             3E96     3E96       C4        4       0
                text90                             3338     3338      10C        4       0
                text89                             4C88     4C88       5E        4       0
                text88                             45E2     45E2       94        4       0
                text87                             5196     5196       3C        4       0
                text86                             364E     364E      102        4       0
                text85                             4B64     4B64       66        4       0
                text84                             40C6     40C6       AE        4       0
                text83                             4CE6     4CE6       5C        4       0
                text82                             2144     2144      284        4       0
                text81                             2E8E     2E8E      12E        4       0
                text80                             42CA     42CA       AA        4       0
                text79                             53A4     53A4       2C        4       0
                text78                             3CE4     3CE4       DE        4       0
                text77                             3B22     3B22       E2        4       0
                text76                             4414     4414       9E        4       0
                text75                             3750     3750       FC        4       0
                text74                             4708     4708       92        4       0
                text73                             4F54     4F54       44        4       0
                text72                             454C     454C       96        4       0
                text71                             5490     5490       24        4       0
                text70                             501C     501C       42        4       0
                text69                             5346     5346       30        4       0
                text68                             527C     527C       36        4       0
                text67                             2AEC     2AEC      140        4       0
                text66                             2D60     2D60      12E        4       0
                text65                             546A     546A       26        4       0
                text64                             550E     550E       14        4       0
                text63                             4820     4820       86        4       0
                text62                             4E3A     4E3A       48        4       0
                text61                             5376     5376       2E        4       0
                text60                             492A     492A       82        4       0
                text59                             4D98     4D98       52        4       0
                text58                             1EAE     1EAE      296        4       0
                intcode_body                       2638     2638      1C2        4       0
                text56                             54F8     54F8       16        4       0
                text55                             5444     5444       26        4       0
                text54                             4174     4174       AC        4       0
                text53                             5540     5540        E        4       0
                text52                             4D42     4D42       56        4       0
                text51                             354A     354A      104        4       0
                text50                             4676     4676       92        4       0
                text49                             541E     541E       26        4       0
                text48                             4016     4016       B0        4       0
                text47                             27FA     27FA      1AE        4       0
                text46                             4FDA     4FDA       42        4       0
                text45                             384C     384C       F8        4       0
                text44                             48A6     48A6       84        4       0
                text43                             4AFC     4AFC       68        4       0
                text42                             4C2A     4C2A       5E        4       0
                text41                             30E8     30E8      12A        4       0
                text40                             2C2C     2C2C      134        4       0
                text39                             479A     479A       86        4       0
                text38                             4A1E     4A1E       72        4       0
                text37                             3944     3944       F6        4       0
                text36                             53D0     53D0       28        4       0
                text35                             23C8     23C8      270        4       0
                text34                             54D6     54D6       22        4       0
                text33                             16A6     16A6      438        4       0
                text32                               12       12      CA4        4       0
                text31                             4F0E     4F0E       46        4       0
                text30                             5246     5246       36        4       0
                text29                             5158     5158       3E        4       0
                text28                             511A     511A       3E        4       0
                text27                             50DC     50DC       3E        4       0
                text26                             4EC8     4EC8       46        4       0
                text25                             4A90     4A90       6C        4       0
                text24                             509E     509E       3E        4       0
                text23                             505E     505E       40        4       0
                text22                             520C     520C       3A        4       0
                text21                             53F8     53F8       26        4       0
                text20                             4BCA     4BCA       60        4       0
                text19                             4E82     4E82       46        4       0
                text18                             1ADE     1ADE      3D0        4       0
                text17                             5316     5316       30        4       0
                text16                             29A8     29A8      144        4       0
                text15                             3444     3444      106        4       0
                text14                             3212     3212      126        4       0
                text13                             52B2     52B2       34        4       0
                text12                             5532     5532        E        4       0
                text11                             52E6     52E6       30        4       0
                text10                             49AC     49AC       72        4       0
                text9                              51D2     51D2       3A        4       0
                text8                              3A3A     3A3A       E8        4       0
                text7                              2FBC     2FBC      12C        4       0
                text6                              3C04     3C04       E0        4       0
                text5                              4DEA     4DEA       50        4       0
                text4                              5522     5522       10        4       0
                text3                              4F98     4F98       42        4       0
                text2                              4220     4220       AA        4       0
                text1                              4374     4374       A0        4       0
                text0                               CB6      CB6      9F0        4       0
                cstackCOMRAM                          1        1       37        1       1
                cstackBANK0                          60       60       99       60       1
                cstackBANK1                         100      100       F7      100       1
                cstackBANK2                         200      200       C8      200       1
                bssBANK7                            700      700       FA      700       1
                bssBANK6                            600      600       FA      600       1
                bssBANK5                            580      580       64      580       1
                bssBANK4                            440      440       64      440       1
                dataBANK3                           3C5      3C5       22      300       1
                bssBANK3                            300      300       C5      300       1
                bssBANK2                            2C8      2C8       37      200       1
                bssBANK1                            1F7      1F7        9      100       1
                bssBANK0                             F9       F9        7       60       1
                bssCOMRAM                            38       38       27        1       1
                cinit                              44B2     44B2       9A        4       0
                idataBANK3                         54B4     54B4       22        4       0

TOTAL           Name                               Link     Load   Length     Space
        CLASS   STACK          

        CLASS   CODE           
                intcode                               8        8        6         0
                init                                  E        E        4         0
                reset_vec                             0        0        4         0
                text93                             3DC2     3DC2       D4         0
                text92                             3F5A     3F5A       BC         0
                text91                             3E96     3E96       C4         0
                text90                             3338     3338      10C         0
                text89                             4C88     4C88       5E         0
                text88                             45E2     45E2       94         0
                text87                             5196     5196       3C         0
                text86                             364E     364E      102         0
                text85                             4B64     4B64       66         0
                text84                             40C6     40C6       AE         0
                text83                             4CE6     4CE6       5C         0
                text82                             2144     2144      284         0
                text81                             2E8E     2E8E      12E         0
                text80                             42CA     42CA       AA         0
                text79                             53A4     53A4       2C         0
                text78                             3CE4     3CE4       DE         0
                text77                             3B22     3B22       E2         0
                text76                             4414     4414       9E         0
                text75                             3750     3750       FC         0
                text74                             4708     4708       92         0
                text73                             4F54     4F54       44         0
                text72                             454C     454C       96         0
                text71                             5490     5490       24         0
                text70                             501C     501C       42         0
                text69                             5346     5346       30         0
                text68                             527C     527C       36         0
                text67                             2AEC     2AEC      140         0
                text66                             2D60     2D60      12E         0
                text65                             546A     546A       26         0
                text64                             550E     550E       14         0
                text63                             4820     4820       86         0
                text62                             4E3A     4E3A       48         0
                text61                             5376     5376       2E         0
                text60                             492A     492A       82         0
                text59                             4D98     4D98       52         0
                text58                             1EAE     1EAE      296         0
                intcode_body                       2638     2638      1C2         0
                text56                             54F8     54F8       16         0
                text55                             5444     5444       26         0
                text54                             4174     4174       AC         0
                text53                             5540     5540        E         0
                text52                             4D42     4D42       56         0
                text51                             354A     354A      104         0
                text50                             4676     4676       92         0
                text49                             541E     541E       26         0
                text48                             4016     4016       B0         0
                text47                             27FA     27FA      1AE         0
                text46                             4FDA     4FDA       42         0
                text45                             384C     384C       F8         0
                text44                             48A6     48A6       84         0
                text43                             4AFC     4AFC       68         0
                text42                             4C2A     4C2A       5E         0
                text41                             30E8     30E8      12A         0
                text40                             2C2C     2C2C      134         0
                text39                             479A     479A       86         0
                text38                             4A1E     4A1E       72         0
                text37                             3944     3944       F6         0
                text36                             53D0     53D0       28         0
                text35                             23C8     23C8      270         0
                text34                             54D6     54D6       22         0
                text33                             16A6     16A6      438         0
                text32                               12       12      CA4         0
                text31                             4F0E     4F0E       46         0
                text30                             5246     5246       36         0
                text29                             5158     5158       3E         0
                text28                             511A     511A       3E         0
                text27                             50DC     50DC       3E         0
                text26                             4EC8     4EC8       46         0
                text25                             4A90     4A90       6C         0
                text24                             509E     509E       3E         0
                text23                             505E     505E       40         0
                text22                             520C     520C       3A         0
                text21                             53F8     53F8       26         0
                text20                             4BCA     4BCA       60         0
                text19                             4E82     4E82       46         0
                text18                             1ADE     1ADE      3D0         0
                text17                             5316     5316       30         0
                text16                             29A8     29A8      144         0
                text15                             3444     3444      106         0
                text14                             3212     3212      126         0
                text13                             52B2     52B2       34         0
                text12                             5532     5532        E         0
                text11                             52E6     52E6       30         0
                text10                             49AC     49AC       72         0
                text9                              51D2     51D2       3A         0
                text8                              3A3A     3A3A       E8         0
                text7                              2FBC     2FBC      12C         0
                text6                              3C04     3C04       E0         0
                text5                              4DEA     4DEA       50         0
                text4                              5522     5522       10         0
                text3                              4F98     4F98       42         0
                text2                              4220     4220       AA         0
                text1                              4374     4374       A0         0
                text0                               CB6      CB6      9F0         0
                cinit                              44B2     44B2       9A         0
                idataBANK3                         54B4     54B4       22         0

        CLASS   CONST          

        CLASS   SMALLCONST     

        CLASS   MEDIUMCONST    
                mediumconst                        7C08     7C08      3F8         0

        CLASS   COMRAM         
                temp                                 5F       5F        1         1
                cstackCOMRAM                          1        1       37         1
                bssCOMRAM                            38       38       27         1

        CLASS   ABS1           
                abs_s1                              400      400       40         1
                abs_s1                              500      500       80         1

        CLASS   BIGRAM         

        CLASS   RAM            

        CLASS   BANK0          
                cstackBANK0                          60       60       99         1
                bssBANK0                             F9       F9        7         1

        CLASS   BANK1          
                cstackBANK1                         100      100       F7         1
                bssBANK1                            1F7      1F7        9         1

        CLASS   BANK2          
                cstackBANK2                         200      200       C8         1
                bssBANK2                            2C8      2C8       37         1

        CLASS   BANK3          
                dataBANK3                           3C5      3C5       22         1
                bssBANK3                            300      300       C5         1

        CLASS   BANK4          
                bssBANK4                            440      440       64         1

        CLASS   BANK5          
                bssBANK5                            580      580       64         1

        CLASS   BANK6          
                bssBANK6                            600      600       FA         1

        CLASS   BANK7          
                bssBANK7                            700      700       FA         1

        CLASS   SFR            

        CLASS   FARRAM         

        CLASS   CONFIG         
                config                           300000   300000        E         0

        CLASS   IDLOC          
                idloc                            200000   200000        8         0

        CLASS   EEDATA         



SEGMENTS        Name                           Load    Length   Top    Selector   Space  Class

                reset_vec                      000000  000004  000004         0       0  CODE    
                cstackCOMRAM                   000001  00005F  000060         1       1  COMRAM  
                intcode                        000008  005546  00554E         4       0  CODE    
                cstackBANK0                    000060  0000A0  000100        60       1  BANK0   
                cstackBANK1                    000100  000100  000200       100       1  BANK1   
                cstackBANK2                    000200  0000FF  0002FF       200       1  BANK2   
                bssBANK3                       000300  0000E7  0003E7       300       1  BANK3   
                bssBANK4                       000440  000064  0004A4       440       1  BANK4   
                bssBANK5                       000580  000064  0005E4       580       1  BANK5   
                bssBANK6                       000600  0000FA  0006FA       600       1  BANK6   
                bssBANK7                       000700  0000FA  0007FA       700       1  BANK7   
                mediumconst                    007C08  0003F8  008000      3E04       0  MEDIUMCO
                idloc                          200000  000008  200008    200000       0  IDLOC   
                config                         300000  00000E  30000E    300000       0  CONFIG  


UNUSED ADDRESS RANGES

        Name                Unused          Largest block    Delta
        BANK2            0002FF-0002FF                1
        BANK3            0003E7-0003FF               19
        BANK4            0004A4-0004FF               5C
        BANK5            0005E4-0005FF               1C
        BANK6            0006FA-0006FF                6
        BANK7            0007FA-0007FF                6
        BIGRAM           0002FF-0002FF                1
                         0003E7-0003FF               19
                         0004A4-0004FF               5C
                         0005E4-0005FF               1C
                         0006FA-0006FF                6
                         0007FA-0007FF                6
        CODE             000004-000007                4
                         00554E-007C07             26BA
        CONST            000004-000007                4
                         00554E-007C07             26BA
        EEDATA           F00000-F000FF              100
        MEDIUMCONST      00554E-007C07             26BA
        RAM              0002FF-0002FF                1
                         0003E7-0003FF               19
                         0004A4-0004FF               5C
                         0005E4-0005FF               1C
                         0006FA-0006FF                6
                         0007FA-0007FF                6
        SFR              000F60-000FFF               A0
        SMALLCONST       00554E-007C07              100
        STACK            0004A4-0004FF               5C

                                  Symbol Table

?_USBTransferOnePacket                    cstackBANK0  000060
?___awdiv                                 cstackBANK0  000066
?___awmod                                 cstackBANK0  000060
?___awtoft                                cstackBANK0  000068
?___ftadd                                 cstackBANK0  000074
?___ftdiv                                 cstackBANK0  00008F
?___ftmul                                 cstackBANK0  000080
?___ftneg                                 cstackBANK0  000060
?___ftpack                                cstackBANK0  000060
?___ftsub                                 cstackBANK0  000080
?___fttol                                 cstackBANK0  0000B0
?___lldiv                                 cstackBANK0  000060
?___llmod                                 cstackBANK0  00006D
?___lltoft                                cstackBANK0  000068
?___wmul                                  cstackBANK0  00006E
?__div_to_l_                              cstackBANK0  000060
?__tdiv_to_l_                             cstackBANK0  000060
?_fround                                  cstackBANK0  00008F
?_le_AD                                   cstackBANK0  00009E
?_le_pulsos                               cstackBANK0  000065
?_millis                                  cstackBANK0  000060
?_scale                                   cstackBANK0  00008F
?_sprintf                                 cstackBANK0  0000BF
?_strcmp                                  cstackCOMRAM 000001
?_strlen                                  cstackBANK0  000060
?_strncmp                                 cstackCOMRAM 000001
?i2_USBTransferOnePacket                  cstackCOMRAM 000001
?i2_strlen                                cstackCOMRAM 000001
CDCTxService@byte_to_send                 cstackBANK0  00006C
CDCTxService@i                            cstackBANK0  00006B
DataRate@comando                          cstackBANK1  000120
DataRate@dr                               cstackBANK0  0000F1
DataRate@status                           cstackBANK1  00011E
JoinLoRaWan@status                        cstackBANK0  000087
MacSave@comando                           cstackBANK0  0000F2
MacSave@status                            cstackBANK0  0000F1
ResetModuloLoRaWan@status                 cstackBANK0  000087
SYS_InterruptHigh@dig1                    cstackCOMRAM 000030
SYS_InterruptHigh@dig2                    cstackCOMRAM 000032
SYS_InterruptHigh@dig3                    cstackCOMRAM 000034
SYS_InterruptHigh@dig4                    cstackCOMRAM 000036
SetAdr@comando                            cstackBANK1  00011E
SetAdr@state                              cstackBANK0  0000F1
SetAdr@status                             cstackBANK1  00012D
SetAppEUI@comando                         cstackBANK1  00011E
SetAppEUI@state                           cstackBANK0  0000F1
SetAppEUI@status                          cstackBANK1  00013E
SetAppKey@comando                         cstackBANK1  00011E
SetAppKey@state                           cstackBANK0  0000F1
SetAppKey@status                          cstackBANK1  000150
SetBandWidth@bw                           cstackBANK0  0000F1
SetBandWidth@comando                      cstackBANK1  00011E
SetBandWidth@status                       cstackBANK1  000132
SetChannelLoRaWan@canal                   cstackBANK1  000138
SetChannelLoRaWan@comando                 cstackBANK1  00011E
SetChannelLoRaWan@ligado                  cstackBANK0  0000F1
SetChannelLoRaWan@status                  cstackBANK1  000137
SetDevEUI@comando                         cstackBANK1  00011E
SetDevEUI@state                           cstackBANK0  0000F1
SetDevEUI@status                          cstackBANK1  00013E
SetSpreadingFactor@comando                cstackBANK1  00011E
SetSpreadingFactor@sf                     cstackBANK1  000133
SetSpreadingFactor@status                 cstackBANK1  000132
TxLoRaWan@comando                         cstackBANK1  00011E
TxLoRaWan@conf                            cstackBANK1  0001E6
TxLoRaWan@data                            cstackBANK0  0000F2
TxLoRaWan@hex                             cstackBANK1  0001E8
TxLoRaWan@i                               cstackBANK1  0001EC
TxLoRaWan@porta                           cstackBANK0  0000F1
TxLoRaWan@status                          cstackBANK1  0001E7
TxLoRaWan@tamData                         cstackBANK0  0000F4
USBConfigureEndpoint@EPNum                cstackCOMRAM 000006
USBConfigureEndpoint@direction            cstackCOMRAM 000001
USBConfigureEndpoint@handle               cstackCOMRAM 000007
USBCtrlTrfInHandler@lastDTS               cstackCOMRAM 000002
USBCtrlTrfRxService@byteToRead            cstackCOMRAM 000002
USBCtrlTrfRxService@i                     cstackCOMRAM 000001
USBCtrlTrfTxService@byteToSend            cstackCOMRAM 000001
USBDeviceInit@i                           cstackBANK0  000068
USBDeviceTasks@i                          cstackCOMRAM 00001C
USBEnableEndpoint@ep                      cstackCOMRAM 00000C
USBEnableEndpoint@options                 cstackCOMRAM 000009
USBEnableEndpoint@p                       cstackCOMRAM 00000A
USBStdFeatureReqHandler@current_ep_data   cstackCOMRAM 000018
USBStdFeatureReqHandler@p                 cstackCOMRAM 000019
USBStdFeatureReqHandler@pUEP              cstackCOMRAM 000016
USBStdGetStatusHandler@p                  cstackCOMRAM 000002
USBStdSetCfgHandler@i                     cstackCOMRAM 000015
USBTransferOnePacket@data                 cstackBANK0  000061
USBTransferOnePacket@dir                  cstackBANK0  000060
USBTransferOnePacket@ep                   cstackBANK0  000068
USBTransferOnePacket@handle               cstackBANK0  000069
USBTransferOnePacket@len                  cstackBANK0  000063
USER_USB_CALLBACK_EVENT_HANDLER@event     cstackCOMRAM 00000D
USER_USB_CALLBACK_EVENT_HANDLER@pdata     cstackCOMRAM 00000F
USER_USB_CALLBACK_EVENT_HANDLER@size      cstackCOMRAM 000011
_ADCON0                                   (abs)        000FC2
_ADCON1                                   (abs)        000FC1
_ADCON2                                   (abs)        000FC0
_ADIE                                     (abs)        007CEE
_ADIF                                     (abs)        007CF6
_ADON                                     (abs)        007E10
_ADRESH                                   (abs)        000FC4
_ADRESL                                   (abs)        000FC3
_BAUDCONbits                              (abs)        000FB8
_BDT                                      (abs)        000400
_BaudRateGen                              bssBANK3     000326
_BothEP0OutUOWNsSet                       bssBANK2     0002EA
_CCP1CON                                  (abs)        000FBD
_CCP1IE                                   (abs)        007CEA
_CCP1IF                                   (abs)        007CF2
_CCPR1H                                   (abs)        000FBF
_CCPR1L                                   (abs)        000FBE
_CDCDataInHandle                          bssBANK2     0002D8
_CDCDataOutHandle                         bssCOMRAM    00004A
_CDCInitEP                                text85       004B64
_CDCTxService                             text14       003212
_CtrlTrfData                              (abs)        000438
_DataRate                                 text31       004F0E
_EEADR                                    (abs)        000FA9
_EECON1bits                               (abs)        000FA6
_EECON2                                   (abs)        000FA7
_EEDATA                                   (abs)        000FA8
_GIEH                                     (abs)        007F97
_GO_DONE                                  (abs)        007E11
_INTCONbits                               (abs)        000FF2
_IPR1bits                                 (abs)        000F9F
_IPR2bits                                 (abs)        000FA2
_JoinLoRaWan                              text22       00520C
_LATDbits                                 (abs)        000F8C
_LATEbits                                 (abs)        000F8D
_MAC                                      mediumconst  007DFB
_MAC_GET_ADR                              mediumconst  007DCD
_MAC_GET_DNCTR                            mediumconst  007DB0
_MAC_JOIN_OTAA                            mediumconst  007DBA
_MAC_SAVE                                 mediumconst  007DF6
_MAC_SET_ADR                              mediumconst  007DD5
_MAC_SET_APPEUI                           mediumconst  007D9A
_MAC_SET_APPKEY                           mediumconst  007D8F
_MAC_SET_BW                               mediumconst  007D82
_MAC_SET_CH_STATUS                        mediumconst  007D74
_MAC_SET_DEVEUI                           mediumconst  007DA5
_MAC_SET_DR                               mediumconst  007DDD
_MAC_SET_SF                               mediumconst  007D64
_MAC_TX_CNF                               mediumconst  007DE4
_MAC_TX_UNCNF                             mediumconst  007DC4
_MSG_LORAWAN                              dataBANK3    0003C5
_MacSave                                  text30       005246
_PAN_ID                                   bssBANK3     000350
_PIE2bits                                 (abs)        000FA0
_PIR2bits                                 (abs)        000FA1
_PORTCbits                                (abs)        000F82
_PORTDbits                                (abs)        000F83
_PORTEbits                                (abs)        000F84
_RCIE                                     (abs)        007CED
_RCIF                                     (abs)        007CF5
_RCONbits                                 (abs)        000FD0
_RCREG                                    (abs)        000FAE
_RCSTA                                    (abs)        000FAB
_RCSTAbits                                (abs)        000FAB
_RemoteWakeup                             bssBANK1     0001FA
_ResetModuloLoRaWan                       text21       0053F8
_SPBRG                                    (abs)        000FAF
_SPBRGH                                   (abs)        000FB0
_STATE_OFF                                mediumconst  007E04
_STATE_ON                                 mediumconst  007E08
_SYS                                      mediumconst  007DF1
_SYS_InterruptHigh                        intcode      000008
_SYS_RESET                                mediumconst  007DEB
_Sequence                                 bssBANK2     0002EB
_SetAdr                                   text29       005158
_SetAppEUI                                text28       00511A
_SetAppKey                                text27       0050DC
_SetBandWidth                             text26       004EC8
_SetChannelLoRaWan                        text25       004A90
_SetDevEUI                                text24       00509E
_SetSpreadingFactor                       text23       00505E
_SetupPkt                                 (abs)        000430
_T0CON                                    (abs)        000FD5
_T1CON                                    (abs)        000FCD
_T3CON                                    (abs)        000FB1
_TMR0IE                                   (abs)        007F95
_TMR1H                                    (abs)        000FCF
_TMR1IE                                   (abs)        007CE8
_TMR1L                                    (abs)        000FCE
_TRISCbits                                (abs)        000F94
_TRISDbits                                (abs)        000F95
_TRISEbits                                (abs)        000F96
_TXIF                                     (abs)        007CF4
_TXREG                                    (abs)        000FAD
_TXSTAbits                                (abs)        000FAC
_TxLoRaWan                                text18       001ADE
_UADDR                                    (abs)        000F6E
_UCFG                                     (abs)        000F6F
_UCON                                     (abs)        000F6D
_UCONbits                                 (abs)        000F6D
_UEIE                                     (abs)        000F6B
_UEIR                                     (abs)        000F6A
_UEP0                                     (abs)        000F70
_UEP0bits                                 (abs)        000F70
_UEP1                                     (abs)        000F71
_UIE                                      (abs)        000F69
_UIEbits                                  (abs)        000F69
_UIR                                      (abs)        000F68
_UIRbits                                  (abs)        000F68
_USB1msTickCount                          bssBANK2     0002CE
_USBActiveConfiguration                   bssCOMRAM    00005E
_USBAlternateInterface                    bssBANK2     0002FD
_USBBusIsSuspended                        bssBANK1     0001F9
_USBCheckCDCRequest                       text84       0040C6
_USBCheckStdRequest                       text77       003B22
_USBConfigureEndpoint                     text88       0045E2
_USBCtrlEPAllowDataStage                  text76       004414
_USBCtrlEPAllowStatusStage                text91       003E96
_USBCtrlEPService                         text72       00454C
_USBCtrlEPServiceComplete                 text75       003750
_USBCtrlTrfInHandler                      text92       003F5A
_USBCtrlTrfOutHandler                     text89       004C88
_USBCtrlTrfRxService                      text90       003338
_USBCtrlTrfSetupHandler                   text74       004708
_USBCtrlTrfTxService                      text93       003DC2
_USBDeferINDataStagePackets               bssBANK2     0002E7
_USBDeferOUTDataStagePackets              bssBANK2     0002E6
_USBDeferStatusStagePacket                bssCOMRAM    000053
_USBDeviceAttach                          text13       0052B2
_USBDeviceDetach                          text12       005532
_USBDeviceInit                            text16       0029A8
_USBDeviceState                           bssCOMRAM    000058
_USBDeviceTasks                           text66       002D60
_USBEnableEndpoint                        text87       005196
_USBIE                                    (abs)        007D05
_USBIncrement1msInternalTimers            text71       005490
_USBStallHandler                          text70       00501C
_USBStatusStageEnabledFlag1               bssBANK2     0002E9
_USBStatusStageEnabledFlag2               bssBANK2     0002E8
_USBStatusStageTimeoutCounter             bssCOMRAM    000054
_USBStdFeatureReqHandler                  text82       002144
_USBStdGetDscHandler                      text81       002E8E
_USBStdGetStatusHandler                   text80       0042CA
_USBStdSetCfgHandler                      text78       003CE4
_USBSuspend                               text69       005346
_USBTicksSinceSuspendEnd                  bssBANK2     0002E5
_USBTransferOnePacket                     text15       003444
_USBWakeFromSuspend                       text68       00527C
_USB_CD_Ptr                               mediumconst  007CA5
_USB_SD_Ptr                               mediumconst  007C9F
_USER_USB_CALLBACK_EVENT_HANDLER          text83       004CE6
_USTAT                                    (abs)        000F6C
_USTATcopy                                bssCOMRAM    00005D
__CFG_BOR$ON                              (abs)        000000
__CFG_BORV$0                              (abs)        000000
__CFG_CP0$OFF                             (abs)        000000
__CFG_CP1$OFF                             (abs)        000000
__CFG_CP2$OFF                             (abs)        000000
__CFG_CP3$OFF                             (abs)        000000
__CFG_CPB$OFF                             (abs)        000000
__CFG_CPD$OFF                             (abs)        000000
__CFG_CPUDIV$OSC1_PLL2                    (abs)        000000
__CFG_DEBUG$OFF                           (abs)        000000
__CFG_FCMEN$OFF                           (abs)        000000
__CFG_FOSC$HSPLL_HS                       (abs)        000000
__CFG_IESO$OFF                            (abs)        000000
__CFG_LPT1OSC$OFF                         (abs)        000000
__CFG_LVP$OFF                             (abs)        000000
__CFG_MCLRE$ON                            (abs)        000000
__CFG_PBADEN$OFF                          (abs)        000000
__CFG_PLLDIV$5                            (abs)        000000
__CFG_PWRT$ON                             (abs)        000000
__CFG_STVREN$ON                           (abs)        000000
__CFG_USBDIV$2                            (abs)        000000
__CFG_VREGEN$ON                           (abs)        000000
__CFG_WDT$OFF                             (abs)        000000
__CFG_WDTPS$32768                         (abs)        000000
__CFG_XINST$OFF                           (abs)        000000
__HRAM                                    (abs)        000000
__Habs1                                   abs1         000000
__Hbank0                                  bank0        000000
__Hbank1                                  bank1        000000
__Hbank2                                  bank2        000000
__Hbank3                                  bank3        000000
__Hbank4                                  bank4        000000
__Hbank5                                  bank5        000000
__Hbank6                                  bank6        000000
__Hbank7                                  bank7        000000
__Hbigbss                                 bigbss       000000
__Hbigdata                                bigdata      000000
__Hbigram                                 bigram       000000
__Hbss                                    bss          000000
__HbssBANK0                               bssBANK0     000000
__HbssBANK1                               bssBANK1     000000
__HbssBANK2                               bssBANK2     000000
__HbssBANK3                               bssBANK3     000000
__HbssBANK4                               bssBANK4     000000
__HbssBANK5                               bssBANK5     000000
__HbssBANK6                               bssBANK6     000000
__HbssBANK7                               bssBANK7     000000
__HbssCOMRAM                              bssCOMRAM    000000
__Hcinit                                  cinit        000000
__Hclrtext                                clrtext      000000
__Hcomram                                 comram       000000
__Hconfig                                 config       30000E
__Hconst                                  const        000000
__HcstackBANK0                            cstackBANK0  000000
__HcstackBANK1                            cstackBANK1  000000
__HcstackBANK2                            cstackBANK2  000000
__HcstackCOMRAM                           cstackCOMRAM 000000
__Hdata                                   data         000000
__HdataBANK3                              dataBANK3    000000
__Heeprom_data                            eeprom_data  000000
__Hfarbss                                 farbss       000000
__Hfardata                                fardata      000000
__Hibigdata                               ibigdata     000000
__Hidata                                  idata        000000
__HidataBANK3                             idataBANK3   000000
__Hidloc                                  idloc        200008
__Hifardata                               ifardata     000000
__Hinit                                   init         000012
__Hintcode                                intcode      00000E
__Hintcode_body                           intcode_body 000000
__Hintcodelo                              intcodelo    00000E
__Hintentry                               intentry     000000
__Hintret                                 intret       000000
__Hintsave_regs                           intsave_regs 000000
__Hirdata                                 irdata       000000
__Hmediumconst                            mediumconst  008000
__HnvFARRAM                               nvFARRAM     000000
__Hnvbit                                  nvbit        000000
__Hnvrram                                 nvrram       000000
__Hparam                                  rparam       000000
__Hpowerup                                powerup      00000E
__Hram                                    ram          000000
__Hramtop                                 ramtop       000800
__Hrbit                                   rbit         000000
__Hrbss                                   rbss         000000
__Hrdata                                  rdata        000000
__Hreset_vec                              reset_vec    000004
__Hrparam                                 rparam       000000
__Hsfr                                    sfr          000000
__Hsmallconst                             smallconst   000000
__Hspace_0                                (abs)        30000E
__Hspace_1                                (abs)        0007FA
__Hspace_2                                (abs)        000000
__Hstack                                  stack        000000
__Hstruct                                 struct       000000
__Htemp                                   temp         000060
__Htext                                   text         000000
__Htext0                                  text0        000000
__Htext1                                  text1        000000
__Htext10                                 text10       000000
__Htext11                                 text11       000000
__Htext12                                 text12       000000
__Htext13                                 text13       000000
__Htext14                                 text14       000000
__Htext15                                 text15       000000
__Htext16                                 text16       000000
__Htext17                                 text17       000000
__Htext18                                 text18       000000
__Htext19                                 text19       000000
__Htext2                                  text2        000000
__Htext20                                 text20       000000
__Htext21                                 text21       000000
__Htext22                                 text22       000000
__Htext23                                 text23       000000
__Htext24                                 text24       000000
__Htext25                                 text25       000000
__Htext26                                 text26       000000
__Htext27                                 text27       000000
__Htext28                                 text28       000000
__Htext29                                 text29       000000
__Htext3                                  text3        000000
__Htext30                                 text30       000000
__Htext31                                 text31       000000
__Htext32                                 text32       000000
__Htext33                                 text33       000000
__Htext34                                 text34       000000
__Htext35                                 text35       000000
__Htext36                                 text36       000000
__Htext37                                 text37       000000
__Htext38                                 text38       000000
__Htext39                                 text39       000000
__Htext4                                  text4        000000
__Htext40                                 text40       000000
__Htext41                                 text41       000000
__Htext42                                 text42       000000
__Htext43                                 text43       000000
__Htext44                                 text44       000000
__Htext45                                 text45       000000
__Htext46                                 text46       000000
__Htext47                                 text47       000000
__Htext48                                 text48       000000
__Htext49                                 text49       000000
__Htext5                                  text5        000000
__Htext50                                 text50       000000
__Htext51                                 text51       000000
__Htext52                                 text52       000000
__Htext53                                 text53       000000
__Htext54                                 text54       000000
__Htext55                                 text55       000000
__Htext56                                 text56       000000
__Htext58                                 text58       000000
__Htext59                                 text59       000000
__Htext6                                  text6        000000
__Htext60                                 text60       000000
__Htext61                                 text61       000000
__Htext62                                 text62       000000
__Htext63                                 text63       000000
__Htext64                                 text64       000000
__Htext65                                 text65       000000
__Htext66                                 text66       000000
__Htext67                                 text67       000000
__Htext68                                 text68       000000
__Htext69                                 text69       000000
__Htext7                                  text7        000000
__Htext70                                 text70       000000
__Htext71                                 text71       000000
__Htext72                                 text72       000000
__Htext73                                 text73       000000
__Htext74                                 text74       000000
__Htext75                                 text75       000000
__Htext76                                 text76       000000
__Htext77                                 text77       000000
__Htext78                                 text78       000000
__Htext79                                 text79       000000
__Htext8                                  text8        000000
__Htext80                                 text80       000000
__Htext81                                 text81       000000
__Htext82                                 text82       000000
__Htext83                                 text83       000000
__Htext84                                 text84       000000
__Htext85                                 text85       000000
__Htext86                                 text86       000000
__Htext87                                 text87       000000
__Htext88                                 text88       000000
__Htext89                                 text89       000000
__Htext9                                  text9        000000
__Htext90                                 text90       000000
__Htext91                                 text91       000000
__Htext92                                 text92       000000
__Htext93                                 text93       000000
__LRAM                                    (abs)        000001
__Labs1                                   abs1         000000
__Lbank0                                  bank0        000000
__Lbank1                                  bank1        000000
__Lbank2                                  bank2        000000
__Lbank3                                  bank3        000000
__Lbank4                                  bank4        000000
__Lbank5                                  bank5        000000
__Lbank6                                  bank6        000000
__Lbank7                                  bank7        000000
__Lbigbss                                 bigbss       000000
__Lbigdata                                bigdata      000000
__Lbigram                                 bigram       000000
__Lbss                                    bss          000000
__LbssBANK0                               bssBANK0     000000
__LbssBANK1                               bssBANK1     000000
__LbssBANK2                               bssBANK2     000000
__LbssBANK3                               bssBANK3     000000
__LbssBANK4                               bssBANK4     000000
__LbssBANK5                               bssBANK5     000000
__LbssBANK6                               bssBANK6     000000
__LbssBANK7                               bssBANK7     000000
__LbssCOMRAM                              bssCOMRAM    000000
__Lcinit                                  cinit        000000
__Lclrtext                                clrtext      000000
__Lcomram                                 comram       000000
__Lconfig                                 config       300000
__Lconst                                  const        000000
__LcstackBANK0                            cstackBANK0  000000
__LcstackBANK1                            cstackBANK1  000000
__LcstackBANK2                            cstackBANK2  000000
__LcstackCOMRAM                           cstackCOMRAM 000000
__Ldata                                   data         000000
__LdataBANK3                              dataBANK3    000000
__Leeprom_data                            eeprom_data  000000
__Lfarbss                                 farbss       000000
__Lfardata                                fardata      000000
__Libigdata                               ibigdata     000000
__Lidata                                  idata        000000
__LidataBANK3                             idataBANK3   000000
__Lidloc                                  idloc        200000
__Lifardata                               ifardata     000000
__Linit                                   init         00000E
__Lintcode                                intcode      000008
__Lintcode_body                           intcode_body 000000
__Lintcodelo                              intcodelo    00000E
__Lintentry                               intentry     000000
__Lintret                                 intret       000000
__Lintsave_regs                           intsave_regs 000000
__Lirdata                                 irdata       000000
__Lmediumconst                            mediumconst  007C08
__LnvFARRAM                               nvFARRAM     000000
__Lnvbit                                  nvbit        000000
__Lnvrram                                 nvrram       000000
__Lparam                                  rparam       000000
__Lpowerup                                powerup      00000E
__Lram                                    ram          000000
__Lramtop                                 ramtop       000800
__Lrbit                                   rbit         000000
__Lrbss                                   rbss         000000
__Lrdata                                  rdata        000000
__Lreset_vec                              reset_vec    000000
__Lrparam                                 rparam       000000
__Lsfr                                    sfr          000000
__Lsmallconst                             smallconst   000000
__Lspace_0                                (abs)        000000
__Lspace_1                                (abs)        000000
__Lspace_2                                (abs)        000000
__Lstack                                  stack        000000
__Lstruct                                 struct       000000
__Ltemp                                   temp         00005F
__Ltext                                   text         000000
__Ltext0                                  text0        000000
__Ltext1                                  text1        000000
__Ltext10                                 text10       000000
__Ltext11                                 text11       000000
__Ltext12                                 text12       000000
__Ltext13                                 text13       000000
__Ltext14                                 text14       000000
__Ltext15                                 text15       000000
__Ltext16                                 text16       000000
__Ltext17                                 text17       000000
__Ltext18                                 text18       000000
__Ltext19                                 text19       000000
__Ltext2                                  text2        000000
__Ltext20                                 text20       000000
__Ltext21                                 text21       000000
__Ltext22                                 text22       000000
__Ltext23                                 text23       000000
__Ltext24                                 text24       000000
__Ltext25                                 text25       000000
__Ltext26                                 text26       000000
__Ltext27                                 text27       000000
__Ltext28                                 text28       000000
__Ltext29                                 text29       000000
__Ltext3                                  text3        000000
__Ltext30                                 text30       000000
__Ltext31                                 text31       000000
__Ltext32                                 text32       000000
__Ltext33                                 text33       000000
__Ltext34                                 text34       000000
__Ltext35                                 text35       000000
__Ltext36                                 text36       000000
__Ltext37                                 text37       000000
__Ltext38                                 text38       000000
__Ltext39                                 text39       000000
__Ltext4                                  text4        000000
__Ltext40                                 text40       000000
__Ltext41                                 text41       000000
__Ltext42                                 text42       000000
__Ltext43                                 text43       000000
__Ltext44                                 text44       000000
__Ltext45                                 text45       000000
__Ltext46                                 text46       000000
__Ltext47                                 text47       000000
__Ltext48                                 text48       000000
__Ltext49                                 text49       000000
__Ltext5                                  text5        000000
__Ltext50                                 text50       000000
__Ltext51                                 text51       000000
__Ltext52                                 text52       000000
__Ltext53                                 text53       000000
__Ltext54                                 text54       000000
__Ltext55                                 text55       000000
__Ltext56                                 text56       000000
__Ltext58                                 text58       000000
__Ltext59                                 text59       000000
__Ltext6                                  text6        000000
__Ltext60                                 text60       000000
__Ltext61                                 text61       000000
__Ltext62                                 text62       000000
__Ltext63                                 text63       000000
__Ltext64                                 text64       000000
__Ltext65                                 text65       000000
__Ltext66                                 text66       000000
__Ltext67                                 text67       000000
__Ltext68                                 text68       000000
__Ltext69                                 text69       000000
__Ltext7                                  text7        000000
__Ltext70                                 text70       000000
__Ltext71                                 text71       000000
__Ltext72                                 text72       000000
__Ltext73                                 text73       000000
__Ltext74                                 text74       000000
__Ltext75                                 text75       000000
__Ltext76                                 text76       000000
__Ltext77                                 text77       000000
__Ltext78                                 text78       000000
__Ltext79                                 text79       000000
__Ltext8                                  text8        000000
__Ltext80                                 text80       000000
__Ltext81                                 text81       000000
__Ltext82                                 text82       000000
__Ltext83                                 text83       000000
__Ltext84                                 text84       000000
__Ltext85                                 text85       000000
__Ltext86                                 text86       000000
__Ltext87                                 text87       000000
__Ltext88                                 text88       000000
__Ltext89                                 text89       000000
__Ltext9                                  text9        000000
__Ltext90                                 text90       000000
__Ltext91                                 text91       000000
__Ltext92                                 text92       000000
__Ltext93                                 text93       000000
__S0                                      (abs)        30000E
__S1                                      (abs)        0007FA
__S2                                      (abs)        000000
___awdiv                                  text39       00479A
___awdiv@counter                          cstackBANK0  00006A
___awdiv@dividend                         cstackBANK0  000066
___awdiv@divisor                          cstackBANK0  000068
___awdiv@quotient                         cstackBANK0  00006C
___awdiv@sign                             cstackBANK0  00006B
___awmod                                  text38       004A1E
___awmod@counter                          cstackBANK0  000064
___awmod@dividend                         cstackBANK0  000060
___awmod@divisor                          cstackBANK0  000062
___awmod@sign                             cstackBANK0  000065
___awtoft                                 text9        0051D2
___awtoft@c                               cstackBANK0  000068
___awtoft@sign                            cstackBANK0  00006B
___ftadd                                  text47       0027FA
___ftadd@exp1                             cstackBANK0  00007F
___ftadd@exp2                             cstackBANK0  00007E
___ftadd@f1                               cstackBANK0  000074
___ftadd@f2                               cstackBANK0  000077
___ftadd@sign                             cstackBANK0  00007D
___ftdiv                                  text8        003A3A
___ftdiv@cntr                             cstackBANK0  000098
___ftdiv@exp                              cstackBANK0  00009C
___ftdiv@f1                               cstackBANK0  00008F
___ftdiv@f2                               cstackBANK0  000092
___ftdiv@f3                               cstackBANK0  000099
___ftdiv@sign                             cstackBANK0  00009D
___ftge                                   text50       004676
___ftge@ff1                               cstackBANK0  000060
___ftge@ff2                               cstackBANK0  000063
___ftmul                                  text37       003944
___ftmul@cntr                             cstackBANK0  00008D
___ftmul@exp                              cstackBANK0  000089
___ftmul@f1                               cstackBANK0  000080
___ftmul@f2                               cstackBANK0  000083
___ftmul@f3_as_product                    cstackBANK0  00008A
___ftmul@sign                             cstackBANK0  00008E
___ftneg                                  text49       00541E
___ftneg@f1                               cstackBANK0  000060
___ftpack                                 text48       004016
___ftpack@arg                             cstackBANK0  000060
___ftpack@exp                             cstackBANK0  000063
___ftpack@sign                            cstackBANK0  000064
___ftsub                                  text46       004FDA
___ftsub@f1                               cstackBANK0  000080
___ftsub@f2                               cstackBANK0  000083
___fttol                                  text45       00384C
___fttol@exp1                             cstackBANK0  0000BE
___fttol@f1                               cstackBANK0  0000B0
___fttol@lval                             cstackBANK0  0000BA
___fttol@sign1                            cstackBANK0  0000B9
___inthi_sp                               stack        000000
___intlo_sp                               stack        000000
___lldiv                                  text44       0048A6
___lldiv@counter                          cstackBANK0  00006C
___lldiv@dividend                         cstackBANK0  000060
___lldiv@divisor                          cstackBANK0  000064
___lldiv@quotient                         cstackBANK0  000068
___llmod                                  text43       004AFC
___llmod@counter                          cstackBANK0  000075
___llmod@dividend                         cstackBANK0  00006D
___llmod@divisor                          cstackBANK0  000071
___lltoft                                 text42       004C2A
___lltoft@c                               cstackBANK0  000068
___lltoft@exp                             cstackBANK0  000070
___param_bank                             (abs)        000000
___rparam_used                            (abs)        000001
___sp                                     stack        000000
___wmul                                   text36       0053D0
___wmul@multiplicand                      cstackBANK0  000070
___wmul@multiplier                        cstackBANK0  00006E
___wmul@product                           cstackBANK0  000072
__accesstop                               (abs)        000060
__activetblptr                            (abs)        000002
__channelMask                             bssBANK3     00031E
__div_to_l_                               text41       0030E8
__div_to_l_@cntr                          cstackBANK0  00006A
__div_to_l_@exp1                          cstackBANK0  00006B
__div_to_l_@f1                            cstackBANK0  000060
__div_to_l_@f2                            cstackBANK0  000063
__div_to_l_@quot                          cstackBANK0  000066
__end_of_CDCInitEP                        text85       004BCA
__end_of_CDCTxService                     text14       003338
__end_of_DataRate                         text31       004F54
__end_of_JoinLoRaWan                      text22       005246
__end_of_MAC                              mediumconst  007E00
__end_of_MAC_GET_ADR                      mediumconst  007DD5
__end_of_MAC_GET_DNCTR                    mediumconst  007DBA
__end_of_MAC_JOIN_OTAA                    mediumconst  007DC4
__end_of_MAC_SAVE                         mediumconst  007DFB
__end_of_MAC_SET_ADR                      mediumconst  007DDD
__end_of_MAC_SET_APPEUI                   mediumconst  007DA5
__end_of_MAC_SET_APPKEY                   mediumconst  007D9A
__end_of_MAC_SET_BW                       mediumconst  007D8F
__end_of_MAC_SET_CH_STATUS                mediumconst  007D82
__end_of_MAC_SET_DEVEUI                   mediumconst  007DB0
__end_of_MAC_SET_DR                       mediumconst  007DE4
__end_of_MAC_SET_SF                       mediumconst  007D74
__end_of_MAC_TX_CNF                       mediumconst  007DEB
__end_of_MAC_TX_UNCNF                     mediumconst  007DCD
__end_of_MacSave                          text30       00527C
__end_of_ResetModuloLoRaWan               text21       00541E
__end_of_STATE_OFF                        mediumconst  007E08
__end_of_STATE_ON                         mediumconst  007E0B
__end_of_SYS                              mediumconst  007DF6
__end_of_SYS_InterruptHigh                intcode_body 0027FA
__end_of_SYS_RESET                        mediumconst  007DF1
__end_of_SetAdr                           text29       005196
__end_of_SetAppEUI                        text28       005158
__end_of_SetAppKey                        text27       00511A
__end_of_SetBandWidth                     text26       004F0E
__end_of_SetChannelLoRaWan                text25       004AFC
__end_of_SetDevEUI                        text24       0050DC
__end_of_SetSpreadingFactor               text23       00509E
__end_of_TxLoRaWan                        text18       001EAE
__end_of_USBCheckCDCRequest               text84       004174
__end_of_USBCheckStdRequest               text77       003C04
__end_of_USBConfigureEndpoint             text88       004676
__end_of_USBCtrlEPAllowDataStage          text76       0044B2
__end_of_USBCtrlEPAllowStatusStage        text91       003F5A
__end_of_USBCtrlEPService                 text72       0045E2
__end_of_USBCtrlEPServiceComplete         text75       00384C
__end_of_USBCtrlTrfInHandler              text92       004016
__end_of_USBCtrlTrfOutHandler             text89       004CE6
__end_of_USBCtrlTrfRxService              text90       003444
__end_of_USBCtrlTrfSetupHandler           text74       00479A
__end_of_USBCtrlTrfTxService              text93       003E96
__end_of_USBDeviceAttach                  text13       0052E6
__end_of_USBDeviceDetach                  text12       005540
__end_of_USBDeviceInit                    text16       002AEC
__end_of_USBDeviceTasks                   text66       002E8E
__end_of_USBEnableEndpoint                text87       0051D2
__end_of_USBIncrement1msInternalTimers    text71       0054B4
__end_of_USBStallHandler                  text70       00505E
__end_of_USBStdFeatureReqHandler          text82       0023C8
__end_of_USBStdGetDscHandler              text81       002FBC
__end_of_USBStdGetStatusHandler           text80       004374
__end_of_USBStdSetCfgHandler              text78       003DC2
__end_of_USBSuspend                       text69       005376
__end_of_USBTransferOnePacket             text15       00354A
__end_of_USBWakeFromSuspend               text68       0052B2
__end_of_USB_CD_Ptr                       mediumconst  007CA7
__end_of_USB_SD_Ptr                       mediumconst  007CA5
__end_of_USER_USB_CALLBACK_EVENT_HANDLER  text83       004D42
__end_of___awdiv                          text39       004820
__end_of___awmod                          text38       004A90
__end_of___awtoft                         text9        00520C
__end_of___ftadd                          text47       0029A8
__end_of___ftdiv                          text8        003B22
__end_of___ftge                           text50       004708
__end_of___ftmul                          text37       003A3A
__end_of___ftneg                          text49       005444
__end_of___ftpack                         text48       0040C6
__end_of___ftsub                          text46       00501C
__end_of___fttol                          text45       003944
__end_of___lldiv                          text44       00492A
__end_of___llmod                          text43       004B64
__end_of___lltoft                         text42       004C88
__end_of___wmul                           text36       0053F8
__end_of__div_to_l_                       text41       003212
__end_of__initialization                  cinit        00453E
__end_of__npowers_                        mediumconst  007C7F
__end_of__powers_                         mediumconst  007C58
__end_of__tdiv_to_l_                      text40       002D60
__end_of_configDescriptor1                mediumconst  007CEA
__end_of_converter                        text63       0048A6
__end_of_delay                            text10       004A1E
__end_of_device_dsc                       mediumconst  007D64
__end_of_dpowers                          mediumconst  007C31
__end_of_enviaComando                     text51       00364E
__end_of_fround                           text35       002638
__end_of_get_channelmask_900              mediumconst  007E11
__end_of_get_own_mac_high                 mediumconst  007E1F
__end_of_get_own_mac_low                  mediumconst  007E21
__end_of_get_preambleid_900               mediumconst  007E0D
__end_of_getch                            text65       005490
__end_of_gs_channel                       mediumconst  007E1B
__end_of_gs_encryption                    mediumconst  007E15
__end_of_gs_pan                           mediumconst  007E1D
__end_of_hexpowers                        mediumconst  007C9F
__end_of_initRecebeDados                  text56       00550E
__end_of_isdigit                          text34       0054F8
__end_of_le_AD                            text7        0030E8
__end_of_le_pulsos                        text6        003CE4
__end_of_main                             text0        0016A6
__end_of_memcpy                           text73       004F98
__end_of_memset                           text17       005346
__end_of_millis                           text55       00546A
__end_of_parseLoRaWan                     text54       004220
__end_of_putch                            text53       00554E
__end_of_putsUSBUSART                     text5        004E3A
__end_of_recebeByteLoRaWan                text58       002144
__end_of_retornaDado                      text20       004C2A
__end_of_scale                            text33       001ADE
__end_of_sd000                            mediumconst  007E04
__end_of_sd001                            mediumconst  007D52
__end_of_sd002                            mediumconst  007D1E
__end_of_set_channelmask_900              mediumconst  007E13
__end_of_set_link_key                     mediumconst  007E17
__end_of_set_preambleid_900               mediumconst  007E0F
__end_of_setup_AD                         text4        005532
__end_of_setup_ccp1                       text3        004FDA
__end_of_setup_pulsos                     text2        0042CA
__end_of_setup_uart                       text1        004414
__end_of_sprintf                          text32       000CB6
__end_of_strcat                           text19       004EC8
__end_of_strcmp                           text62       004E82
__end_of_strcpy                           text61       0053A4
__end_of_strlen                           text52       004D98
__end_of_strncmp                          text60       0049AC
__end_of_toupper                          text64       005522
__end_of_verificaUSB                      text11       005316
__end_of_write_values                     mediumconst  007E19
__end_ofi2_USBDeviceInit                  text67       002C2C
__end_ofi2_USBTransferOnePacket           text86       003750
__end_ofi2_memset                         text79       0053D0
__end_ofi2_strlen                         text59       004DEA
__initialization                          cinit        0044B2
__mediumconst                             mediumconst  007C08
__npowers_                                mediumconst  007C58
__pbssBANK0                               bssBANK0     0000F9
__pbssBANK1                               bssBANK1     0001F7
__pbssBANK2                               bssBANK2     0002C8
__pbssBANK3                               bssBANK3     000300
__pbssBANK4                               bssBANK4     000440
__pbssBANK5                               bssBANK5     000580
__pbssBANK6                               bssBANK6     000600
__pbssBANK7                               bssBANK7     000700
__pbssCOMRAM                              bssCOMRAM    000038
__pcinit                                  cinit        0044B2
__pcstackBANK0                            cstackBANK0  000060
__pcstackBANK1                            cstackBANK1  000100
__pcstackBANK2                            cstackBANK2  000200
__pcstackCOMRAM                           cstackCOMRAM 000001
__pdataBANK3                              dataBANK3    0003C5
__pidataBANK3                             idataBANK3   0054B4
__pintcode                                intcode      000008
__pintcode_body                           intcode_body 002638
[...]
Total ram usage:        4 bytes
 Hardware stack levels used:    1
 Hardware stack levels required when called:    1
 This function calls:
		_USBConfigureEndpoint
 This function is called by:
		_CDCInitEP
 This function uses a non-reentrant model


 *************** function _USBConfigureEndpoint *****************
 Defined at:
		line 1543 in file "../../Microchip/microchip/mla/v2017_03_06/framework/usb/src/usb_device.c"
 Parameters:    Size  Location     Type
  EPNum           1    wreg     unsigned char 
  direction       1    0[COMRAM] unsigned char 
 Auto vars:     Size  Location     Type
  EPNum           1    5[COMRAM] unsigned char 
  handle          2    6[COMRAM] PTR volatile struct __BD
		 -> BDT(48), 
 Return value:  Size  Location     Type
                  1    wreg      void 
 Registers used:
		wreg, fsr2l, fsr2h, status,2, status,0, prodl, prodh
 Tracked objects:
		On entry : 
		On exit  : 
		Unchanged: 
 Data sizes:     COMRAM   BANK0   BANK1   BANK2   BANK3   BANK4   BANK5   BANK6   BANK7
      Params:         1       0       0       0       0       0       0       0       0
      Locals:         3       0       0       0       0       0       0       0       0
      Temps:          4       0       0       0       0       0       0       0       0
      Totals:         8       0       0       0       0       0       0       0       0
Total ram usage:        8 bytes
 Hardware stack levels used:    1
 This function calls:
		Nothing
 This function is called by:
		_USBEnableEndpoint
 This function uses a non-reentrant model


 *************** function _USBCtrlTrfOutHandler *****************
 Defined at:
		line 2538 in file "../../Microchip/microchip/mla/v2017_03_06/framework/usb/src/usb_device.c"
 Parameters:    Size  Location     Type
		None
 Auto vars:     Size  Location     Type
		None
 Return value:  Size  Location     Type
                  1    wreg      void 
 Registers used:
		wreg, fsr1l, fsr1h, fsr2l, fsr2h, status,2, status,0, prodl, prodh, cstack
 Tracked objects:
		On entry : 
		On exit  : 
		Unchanged: 
 Data sizes:     COMRAM   BANK0   BANK1   BANK2   BANK3   BANK4   BANK5   BANK6   BANK7
      Params:         0       0       0       0       0       0       0       0       0
      Locals:         0       0       0       0       0       0       0       0       0
      Temps:          0       0       0       0       0       0       0       0       0
      Totals:         0       0       0       0       0       0       0       0       0
Total ram usage:        0 bytes
 Hardware stack levels used:    1
 Hardware stack levels required when called:    2
 This function calls:
		_USBCtrlTrfRxService
 This function is called by:
		_USBCtrlEPService
 This function uses a non-reentrant model


 *************** function _USBCtrlTrfRxService *****************
 Defined at:
		line 1852 in file "../../Microchip/microchip/mla/v2017_03_06/framework/usb/src/usb_device.c"
 Parameters:    Size  Location     Type
		None
 Auto vars:     Size  Location     Type
  byteToRead      1    1[COMRAM] unsigned char 
  i               1    0[COMRAM] unsigned char 
 Return value:  Size  Location     Type
                  1    wreg      void 
 Registers used:
		wreg, fsr1l, fsr1h, fsr2l, fsr2h, status,2, status,0, prodl, prodh, cstack
 Tracked objects:
		On entry : 
		On exit  : 
		Unchanged: 
 Data sizes:     COMRAM   BANK0   BANK1   BANK2   BANK3   BANK4   BANK5   BANK6   BANK7
      Params:         0       0       0       0       0       0       0       0       0
      Locals:         2       0       0       0       0       0       0       0       0
      Temps:          0       0       0       0       0       0       0       0       0
      Totals:         2       0       0       0       0       0       0       0       0
Total ram usage:        2 bytes
 Hardware stack levels used:    1
 Hardware stack levels required when called:    1
 This function calls:
		_USBCtrlEPAllowStatusStage
 This function is called by:
		_USBCtrlTrfOutHandler
 This function uses a non-reentrant model


 *************** function _USBCtrlEPAllowStatusStage *****************
 Defined at:
		line 1416 in file "../../Microchip/microchip/mla/v2017_03_06/framework/usb/src/usb_device.c"
 Parameters:    Size  Location     Type
		None
 Auto vars:     Size  Location     Type
		None
 Return value:  Size  Location     Type
                  1    wreg      void 
 Registers used:
		wreg, fsr2l, fsr2h, status,2, status,0
 Tracked objects:
		On entry : 
		On exit  : 
		Unchanged: 
 Data sizes:     COMRAM   BANK0   BANK1   BANK2   BANK3   BANK4   BANK5   BANK6   BANK7
      Params:         0       0       0       0       0       0       0       0       0
      Locals:         0       0       0       0       0       0       0       0       0
      Temps:          0       0       0       0       0       0       0       0       0
      Totals:         0       0       0       0       0       0       0       0       0
Total ram usage:        0 bytes
 Hardware stack levels used:    1
 This function calls:
		Nothing
 This function is called by:
		_USBDeviceTasks
		_USBCtrlEPServiceComplete
		_USBCtrlTrfRxService
 This function uses a non-reentrant model


 *************** function _USBCtrlTrfInHandler *****************
 Defined at:
		line 2592 in file "../../Microchip/microchip/mla/v2017_03_06/framework/usb/src/usb_device.c"
 Parameters:    Size  Location     Type
		None
 Auto vars:     Size  Location     Type
  lastDTS         1    1[COMRAM] unsigned char 
 Return value:  Size  Location     Type
                  1    wreg      void 
 Registers used:
		wreg, fsr0l, fsr0h, fsr2l, fsr2h, status,2, status,0, tblptrl, tblptrh, tblptru, cstack
 Tracked objects:
		On entry : 
		On exit  : 
		Unchanged: 
 Data sizes:     COMRAM   BANK0   BANK1   BANK2   BANK3   BANK4   BANK5   BANK6   BANK7
      Params:         0       0       0       0       0       0       0       0       0
      Locals:         1       0       0       0       0       0       0       0       0
      Temps:          0       0       0       0       0       0       0       0       0
      Totals:         1       0       0       0       0       0       0       0       0
Total ram usage:        1 bytes
 Hardware stack levels used:    1
 Hardware stack levels required when called:    1
 This function calls:
		_USBCtrlTrfTxService
 This function is called by:
		_USBCtrlEPService
 This function uses a non-reentrant model


 *************** function _USBCtrlTrfTxService *****************
 Defined at:
		line 1771 in file "../../Microchip/microchip/mla/v2017_03_06/framework/usb/src/usb_device.c"
 Parameters:    Size  Location     Type
		None
 Auto vars:     Size  Location     Type
  byteToSend      1    0[COMRAM] unsigned char 
 Return value:  Size  Location     Type
                  1    wreg      void 
 Registers used:
		wreg, fsr0l, fsr0h, fsr2l, fsr2h, status,2, status,0, tblptrl, tblptrh, tblptru
 Tracked objects:
		On entry : 
		On exit  : 
		Unchanged: 
 Data sizes:     COMRAM   BANK0   BANK1   BANK2   BANK3   BANK4   BANK5   BANK6   BANK7
      Params:         0       0       0       0       0       0       0       0       0
      Locals:         1       0       0       0       0       0       0       0       0
      Temps:          0       0       0       0       0       0       0       0       0
      Totals:         1       0       0       0       0       0       0       0       0
Total ram usage:        1 bytes
 Hardware stack levels used:    1
 This function calls:
		Nothing
 This function is called by:
		_USBCtrlEPAllowDataStage
		_USBCtrlTrfInHandler
 This function uses a non-reentrant model



MODULE INFORMATION

Module		Function		Class		Link	Load	Size
C:\Program Files (x86)\Microchip\xc8\v1.44\sources\common\strcmp.c
		_strcmp        		CODE           	4E3A	0000	73

C:\Program Files (x86)\Microchip\xc8\v1.44\sources\common\strcmp.c estimated size: 73

C:\Program Files (x86)\Microchip\xc8\v1.44\sources\common\awtoft.c
		___awtoft      		CODE           	51D2	0000	59

C:\Program Files (x86)\Microchip\xc8\v1.44\sources\common\awtoft.c estimated size: 59

C:\Program Files (x86)\Microchip\xc8\v1.44\sources\common\strcpy.c
		_strcpy        		CODE           	5376	0000	47

C:\Program Files (x86)\Microchip\xc8\v1.44\sources\common\strcpy.c estimated size: 47

C:\Program Files (x86)\Microchip\xc8\v1.44\sources\common\memset.c
		_memset        		CODE           	5316	0000	49

C:\Program Files (x86)\Microchip\xc8\v1.44\sources\common\memset.c estimated size: 49

C:\Program Files (x86)\Microchip\xc8\v1.44\sources\common\llmod.c
		___llmod       		CODE           	4AFC	0000	105

C:\Program Files (x86)\Microchip\xc8\v1.44\sources\common\llmod.c estimated size: 105

Timer.c
		_millis        		CODE           	5444	0000	39
		_setup_ccp1    		CODE           	4F98	0000	67

Timer.c estimated size: 106

C:\Program Files (x86)\Microchip\xc8\v1.44\sources\common\lltoft.c
		___lltoft      		CODE           	4C2A	0000	95

C:\Program Files (x86)\Microchip\xc8\v1.44\sources\common\lltoft.c estimated size: 95

C:\Program Files (x86)\Microchip\xc8\v1.44\sources\common\ftmul.c
		___ftmul       		CODE           	3944	0000	247

C:\Program Files (x86)\Microchip\xc8\v1.44\sources\common\ftmul.c estimated size: 247

C:\Program Files (x86)\Microchip\xc8\v1.44\sources\common\awmod.c
		___awmod       		CODE           	4A1E	0000	115

C:\Program Files (x86)\Microchip\xc8\v1.44\sources\common\awmod.c estimated size: 115

C:\Program Files (x86)\Microchip\xc8\v1.44\sources\common\ftdiv.c
		___ftdiv       		CODE           	3A3A	0000	233

C:\Program Files (x86)\Microchip\xc8\v1.44\sources\common\ftdiv.c estimated size: 233

../../Microchip/microchip/mla/v2017_03_06/framework/usb/src/usb_device_cdc.c
		_CDCTxService  		CODE           	3212	0000	295
		_CDCInitEP     		CODE           	4B64	0000	103
		_putsUSBUSART  		CODE           	4DEA	0000	81
		_USBCheckCDCRequest		CODE           	40C6	0000	175

../../Microchip/microchip/mla/v2017_03_06/framework/usb/src/usb_device_cdc.c estimated size: 654

usb/system.c
		_SYS_InterruptHigh		CODE           	0008	0000	457

usb/system.c estimated size: 457

C:\Program Files (x86)\Microchip\xc8\v1.44\sources\common\strncmp.c
		_strncmp       		CODE           	492A	0000	131

C:\Program Files (x86)\Microchip\xc8\v1.44\sources\common\strncmp.c estimated size: 131

XBeeCore.c
		_converter     		CODE           	4820	0000	135

XBeeCore.c estimated size: 135

C:\Program Files (x86)\Microchip\xc8\v1.44\sources\common\ftge.c
		___ftge        		CODE           	4676	0000	147

C:\Program Files (x86)\Microchip\xc8\v1.44\sources\common\ftge.c estimated size: 147

C:\Program Files (x86)\Microchip\xc8\v1.44\sources\common\doprnt.c
		_scale         		CODE           	16A6	0000	1081
		_sprintf       		CODE           	0012	0000	3237
		_fround        		CODE           	23C8	0000	625

C:\Program Files (x86)\Microchip\xc8\v1.44\sources\common\doprnt.c estimated size: 4943

AD.c
		_setup_AD      		CODE           	5522	0000	17
		_le_AD         		CODE           	2FBC	0000	301

AD.c estimated size: 318

C:\Program Files (x86)\Microchip\xc8\v1.44\sources\common\memcpy.c
		_memcpy        		CODE           	4F54	0000	69

C:\Program Files (x86)\Microchip\xc8\v1.44\sources\common\memcpy.c estimated size: 69

C:\Program Files (x86)\Microchip\xc8\v1.44\sources\common\ftdivl.c
		__tdiv_to_l_   		CODE           	2C2C	0000	309

C:\Program Files (x86)\Microchip\xc8\v1.44\sources\common\ftdivl.c estimated size: 309

C:\Program Files (x86)\Microchip\xc8\v1.44\sources\common\toupper.c
		_toupper       		CODE           	550E	0000	21

C:\Program Files (x86)\Microchip\xc8\v1.44\sources\common\toupper.c estimated size: 21

../../Microchip/microchip/mla/v2017_03_06/framework/usb/src/usb_device.c
		_USBCtrlTrfInHandler		CODE           	3F5A	0000	189
		_USBTransferOnePacket		CODE           	3444	0000	263
		_USBDeviceDetach		CODE           	5532	0000	15
		_USBDeviceAttach		CODE           	52B2	0000	53
		_USBStdGetDscHandler		CODE           	2E8E	0000	303
		_USBCtrlEPAllowDataStage		CODE           	4414	0000	159
		_USBStdFeatureReqHandler		CODE           	2144	0000	645
		_USBCtrlEPAllowStatusStage		CODE           	3E96	0000	197
		_USBCtrlTrfSetupHandler		CODE           	4708	0000	147
		_USBCtrlTrfOutHandler		CODE           	4C88	0000	95
		_USBCtrlEPServiceComplete		CODE           	3750	0000	253
		_USBSuspend    		CODE           	5346	0000	49
		_USBStdSetCfgHandler		CODE           	3CE4	0000	223
		_USBStdGetStatusHandler		CODE           	42CA	0000	171
		_USBWakeFromSuspend		CODE           	527C	0000	55
		_USBCtrlTrfRxService		CODE           	3338	0000	269
		_USBCtrlTrfTxService		CODE           	3DC2	0000	213
		_USBEnableEndpoint		CODE           	5196	0000	61
		_USBConfigureEndpoint		CODE           	45E2	0000	149
		_USBDeviceInit 		CODE           	29A8	0000	325
		_USBIncrement1msInternalTimers		CODE           	5490	0000	37
		_USBCtrlEPService		CODE           	454C	0000	151
		_USBStallHandler		CODE           	501C	0000	67
		_USBDeviceTasks		CODE           	2D60	0000	303
		_USBCheckStdRequest		CODE           	3B22	0000	227

../../Microchip/microchip/mla/v2017_03_06/framework/usb/src/usb_device.c estimated size: 4619

C:\Program Files (x86)\Microchip\xc8\v1.44\sources\common\lldiv.c
		___lldiv       		CODE           	48A6	0000	133

C:\Program Files (x86)\Microchip\xc8\v1.44\sources\common\lldiv.c estimated size: 133

C:\Program Files (x86)\Microchip\xc8\v1.44\sources\common\Umul16.c
		___wmul        		CODE           	53D0	0000	41

C:\Program Files (x86)\Microchip\xc8\v1.44\sources\common\Umul16.c estimated size: 41

uart/uart.c
		_putch         		CODE           	5540	0000	15
		_getch         		CODE           	546A	0000	39
		_setup_uart    		CODE           	4374	0000	161

uart/uart.c estimated size: 215

C:\Program Files (x86)\Microchip\xc8\v1.44\sources\common\fttol.c
		___fttol       		CODE           	384C	0000	249

C:\Program Files (x86)\Microchip\xc8\v1.44\sources\common\fttol.c estimated size: 249

shared
		_configDescriptor1		MEDIUMCONST    	7CA7	0000	68
		_USB_CD_Ptr    		MEDIUMCONST    	7CA5	0000	3
		_sd001         		MEDIUMCONST    	7D1E	0000	53
		_set_link_key  		MEDIUMCONST    	7E15	0000	3
		_MAC_GET_ADR   		MEDIUMCONST    	7DCD	0000	9
		_MAC_SAVE      		MEDIUMCONST    	7DF6	0000	6
		_MAC_SET_SF    		MEDIUMCONST    	7D64	0000	17
		_MAC_SET_DR    		MEDIUMCONST    	7DDD	0000	8
		_MAC_SET_BW    		MEDIUMCONST    	7D82	0000	14
		_MAC_SET_ADR   		MEDIUMCONST    	7DD5	0000	9
		_MAC           		MEDIUMCONST    	7DFB	0000	6
		_MAC_GET_DNCTR 		MEDIUMCONST    	7DB0	0000	11
		_gs_channel    		MEDIUMCONST    	7E19	0000	3
		__powers_      		MEDIUMCONST    	7C31	0000	40
		_sd002         		MEDIUMCONST    	7CEA	0000	53
		_dpowers       		MEDIUMCONST    	7C09	0000	41
		i2_USBDeviceInit		CODE           	2AEC	0000	321
		_get_own_mac_high		MEDIUMCONST    	7E1D	0000	3
		_MAC_SET_APPEUI		MEDIUMCONST    	7D9A	0000	12
		_MAC_SET_DEVEUI		MEDIUMCONST    	7DA5	0000	12
		_MAC_SET_APPKEY		MEDIUMCONST    	7D8F	0000	12
		_MAC_TX_CNF    		MEDIUMCONST    	7DE4	0000	8
		_SYS           		MEDIUMCONST    	7DF1	0000	6
		__npowers_     		MEDIUMCONST    	7C58	0000	40
		_MAC_TX_UNCNF  		MEDIUMCONST    	7DC4	0000	10
		__initialization		CODE           	44B2	0000	141
		_SYS_RESET     		MEDIUMCONST    	7DEB	0000	7
		_MAC_JOIN_OTAA 		MEDIUMCONST    	7DBA	0000	11
		_device_dsc    		MEDIUMCONST    	7D52	0000	19
		_write_values  		MEDIUMCONST    	7E17	0000	3
		_hexpowers     		MEDIUMCONST    	7C7F	0000	33
		_STATE_ON      		MEDIUMCONST    	7E08	0000	4
		_STATE_OFF     		MEDIUMCONST    	7E04	0000	5
		_get_own_mac_low		MEDIUMCONST    	7E1F	0000	3
		_USB_SD_Ptr    		MEDIUMCONST    	7C9F	0000	7
		_get_channelmask_900		MEDIUMCONST    	7E0F	0000	3
		_get_preambleid_900		MEDIUMCONST    	7E0B	0000	3
		i2_strlen      		CODE           	4D98	0000	83
		i2_memset      		CODE           	53A4	0000	45
		_gs_pan        		MEDIUMCONST    	7E1B	0000	3
		_sd000         		MEDIUMCONST    	7E00	0000	5
		_MAC_SET_CH_STATUS		MEDIUMCONST    	7D74	0000	15
		i2_USBTransferOnePacket		CODE           	364E	0000	259
		_set_channelmask_900		MEDIUMCONST    	7E11	0000	3
		_gs_encryption 		MEDIUMCONST    	7E13	0000	3
		_set_preambleid_900		MEDIUMCONST    	7E0D	0000	3

shared estimated size: 1426

C:\Program Files (x86)\Microchip\xc8\v1.44\sources\common\awdiv.c
		___awdiv       		CODE           	479A	0000	135

C:\Program Files (x86)\Microchip\xc8\v1.44\sources\common\awdiv.c estimated size: 135

usb/usb_events.c
		_USER_USB_CALLBACK_EVENT_HANDLER		CODE           	4CE6	0000	93

usb/usb_events.c estimated size: 93

C:\Program Files (x86)\Microchip\xc8\v1.44\sources\common\ftadd.c
		___ftadd       		CODE           	27FA	0000	431

C:\Program Files (x86)\Microchip\xc8\v1.44\sources\common\ftadd.c estimated size: 431

UT.c
		_delay         		CODE           	49AC	0000	115
		_verificaUSB   		CODE           	52E6	0000	49
		_main          		CODE           	0CB6	0000	2545

UT.c estimated size: 2709

C:\Program Files (x86)\Microchip\xc8\v1.44\sources\common\isdigit.c
		_isdigit       		CODE           	54D6	0000	35

C:\Program Files (x86)\Microchip\xc8\v1.44\sources\common\isdigit.c estimated size: 35

Pulses.c
		_le_pulsos     		CODE           	3C04	0000	225
		_setup_pulsos  		CODE           	4220	0000	171

Pulses.c estimated size: 396

C:\Program Files (x86)\Microchip\xc8\v1.44\sources\common\fldivl.c
		__div_to_l_    		CODE           	30E8	0000	299

C:\Program Files (x86)\Microchip\xc8\v1.44\sources\common\fldivl.c estimated size: 299

C:\Program Files (x86)\Microchip\xc8\v1.44\sources\common\strcat.c
		_strcat        		CODE           	4E82	0000	71

C:\Program Files (x86)\Microchip\xc8\v1.44\sources\common\strcat.c estimated size: 71

C:\Program Files (x86)\Microchip\xc8\v1.44\sources\common\ftneg.c
		___ftneg       		CODE           	541E	0000	39

C:\Program Files (x86)\Microchip\xc8\v1.44\sources\common\ftneg.c estimated size: 39

LoRaWanCore.c
		_parseLoRaWan  		CODE           	4174	0000	173
		_SetAppKey     		CODE           	50DC	0000	63
		_SetAdr        		CODE           	5158	0000	63
		_MacSave       		CODE           	5246	0000	55
		_SetBandWidth  		CODE           	4EC8	0000	71
		_retornaDado   		CODE           	4BCA	0000	97
		_SetDevEUI     		CODE           	509E	0000	63
		_DataRate      		CODE           	4F0E	0000	71
		_initRecebeDados		CODE           	54F8	0000	23
		_recebeByteLoRaWan		CODE           	1EAE	0000	663
		_TxLoRaWan     		CODE           	1ADE	0000	977
		_enviaComando  		CODE           	354A	0000	261
		_JoinLoRaWan   		CODE           	520C	0000	59
		_ResetModuloLoRaWan		CODE           	53F8	0000	39
		_SetAppEUI     		CODE           	511A	0000	63
		_SetSpreadingFactor		CODE           	505E	0000	65
		_SetChannelLoRaWan		CODE           	4A90	0000	109

LoRaWanCore.c estimated size: 2915

C:\Program Files (x86)\Microchip\xc8\v1.44\sources\common\ftsub.c
		___ftsub       		CODE           	4FDA	0000	67

C:\Program Files (x86)\Microchip\xc8\v1.44\sources\common\ftsub.c estimated size: 67

C:\Program Files (x86)\Microchip\xc8\v1.44\sources\common\float.c
		___ftpack      		CODE           	4016	0000	177

C:\Program Files (x86)\Microchip\xc8\v1.44\sources\common\float.c estimated size: 177

C:\Program Files (x86)\Microchip\xc8\v1.44\sources\common\strlen.c
		_strlen        		CODE           	4D42	0000	87

C:\Program Files (x86)\Microchip\xc8\v1.44\sources\common\strlen.c estimated size: 87

